[0;33m> data/1-leg-bish-knight.txt[0m
[49m ABCDEFGH
8[40m♖[47m♘[40m♗[47m♕[40m♔[47m♗[40m♘[47m♖[49m
7[47m♙[40m♙[47m♙[40m♙[47m♙[40m♙[47m♙[40m♙[49m
6[40m [47m [40m [47m [40m [47m [40m [47m [49m
5[47m [40m [47m [40m [47m [40m [47m [40m [49m
4[40m [47m [40m [47m [40m [47m [40m [47m [49m
3[47m [40m [47m [40m [47m [40m [47m [40m [49m
2[40m♟[47m♟[40m♟[47m♟[40m♟[47m♟[40m♟[47m♟[49m
1[47m♜[40m♞[47m♝[40m♛[47m♚[40m♝[47m♞[40m♜[49m
Coup (eg. a1a8) ? move: e2e4
00000000
00000000
00000000
00000000
00001000
00001000
00000000
00000000
enpassant
Move count :20
0 : 
1 : 
2 : 
3 : 
4 : 
5 : 
6 : 
7 : 
8 : 
9 : 
10 : 
11 : 
12 : 
13 : 
14 : 
15 : 
16 : 
17 : 
18 : 
19 : 
20 : 
21 : 
22 : 
23 : 
24 : 
25 : 
26 : 
27 : 
28 : 
29 : 
30 : 
31 : 
32 : 
33 : 
34 : 
35 : 
36 : 
37 : 
38 : 
39 : 
40 : 
41 : 
42 : 
43 : 
44 : 
45 : 
46 : 
47 : 
48 : 00000000
00000000
10000000
10000000
00000000
00000000
00000000
00000000

49 : 00000000
00000000
01000000
01000000
00000000
00000000
00000000
00000000

50 : 00000000
00000000
00100000
00100000
00000000
00000000
00000000
00000000

51 : 00000000
00000000
00010000
00010000
00000000
00000000
00000000
00000000

52 : 00000000
00000000
00001000
00001000
00000000
00000000
00000000
00000000

53 : 00000000
00000000
00000100
00000100
00000000
00000000
00000000
00000000

54 : 00000000
00000000
00000010
00000010
00000000
00000000
00000000
00000000

55 : 00000000
00000000
00000001
00000001
00000000
00000000
00000000
00000000

56 : 
57 : 00000000
00000000
10100000
00000000
00000000
00000000
00000000
00000000

58 : 
59 : 
60 : 
61 : 
62 : 00000000
00000000
00000101
00000000
00000000
00000000
00000000
00000000

63 : 
[49m ABCDEFGH
8[40m♖[47m♘[40m♗[47m♕[40m♔[47m♗[40m♘[47m♖[49m
7[47m♙[40m♙[47m♙[40m♙[47m♙[40m♙[47m♙[40m♙[49m
6[40m [47m [40m [47m [40m [47m [40m [47m [49m
5[47m [40m [47m [40m [47m [40m [47m [40m [49m
4[40m [47m [40m [47m [40m♟[47m [40m [47m [49m
3[47m [40m [47m [40m [47m [40m [47m [40m [49m
2[40m♟[47m♟[40m♟[47m♟[40m [47m♟[40m♟[47m♟[49m
1[47m♜[40m♞[47m♝[40m♛[47m♚[40m♝[47m♞[40m♜[49m
Coup (eg. a1a8) ? move: e7e5
00000000
00000000
00001000
00001000
00000000
00000000
00000000
00000000
enpassant
Move count :29
0 : 
1 : 00000000
00000000
00000000
00000000
00000000
10100000
00000000
00000000

2 : 
3 : 00000000
00000000
00000000
00000001
00000010
00000100
00001000
00000000

4 : 00000000
00000000
00000000
00000000
00000000
00000000
00001000
00000000

5 : 00000000
00000000
10000000
01000000
00100000
00010000
00001000
00000000

6 : 00000000
00000000
00000000
00000000
00000000
00000101
00001000
00000000

7 : 
8 : 00000000
00000000
00000000
00000000
10000000
10000000
00000000
00000000

9 : 00000000
00000000
00000000
00000000
01000000
01000000
00000000
00000000

10 : 00000000
00000000
00000000
00000000
00100000
00100000
00000000
00000000

11 : 00000000
00000000
00000000
00000000
00010000
00010000
00000000
00000000

12 : 
13 : 00000000
00000000
00000000
00000000
00000100
00000100
00000000
00000000

14 : 00000000
00000000
00000000
00000000
00000010
00000010
00000000
00000000

15 : 00000000
00000000
00000000
00000000
00000001
00000001
00000000
00000000

16 : 
17 : 
18 : 
19 : 
20 : 
21 : 
22 : 
23 : 
24 : 
25 : 
26 : 
27 : 
28 : 
29 : 
30 : 
31 : 
32 : 
33 : 
34 : 
35 : 
36 : 
37 : 
38 : 
39 : 
40 : 
41 : 
42 : 
43 : 
44 : 
45 : 
46 : 
47 : 
48 : 
49 : 
50 : 
51 : 
52 : 
53 : 
54 : 
55 : 
56 : 
57 : 
58 : 
59 : 
60 : 
61 : 
62 : 
63 : 
[49m ABCDEFGH
8[40m♖[47m♘[40m♗[47m♕[40m♔[47m♗[40m♘[47m♖[49m
7[47m♙[40m♙[47m♙[40m♙[47m [40m♙[47m♙[40m♙[49m
6[40m [47m [40m [47m [40m [47m [40m [47m [49m
5[47m [40m [47m [40m [47m♙[40m [47m [40m [49m
4[40m [47m [40m [47m [40m♟[47m [40m [47m [49m
3[47m [40m [47m [40m [47m [40m [47m [40m [49m
2[40m♟[47m♟[40m♟[47m♟[40m [47m♟[40m♟[47m♟[49m
1[47m♜[40m♞[47m♝[40m♛[47m♚[40m♝[47m♞[40m♜[49m
Coup (eg. a1a8) ? move: g1f3
00000000
00000000
00000000
00000000
00000000
00000101
00001000
00000000
Move count :29
0 : 
1 : 
2 : 
3 : 
4 : 
5 : 
6 : 
7 : 
8 : 
9 : 
10 : 
11 : 
12 : 
13 : 
14 : 
15 : 
16 : 
17 : 
18 : 
19 : 
20 : 
21 : 
22 : 
23 : 
24 : 
25 : 
26 : 
27 : 
28 : 
29 : 
30 : 
31 : 
32 : 
33 : 
34 : 
35 : 
36 : 
37 : 
38 : 
39 : 
40 : 
41 : 
42 : 
43 : 
44 : 
45 : 
46 : 
47 : 
48 : 00000000
00000000
10000000
10000000
00000000
00000000
00000000
00000000

49 : 00000000
00000000
01000000
01000000
00000000
00000000
00000000
00000000

50 : 00000000
00000000
00100000
00100000
00000000
00000000
00000000
00000000

51 : 00000000
00000000
00010000
00010000
00000000
00000000
00000000
00000000

52 : 
53 : 00000000
00000000
00000100
00000100
00000000
00000000
00000000
00000000

54 : 00000000
00000000
00000010
00000010
00000000
00000000
00000000
00000000

55 : 00000000
00000000
00000001
00000001
00000000
00000000
00000000
00000000

56 : 
57 : 00000000
00000000
10100000
00000000
00000000
00000000
00000000
00000000

58 : 
59 : 00000000
00001000
00000100
00000010
00000001
00000000
00000000
00000000

60 : 00000000
00001000
00000000
00000000
00000000
00000000
00000000
00000000

61 : 00000000
00001000
00010000
00100000
01000000
10000000
00000000
00000000

62 : 00000000
00001000
00000101
00000000
00000000
00000000
00000000
00000000

63 : 
[49m ABCDEFGH
8[40m♖[47m♘[40m♗[47m♕[40m♔[47m♗[40m♘[47m♖[49m
7[47m♙[40m♙[47m♙[40m♙[47m [40m♙[47m♙[40m♙[49m
6[40m [47m [40m [47m [40m [47m [40m [47m [49m
5[47m [40m [47m [40m [47m♙[40m [47m [40m [49m
4[40m [47m [40m [47m [40m♟[47m [40m [47m [49m
3[47m [40m [47m [40m [47m [40m♞[47m [40m [49m
2[40m♟[47m♟[40m♟[47m♟[40m [47m♟[40m♟[47m♟[49m
1[47m♜[40m♞[47m♝[40m♛[47m♚[40m♝[47m [40m♜[49m
Coup (eg. a1a8) ? move: b8c6
00000000
00000000
10100000
00000000
00000000
00000000
00000000
00000000
Move count :28
0 : 
1 : 00000000
00000000
00000000
00000000
00000000
10100000
00000000
00000000

2 : 
3 : 00000000
00000000
00000000
00000000
00000000
00000000
00001000
00000000

4 : 00000000
00000000
00000000
00000000
00000000
00000000
00001000
00000000

5 : 00000000
00000000
10000000
01000000
00100000
00010000
00001000
00000000

6 : 
7 : 00000000
00000000
00000000
00000000
00000000
00000000
00000000
00000010

8 : 00000000
00000000
00000000
00000000
10000000
10000000
00000000
00000000

9 : 00000000
00000000
00000000
00000000
01000000
01000000
00000000
00000000

10 : 00000000
00000000
00000000
00000000
00100000
00100000
00000000
00000000

11 : 00000000
00000000
00000000
00000000
00010000
00010000
00000000
00000000

12 : 
13 : 00000000
00000000
00000000
00000000
00000100
00000000
00000000
00000000

14 : 00000000
00000000
00000000
00000000
00000010
00000010
00000000
00000000

15 : 00000000
00000000
00000000
00000000
00000001
00000001
00000000
00000000

16 : 
17 : 
18 : 
19 : 
20 : 
21 : 00000000
00000000
00000000
00001010
00010001
00000000
00000000
00000010

22 : 
23 : 
24 : 
25 : 
26 : 
27 : 
28 : 
29 : 
30 : 
31 : 
32 : 
33 : 
34 : 
35 : 
36 : 
37 : 
38 : 
39 : 
40 : 
41 : 
42 : 
43 : 
44 : 
45 : 
46 : 
47 : 
48 : 
49 : 
50 : 
51 : 
52 : 
53 : 
54 : 
55 : 
56 : 
57 : 
58 : 
59 : 
60 : 
61 : 
62 : 
63 : 
[49m ABCDEFGH
8[40m♖[47m [40m♗[47m♕[40m♔[47m♗[40m♘[47m♖[49m
7[47m♙[40m♙[47m♙[40m♙[47m [40m♙[47m♙[40m♙[49m
6[40m [47m [40m♘[47m [40m [47m [40m [47m [49m
5[47m [40m [47m [40m [47m♙[40m [47m [40m [49m
4[40m [47m [40m [47m [40m♟[47m [40m [47m [49m
3[47m [40m [47m [40m [47m [40m♞[47m [40m [49m
2[40m♟[47m♟[40m♟[47m♟[40m [47m♟[40m♟[47m♟[49m
1[47m♜[40m♞[47m♝[40m♛[47m♚[40m♝[47m [40m♜[49m
Coup (eg. a1a8) ? move: d2d3
00000000
00000000
00000000
00000000
00010000
00010000
00000000
00000000
Move count :32
0 : 
1 : 
2 : 
3 : 
4 : 
5 : 
6 : 
7 : 
8 : 
9 : 
10 : 
11 : 
12 : 
13 : 
14 : 
15 : 
16 : 
17 : 
18 : 
19 : 
20 : 
21 : 
22 : 
23 : 
24 : 
25 : 
26 : 
27 : 
28 : 
29 : 
30 : 
31 : 
32 : 
33 : 
34 : 
35 : 
36 : 
37 : 
38 : 
39 : 
40 : 
41 : 
42 : 01000000
00001000
00000000
10000000
01010000
00000000
00000000
00000000

43 : 
44 : 
45 : 
46 : 
47 : 
48 : 00000000
00000000
10000000
10000000
00000000
00000000
00000000
00000000

49 : 00000000
00000000
01000000
01000000
00000000
00000000
00000000
00000000

50 : 00000000
00000000
00000000
00100000
00000000
00000000
00000000
00000000

51 : 00000000
00000000
00010000
00010000
00000000
00000000
00000000
00000000

52 : 
53 : 00000000
00000000
00000100
00000100
00000000
00000000
00000000
00000000

54 : 00000000
00000000
00000010
00000010
00000000
00000000
00000000
00000000

55 : 00000000
00000000
00000001
00000001
00000000
00000000
00000000
00000000

56 : 01000000
00000000
00000000
00000000
00000000
00000000
00000000
00000000

57 : 
58 : 
59 : 00000000
00001000
00000100
00000010
00000001
00000000
00000000
00000000

60 : 00000000
00001000
00000000
00000000
00000000
00000000
00000000
00000000

61 : 00000000
00001000
00010000
00100000
01000000
10000000
00000000
00000000

62 : 00000000
00001000
00000101
00000000
00000000
00000000
00000000
00000000

63 : 
[49m ABCDEFGH
8[40m♖[47m [40m♗[47m♕[40m♔[47m♗[40m♘[47m♖[49m
7[47m♙[40m♙[47m♙[40m♙[47m [40m♙[47m♙[40m♙[49m
6[40m [47m [40m♘[47m [40m [47m [40m [47m [49m
5[47m [40m [47m [40m [47m♙[40m [47m [40m [49m
4[40m [47m [40m [47m [40m♟[47m [40m [47m [49m
3[47m [40m [47m [40m♟[47m [40m♞[47m [40m [49m
2[40m♟[47m♟[40m♟[47m [40m [47m♟[40m♟[47m♟[49m
1[47m♜[40m♞[47m♝[40m♛[47m♚[40m♝[47m [40m♜[49m
Coup (eg. a1a8) ? move: g8f6
00000000
00001000
00000101
00000000
00000000
00000000
00000000
00000000
Move count :32
0 : 
1 : 00000000
00000000
00000000
00000000
00000000
10100000
00010000
00000000

2 : 00000000
00000000
00000001
00000010
00000100
00001000
00010000
00000000

3 : 00000000
00000000
00000000
00000000
00000000
00000000
00011000
00000000

4 : 00000000
00000000
00000000
00000000
00000000
00000000
00011000
00000000

5 : 00000000
00000000
00000000
00000000
00000000
00000000
00001000
00000000

6 : 
7 : 00000000
00000000
00000000
00000000
00000000
00000000
00000000
00000010

8 : 00000000
00000000
00000000
00000000
10000000
10000000
00000000
00000000

9 : 00000000
00000000
00000000
00000000
01000000
01000000
00000000
00000000

10 : 00000000
00000000
00000000
00000000
00100000
00100000
00000000
00000000

11 : 
12 : 
13 : 00000000
00000000
00000000
00000000
00000100
00000000
00000000
00000000

14 : 00000000
00000000
00000000
00000000
00000010
00000010
00000000
00000000

15 : 00000000
00000000
00000000
00000000
00000001
00000001
00000000
00000000

16 : 
17 : 
18 : 
19 : 00000000
00000000
00000000
00000000
00010000
00000000
00000000
00000000

20 : 
21 : 00000000
00000000
00000000
00001010
00010001
00000000
00010000
00000010

22 : 
23 : 
24 : 
25 : 
26 : 
27 : 
28 : 
29 : 
30 : 
31 : 
32 : 
33 : 
34 : 
35 : 
36 : 
37 : 
38 : 
39 : 
40 : 
41 : 
42 : 
43 : 
44 : 
45 : 
46 : 
47 : 
48 : 
49 : 
50 : 
51 : 
52 : 
53 : 
54 : 
55 : 
56 : 
57 : 
58 : 
59 : 
60 : 
61 : 
62 : 
63 : 
[49m ABCDEFGH
8[40m♖[47m [40m♗[47m♕[40m♔[47m♗[40m [47m♖[49m
7[47m♙[40m♙[47m♙[40m♙[47m [40m♙[47m♙[40m♙[49m
6[40m [47m [40m♘[47m [40m [47m♘[40m [47m [49m
5[47m [40m [47m [40m [47m♙[40m [47m [40m [49m
4[40m [47m [40m [47m [40m♟[47m [40m [47m [49m
3[47m [40m [47m [40m♟[47m [40m♞[47m [40m [49m
2[40m♟[47m♟[40m♟[47m [40m [47m♟[40m♟[47m♟[49m
1[47m♜[40m♞[47m♝[40m♛[47m♚[40m♝[47m [40m♜[49m
Coup (eg. a1a8) ? move: c1g5
00000000
00000000
00000001
00000010
00000100
00001000
00010000
00000000
Move count :30
0 : 
1 : 
2 : 
3 : 
4 : 
5 : 
6 : 
7 : 
8 : 
9 : 
10 : 
11 : 
12 : 
13 : 
14 : 
15 : 
16 : 
17 : 
18 : 
19 : 
20 : 
21 : 
22 : 
23 : 
24 : 
25 : 
26 : 
27 : 
28 : 
29 : 
30 : 
31 : 
32 : 
33 : 
34 : 
35 : 
36 : 
37 : 
38 : 
39 : 
40 : 
41 : 
42 : 01000000
00001000
00000000
10000000
01010000
00000000
00000000
00000000

43 : 
44 : 
45 : 00000010
00000000
00000000
00010001
00001010
00000000
00000000
00000000

46 : 
47 : 
48 : 00000000
00000000
10000000
10000000
00000000
00000000
00000000
00000000

49 : 00000000
00000000
01000000
01000000
00000000
00000000
00000000
00000000

50 : 00000000
00000000
00000000
00100000
00000000
00000000
00000000
00000000

51 : 00000000
00000000
00010000
00010000
00000000
00000000
00000000
00000000

52 : 
53 : 00000000
00000000
00000000
00000100
00000000
00000000
00000000
00000000

54 : 00000000
00000000
00000010
00000000
00000000
00000000
00000000
00000000

55 : 00000000
00000000
00000001
00000001
00000000
00000000
00000000
00000000

56 : 01000000
00000000
00000000
00000000
00000000
00000000
00000000
00000000

57 : 
58 : 
59 : 00000000
00001000
00000000
00000000
00000000
00000000
00000000
00000000

60 : 00000000
00001000
00000000
00000000
00000000
00000000
00000000
00000000

61 : 00000000
00001000
00010000
00100000
01000000
10000000
00000000
00000000

62 : 
63 : 00000010
00000000
00000000
00000000
00000000
00000000
00000000
00000000

[49m ABCDEFGH
8[40m♖[47m [40m♗[47m♕[40m♔[47m♗[40m [47m♖[49m
7[47m♙[40m♙[47m♙[40m♙[47m [40m♙[47m♙[40m♙[49m
6[40m [47m [40m♘[47m [40m [47m♘[40m [47m [49m
5[47m [40m [47m [40m [47m♙[40m [47m♝[40m [49m
4[40m [47m [40m [47m [40m♟[47m [40m [47m [49m
3[47m [40m [47m [40m♟[47m [40m♞[47m [40m [49m
2[40m♟[47m♟[40m♟[47m [40m [47m♟[40m♟[47m♟[49m
1[47m♜[40m♞[47m [40m♛[47m♚[40m♝[47m [40m♜[49m
Coup (eg. a1a8) ? move: f8e7
00000000
00001000
00010000
00100000
01000000
10000000
00000000
00000000
Move count :34
0 : 
1 : 00000000
00000000
00000000
00000000
00000000
10100000
00010000
00000000

2 : 
3 : 00000000
00000000
00000000
00000000
00000000
00000000
00011000
00100000

4 : 00000000
00000000
00000000
00000000
00000000
00000000
00011000
00000000

5 : 00000000
00000000
00000000
00000000
00000000
00000000
00001000
00000000

6 : 
7 : 00000000
00000000
00000000
00000000
00000000
00000000
00000000
00000010

8 : 00000000
00000000
00000000
00000000
10000000
10000000
00000000
00000000

9 : 00000000
00000000
00000000
00000000
01000000
01000000
00000000
00000000

10 : 00000000
00000000
00000000
00000000
00100000
00100000
00000000
00000000

11 : 
12 : 
13 : 00000000
00000000
00000000
00000000
00000100
00000000
00000000
00000000

14 : 00000000
00000000
00000000
00000000
00000010
00000010
00000000
00000000

15 : 00000000
00000000
00000000
00000000
00000001
00000001
00000000
00000000

16 : 
17 : 
18 : 
19 : 00000000
00000000
00000000
00000000
00010000
00000000
00000000
00000000

20 : 
21 : 00000000
00000000
00000000
00001000
00010001
00000000
00010000
00000010

22 : 
23 : 
24 : 
25 : 
26 : 
27 : 
28 : 
29 : 
30 : 
31 : 
32 : 
33 : 
34 : 
35 : 
36 : 
37 : 
38 : 00000000
00000000
00000101
00000000
00000101
00001000
00010000
00100000

39 : 
40 : 
41 : 
42 : 
43 : 
44 : 
45 : 
46 : 
47 : 
48 : 
49 : 
50 : 
51 : 
52 : 
53 : 
54 : 
55 : 
56 : 
57 : 
58 : 
59 : 
60 : 
61 : 
62 : 
63 : 
[49m ABCDEFGH
8[40m♖[47m [40m♗[47m♕[40m♔[47m [40m [47m♖[49m
7[47m♙[40m♙[47m♙[40m♙[47m♗[40m♙[47m♙[40m♙[49m
6[40m [47m [40m♘[47m [40m [47m♘[40m [47m [49m
5[47m [40m [47m [40m [47m♙[40m [47m♝[40m [49m
4[40m [47m [40m [47m [40m♟[47m [40m [47m [49m
3[47m [40m [47m [40m♟[47m [40m♞[47m [40m [49m
2[40m♟[47m♟[40m♟[47m [40m [47m♟[40m♟[47m♟[49m
1[47m♜[40m♞[47m [40m♛[47m♚[40m♝[47m [40m♜[49m
Coup (eg. a1a8) ? 
wR,wN,,wQ,wK,wB,,wR,wP,wP,wP,,,wP,wP,wP,,,,wP,,wN,,,,,,,wP,,,,,,,,bP,,wB,,,,bN,,,bN,,,bP,bP,bP,bP,bB,bP,bP,bP,bR,,bB,bQ,bK,,,bR, ?-?
  -> [0;32mreference position: OK[0m
  -> [0;32mreference result: OK[0m
  -> [0m(exit code=0)
[0;33m> data/1-leg-bishop-1.txt[0m
[49m ABCDEFGH
8[40m♖[47m♘[40m♗[47m♕[40m♔[47m♗[40m♘[47m♖[49m
7[47m♙[40m♙[47m♙[40m♙[47m♙[40m♙[47m♙[40m♙[49m
6[40m [47m [40m [47m [40m [47m [40m [47m [49m
5[47m [40m [47m [40m [47m [40m [47m [40m [49m
4[40m [47m [40m [47m [40m [47m [40m [47m [49m
3[47m [40m [47m [40m [47m [40m [47m [40m [49m
2[40m♟[47m♟[40m♟[47m♟[40m♟[47m♟[40m♟[47m♟[49m
1[47m♜[40m♞[47m♝[40m♛[47m♚[40m♝[47m♞[40m♜[49m
Coup (eg. a1a8) ? move: d2d4
00000000
00000000
00000000
00000000
00010000
00010000
00000000
00000000
enpassant
Move count :20
0 : 
1 : 
2 : 
3 : 
4 : 
5 : 
6 : 
7 : 
8 : 
9 : 
10 : 
11 : 
12 : 
13 : 
14 : 
15 : 
16 : 
17 : 
18 : 
19 : 
20 : 
21 : 
22 : 
23 : 
24 : 
25 : 
26 : 
27 : 
28 : 
29 : 
30 : 
31 : 
32 : 
33 : 
34 : 
35 : 
36 : 
37 : 
38 : 
39 : 
40 : 
41 : 
42 : 
43 : 
44 : 
45 : 
46 : 
47 : 
48 : 00000000
00000000
10000000
10000000
00000000
00000000
00000000
00000000

49 : 00000000
00000000
01000000
01000000
00000000
00000000
00000000
00000000

50 : 00000000
00000000
00100000
00100000
00000000
00000000
00000000
00000000

51 : 00000000
00000000
00010000
00010000
00000000
00000000
00000000
00000000

52 : 00000000
00000000
00001000
00001000
00000000
00000000
00000000
00000000

53 : 00000000
00000000
00000100
00000100
00000000
00000000
00000000
00000000

54 : 00000000
00000000
00000010
00000010
00000000
00000000
00000000
00000000

55 : 00000000
00000000
00000001
00000001
00000000
00000000
00000000
00000000

56 : 
57 : 00000000
00000000
10100000
00000000
00000000
00000000
00000000
00000000

58 : 
59 : 
60 : 
61 : 
62 : 00000000
00000000
00000101
00000000
00000000
00000000
00000000
00000000

63 : 
[49m ABCDEFGH
8[40m♖[47m♘[40m♗[47m♕[40m♔[47m♗[40m♘[47m♖[49m
7[47m♙[40m♙[47m♙[40m♙[47m♙[40m♙[47m♙[40m♙[49m
6[40m [47m [40m [47m [40m [47m [40m [47m [49m
5[47m [40m [47m [40m [47m [40m [47m [40m [49m
4[40m [47m [40m [47m♟[40m [47m [40m [47m [49m
3[47m [40m [47m [40m [47m [40m [47m [40m [49m
2[40m♟[47m♟[40m♟[47m [40m♟[47m♟[40m♟[47m♟[49m
1[47m♜[40m♞[47m♝[40m♛[47m♚[40m♝[47m♞[40m♜[49m
Coup (eg. a1a8) ? move: d7d5
00000000
00000000
00010000
00010000
00000000
00000000
00000000
00000000
enpassant
Move count :27
0 : 
1 : 00000000
00000000
00000000
00000000
00000000
10100000
00010000
00000000

2 : 00000000
00000000
00000001
00000010
00000100
00001000
00010000
00000000

3 : 00000000
00000000
00000000
00000000
00000000
00010000
00010000
00000000

4 : 00000000
00000000
00000000
00000000
00000000
00000000
00010000
00000000

5 : 
6 : 00000000
00000000
00000000
00000000
00000000
00000101
00000000
00000000

7 : 
8 : 00000000
00000000
00000000
00000000
10000000
10000000
00000000
00000000

9 : 00000000
00000000
00000000
00000000
01000000
01000000
00000000
00000000

10 : 00000000
00000000
00000000
00000000
00100000
00100000
00000000
00000000

11 : 
12 : 00000000
00000000
00000000
00000000
00001000
00001000
00000000
00000000

13 : 00000000
00000000
00000000
00000000
00000100
00000100
00000000
00000000

14 : 00000000
00000000
00000000
00000000
00000010
00000010
00000000
00000000

15 : 00000000
00000000
00000000
00000000
00000001
00000001
00000000
00000000

16 : 
17 : 
18 : 
19 : 
20 : 
21 : 
22 : 
23 : 
24 : 
25 : 
26 : 
27 : 
28 : 
29 : 
30 : 
31 : 
32 : 
33 : 
34 : 
35 : 
36 : 
37 : 
38 : 
39 : 
40 : 
41 : 
42 : 
43 : 
44 : 
45 : 
46 : 
47 : 
48 : 
49 : 
50 : 
51 : 
52 : 
53 : 
54 : 
55 : 
56 : 
57 : 
58 : 
59 : 
60 : 
61 : 
62 : 
63 : 
[49m ABCDEFGH
8[40m♖[47m♘[40m♗[47m♕[40m♔[47m♗[40m♘[47m♖[49m
7[47m♙[40m♙[47m♙[40m [47m♙[40m♙[47m♙[40m♙[49m
6[40m [47m [40m [47m [40m [47m [40m [47m [49m
5[47m [40m [47m [40m♙[47m [40m [47m [40m [49m
4[40m [47m [40m [47m♟[40m [47m [40m [47m [49m
3[47m [40m [47m [40m [47m [40m [47m [40m [49m
2[40m♟[47m♟[40m♟[47m [40m♟[47m♟[40m♟[47m♟[49m
1[47m♜[40m♞[47m♝[40m♛[47m♚[40m♝[47m♞[40m♜[49m
Coup (eg. a1a8) ? move: c1g5
00000000
00000000
00000001
00000010
00000100
00001000
00010000
00000000
Move count :26
0 : 
1 : 
2 : 
3 : 
4 : 
5 : 
6 : 
7 : 
8 : 
9 : 
10 : 
11 : 
12 : 
13 : 
14 : 
15 : 
16 : 
17 : 
18 : 
19 : 
20 : 
21 : 
22 : 
23 : 
24 : 
25 : 
26 : 
27 : 
28 : 
29 : 
30 : 
31 : 
32 : 
33 : 
34 : 
35 : 
36 : 
37 : 
38 : 
39 : 
40 : 
41 : 
42 : 
43 : 
44 : 
45 : 
46 : 
47 : 
48 : 00000000
00000000
10000000
10000000
00000000
00000000
00000000
00000000

49 : 00000000
00000000
01000000
01000000
00000000
00000000
00000000
00000000

50 : 00000000
00000000
00100000
00100000
00000000
00000000
00000000
00000000

51 : 
52 : 00000000
00000000
00001000
00001000
00000000
00000000
00000000
00000000

53 : 00000000
00000000
00000100
00000100
00000000
00000000
00000000
00000000

54 : 00000000
00000000
00000010
00000000
00000000
00000000
00000000
00000000

55 : 00000000
00000000
00000001
00000001
00000000
00000000
00000000
00000000

56 : 
57 : 00000000
00010000
10100000
00000000
00000000
00000000
00000000
00000000

58 : 00000000
00010000
00001000
00000100
00000010
00000001
00000000
00000000

59 : 00000000
00010000
00010000
00000000
00000000
00000000
00000000
00000000

60 : 00000000
00010000
00000000
00000000
00000000
00000000
00000000
00000000

61 : 
62 : 00000000
00000000
00000101
00000000
00000000
00000000
00000000
00000000

63 : 
[49m ABCDEFGH
8[40m♖[47m♘[40m♗[47m♕[40m♔[47m♗[40m♘[47m♖[49m
7[47m♙[40m♙[47m♙[40m [47m♙[40m♙[47m♙[40m♙[49m
6[40m [47m [40m [47m [40m [47m [40m [47m [49m
5[47m [40m [47m [40m♙[47m [40m [47m♝[40m [49m
4[40m [47m [40m [47m♟[40m [47m [40m [47m [49m
3[47m [40m [47m [40m [47m [40m [47m [40m [49m
2[40m♟[47m♟[40m♟[47m [40m♟[47m♟[40m♟[47m♟[49m
1[47m♜[40m♞[47m [40m♛[47m♚[40m♝[47m♞[40m♜[49m
Coup (eg. a1a8) ? move: g8f6
00000000
00000000
00000101
00000000
00000000
00000000
00000000
00000000
Move count :30
0 : 
1 : 00000000
00000000
00000000
00000000
00000000
10100000
00010000
00000000

2 : 
3 : 00000000
00000000
00000000
00000000
00000000
00010000
00010000
00100000

4 : 00000000
00000000
00000000
00000000
00000000
00000000
00010000
00000000

5 : 
6 : 00000000
00000000
00000000
00000000
00000000
00000101
00000000
00000000

7 : 
8 : 00000000
00000000
00000000
00000000
10000000
10000000
00000000
00000000

9 : 00000000
00000000
00000000
00000000
01000000
01000000
00000000
00000000

10 : 00000000
00000000
00000000
00000000
00100000
00100000
00000000
00000000

11 : 
12 : 00000000
00000000
00000000
00000000
00001000
00001000
00000000
00000000

13 : 00000000
00000000
00000000
00000000
00000100
00000100
00000000
00000000

14 : 00000000
00000000
00000000
00000000
00000010
00000010
00000000
00000000

15 : 00000000
00000000
00000000
00000000
00000001
00000001
00000000
00000000

16 : 
17 : 
18 : 
19 : 
20 : 
21 : 
22 : 
23 : 
24 : 
25 : 
26 : 
27 : 
28 : 
29 : 
30 : 
31 : 
32 : 
33 : 
34 : 
35 : 
36 : 
37 : 
38 : 00000000
00000000
00000101
00000000
00000101
00001000
00010000
00100000

39 : 
40 : 
41 : 
42 : 
43 : 
44 : 
45 : 
46 : 
47 : 
48 : 
49 : 
50 : 
51 : 
52 : 
53 : 
54 : 
55 : 
56 : 
57 : 
58 : 
59 : 
60 : 
61 : 
62 : 
63 : 
[49m ABCDEFGH
8[40m♖[47m♘[40m♗[47m♕[40m♔[47m♗[40m [47m♖[49m
7[47m♙[40m♙[47m♙[40m [47m♙[40m♙[47m♙[40m♙[49m
6[40m [47m [40m [47m [40m [47m♘[40m [47m [49m
5[47m [40m [47m [40m♙[47m [40m [47m♝[40m [49m
4[40m [47m [40m [47m♟[40m [47m [40m [47m [49m
3[47m [40m [47m [40m [47m [40m [47m [40m [49m
2[40m♟[47m♟[40m♟[47m [40m♟[47m♟[40m♟[47m♟[49m
1[47m♜[40m♞[47m [40m♛[47m♚[40m♝[47m♞[40m♜[49m
Coup (eg. a1a8) ? move: g5f6
00000000
00000000
00000101
00000000
00000101
00001000
00010000
00100000
Move count :27
0 : 
1 : 
2 : 
3 : 
4 : 
5 : 
6 : 
7 : 
8 : 
9 : 
10 : 
11 : 
12 : 
13 : 
14 : 
15 : 
16 : 
17 : 
18 : 
19 : 
20 : 
21 : 
22 : 
23 : 
24 : 
25 : 
26 : 
27 : 
28 : 
29 : 
30 : 
31 : 
32 : 
33 : 
34 : 
35 : 
36 : 
37 : 
38 : 
39 : 
40 : 
41 : 
42 : 
43 : 
44 : 
45 : 
46 : 
47 : 
48 : 00000000
00000000
10000000
10000000
00000000
00000000
00000000
00000000

49 : 00000000
00000000
01000000
01000000
00000000
00000000
00000000
00000000

50 : 00000000
00000000
00100000
00100000
00000000
00000000
00000000
00000000

51 : 
52 : 00000000
00000000
00001100
00001000
00000000
00000000
00000000
00000000

53 : 00000000
00000000
00000000
00000100
00000000
00000000
00000000
00000000

54 : 00000000
00000000
00000110
00000010
00000000
00000000
00000000
00000000

55 : 00000000
00000000
00000001
00000001
00000000
00000000
00000000
00000000

56 : 
57 : 00000000
00010000
10100000
00000000
00000000
00000000
00000000
00000000

58 : 00000000
00010000
00001000
00000100
00000010
00000001
00000000
00000000

59 : 00000000
00010000
00010000
00000000
00000000
00000000
00000000
00000000

60 : 00000000
00010000
00000000
00000000
00000000
00000000
00000000
00000000

61 : 
62 : 
63 : 00000010
00000000
00000000
00000000
00000000
00000000
00000000
00000000

[49m ABCDEFGH
8[40m♖[47m♘[40m♗[47m♕[40m♔[47m♗[40m [47m♖[49m
7[47m♙[40m♙[47m♙[40m [47m♙[40m♙[47m♙[40m♙[49m
6[40m [47m [40m [47m [40m [47m♝[40m [47m [49m
5[47m [40m [47m [40m♙[47m [40m [47m [40m [49m
4[40m [47m [40m [47m♟[40m [47m [40m [47m [49m
3[47m [40m [47m [40m [47m [40m [47m [40m [49m
2[40m♟[47m♟[40m♟[47m [40m♟[47m♟[40m♟[47m♟[49m
1[47m♜[40m♞[47m [40m♛[47m♚[40m♝[47m♞[40m♜[49m
Coup (eg. a1a8) ? move: g7f6
00000000
00000000
00000110
00000010
00000000
00000000
00000000
00000000
Move count :23
0 : 
1 : 00000000
00000000
00000000
00000000
00000000
10100000
00010000
00000000

2 : 
3 : 00000000
00000000
00000000
00000000
00000000
00010000
00010000
00100000

4 : 00000000
00000000
00000000
00000000
00000000
00000000
00010000
00000000

5 : 
6 : 00000000
00000000
00000000
00000000
00000000
00000101
00000000
00000000

7 : 
8 : 00000000
00000000
00000000
00000000
10000000
10000000
00000000
00000000

9 : 00000000
00000000
00000000
00000000
01000000
01000000
00000000
00000000

10 : 00000000
00000000
00000000
00000000
00100000
00100000
00000000
00000000

11 : 
12 : 00000000
00000000
00000000
00000000
00001000
00001000
00000000
00000000

13 : 00000000
00000000
00000000
00000000
00000100
00000100
00000000
00000000

14 : 00000000
00000000
00000000
00000000
00000010
00000010
00000000
00000000

15 : 00000000
00000000
00000000
00000000
00000001
00000001
00000000
00000000

16 : 
17 : 
18 : 
19 : 
20 : 
21 : 
22 : 
23 : 
24 : 
25 : 
26 : 
27 : 
28 : 
29 : 
30 : 
31 : 
32 : 
33 : 
34 : 
35 : 
36 : 
37 : 
38 : 
39 : 
40 : 
41 : 
42 : 
43 : 
44 : 
45 : 
46 : 
47 : 
48 : 
49 : 
50 : 
51 : 
52 : 
53 : 
54 : 
55 : 
56 : 
57 : 
58 : 
59 : 
60 : 
61 : 
62 : 
63 : 
[49m ABCDEFGH
8[40m♖[47m♘[40m♗[47m♕[40m♔[47m♗[40m [47m♖[49m
7[47m♙[40m♙[47m♙[40m [47m♙[40m♙[47m [40m♙[49m
6[40m [47m [40m [47m [40m [47m♙[40m [47m [49m
5[47m [40m [47m [40m♙[47m [40m [47m [40m [49m
4[40m [47m [40m [47m♟[40m [47m [40m [47m [49m
3[47m [40m [47m [40m [47m [40m [47m [40m [49m
2[40m♟[47m♟[40m♟[47m [40m♟[47m♟[40m♟[47m♟[49m
1[47m♜[40m♞[47m [40m♛[47m♚[40m♝[47m♞[40m♜[49m
Coup (eg. a1a8) ? move: e2e3
00000000
00000000
00000000
00000000
00001000
00001000
00000000
00000000
Move count :26
0 : 
1 : 
2 : 
3 : 
4 : 
5 : 
6 : 
7 : 
8 : 
9 : 
10 : 
11 : 
12 : 
13 : 
14 : 
15 : 
16 : 
17 : 
18 : 
19 : 
20 : 
21 : 
22 : 
23 : 
24 : 
25 : 
26 : 
27 : 
28 : 
29 : 
30 : 
31 : 
32 : 
33 : 
34 : 
35 : 
36 : 
37 : 
38 : 
39 : 
40 : 
41 : 
42 : 
43 : 
44 : 
45 : 00000000
00000000
00000000
00000100
00000000
00000000
00000000
00000000

46 : 
47 : 
48 : 00000000
00000000
10000000
10000000
00000000
00000000
00000000
00000000

49 : 00000000
00000000
01000000
01000000
00000000
00000000
00000000
00000000

50 : 00000000
00000000
00100000
00100000
00000000
00000000
00000000
00000000

51 : 
52 : 00000000
00000000
00001000
00001000
00000000
00000000
00000000
00000000

53 : 00000000
00000000
00000000
00000100
00000000
00000000
00000000
00000000

54 : 
55 : 00000000
00000000
00000001
00000001
00000000
00000000
00000000
00000000

56 : 
57 : 00000000
00010000
10100000
00000000
00000000
00000000
00000000
00000000

58 : 00000000
00010000
00001000
00000100
00000010
00000001
00000000
00000000

59 : 00000000
00010000
00010000
00000000
00000000
00000000
00000000
00000000

60 : 00000000
00010000
00000000
00000000
00000000
00000000
00000000
00000000

61 : 00000000
00000010
00000001
00000000
00000000
00000000
00000000
00000000

62 : 
63 : 00000010
00000000
00000000
00000000
00000000
00000000
00000000
00000000

[49m ABCDEFGH
8[40m♖[47m♘[40m♗[47m♕[40m♔[47m♗[40m [47m♖[49m
7[47m♙[40m♙[47m♙[40m [47m♙[40m♙[47m [40m♙[49m
6[40m [47m [40m [47m [40m [47m♙[40m [47m [49m
5[47m [40m [47m [40m♙[47m [40m [47m [40m [49m
4[40m [47m [40m [47m♟[40m [47m [40m [47m [49m
3[47m [40m [47m [40m [47m♟[40m [47m [40m [49m
2[40m♟[47m♟[40m♟[47m [40m [47m♟[40m♟[47m♟[49m
1[47m♜[40m♞[47m [40m♛[47m♚[40m♝[47m♞[40m♜[49m
Coup (eg. a1a8) ? move: f8h6
00000000
00000010
00000001
00000000
00000000
00000000
00000000
00000000
Move count :33
0 : 
1 : 00000000
00000000
00000000
00000000
00000000
10100000
00010000
00000000

2 : 
3 : 00000000
00000000
00000000
00000001
00000010
00010100
00011000
00100000

4 : 00000000
00000000
00000000
00000000
00000000
00000000
00011000
00000000

5 : 00000000
00000000
10000000
01000000
00100000
00010000
00001000
00000000

6 : 00000000
00000000
00000000
00000000
00000000
00000101
00001000
00000000

7 : 
8 : 00000000
00000000
00000000
00000000
10000000
10000000
00000000
00000000

9 : 00000000
00000000
00000000
00000000
01000000
01000000
00000000
00000000

10 : 00000000
00000000
00000000
00000000
00100000
00100000
00000000
00000000

11 : 
12 : 
13 : 00000000
00000000
00000000
00000000
00000100
00000100
00000000
00000000

14 : 00000000
00000000
00000000
00000000
00000010
00000010
00000000
00000000

15 : 00000000
00000000
00000000
00000000
00000001
00000001
00000000
00000000

16 : 
17 : 
18 : 
19 : 
20 : 00000000
00000000
00000000
00000000
00001000
00000000
00000000
00000000

21 : 
22 : 
23 : 
24 : 
25 : 
26 : 
27 : 
28 : 
29 : 
30 : 
31 : 
32 : 
33 : 
34 : 
35 : 
36 : 
37 : 
38 : 
39 : 
40 : 
41 : 
42 : 
43 : 
44 : 
45 : 
46 : 
47 : 
48 : 
49 : 
50 : 
51 : 
52 : 
53 : 
54 : 
55 : 
56 : 
57 : 
58 : 
59 : 
60 : 
61 : 
62 : 
63 : 
[49m ABCDEFGH
8[40m♖[47m♘[40m♗[47m♕[40m♔[47m [40m [47m♖[49m
7[47m♙[40m♙[47m♙[40m [47m♙[40m♙[47m [40m♙[49m
6[40m [47m [40m [47m [40m [47m♙[40m [47m♗[49m
5[47m [40m [47m [40m♙[47m [40m [47m [40m [49m
4[40m [47m [40m [47m♟[40m [47m [40m [47m [49m
3[47m [40m [47m [40m [47m♟[40m [47m [40m [49m
2[40m♟[47m♟[40m♟[47m [40m [47m♟[40m♟[47m♟[49m
1[47m♜[40m♞[47m [40m♛[47m♚[40m♝[47m♞[40m♜[49m
Coup (eg. a1a8) ? move: f1e2
00000000
00000000
10000000
01000000
00100000
00010000
00001000
00000000
Move count :31
0 : 
1 : 
2 : 
3 : 
4 : 
5 : 
6 : 
7 : 
8 : 
9 : 
10 : 
11 : 
12 : 
13 : 
14 : 
15 : 
16 : 
17 : 
18 : 
19 : 
20 : 
21 : 
22 : 
23 : 
24 : 
25 : 
26 : 
27 : 
28 : 
29 : 
30 : 
31 : 
32 : 
33 : 
34 : 
35 : 
36 : 
37 : 
38 : 
39 : 
40 : 
41 : 
42 : 
43 : 
44 : 
45 : 00000000
00000000
00000000
00000100
00000000
00000000
00000000
00000000

46 : 
47 : 00000100
00000010
00000000
00000010
00000100
00001000
00000000
00000000

48 : 00000000
00000000
10000000
10000000
00000000
00000000
00000000
00000000

49 : 00000000
00000000
01000000
01000000
00000000
00000000
00000000
00000000

50 : 00000000
00000000
00100000
00100000
00000000
00000000
00000000
00000000

51 : 
52 : 00000000
00000000
00001000
00001000
00000000
00000000
00000000
00000000

53 : 00000000
00000000
00000000
00000100
00000000
00000000
00000000
00000000

54 : 
55 : 00000000
00000000
00000000
00000001
00000000
00000000
00000000
00000000

56 : 
57 : 00000000
00010000
10100000
00000000
00000000
00000000
00000000
00000000

58 : 00000000
00010000
00001000
00000100
00000010
00000001
00000000
00000000

59 : 00000000
00010000
00010000
00000000
00000000
00000000
00000000
00000000

60 : 00000110
00010000
00000000
00000000
00000000
00000000
00000000
00000000

61 : 
62 : 
63 : 00000110
00000000
00000000
00000000
00000000
00000000
00000000
00000000

[49m ABCDEFGH
8[40m♖[47m♘[40m♗[47m♕[40m♔[47m [40m [47m♖[49m
7[47m♙[40m♙[47m♙[40m [47m♙[40m♙[47m [40m♙[49m
6[40m [47m [40m [47m [40m [47m♙[40m [47m♗[49m
5[47m [40m [47m [40m♙[47m [40m [47m [40m [49m
4[40m [47m [40m [47m♟[40m [47m [40m [47m [49m
3[47m [40m [47m [40m [47m♟[40m [47m [40m [49m
2[40m♟[47m♟[40m♟[47m [40m♝[47m♟[40m♟[47m♟[49m
1[47m♜[40m♞[47m [40m♛[47m♚[40m [47m♞[40m♜[49m
Coup (eg. a1a8) ? move: c8d7
00000000
00010000
00001000
00000100
00000010
00000001
00000000
00000000
Move count :31
0 : 
1 : 00000000
00000000
00000000
00000000
00000000
10100000
00010000
00000000

2 : 
3 : 00000000
00000000
00000000
00000000
00000000
00010000
00010000
00100000

4 : 00000000
00000000
00000000
00000000
00000000
00000000
00010000
00000100

5 : 
6 : 00000000
00000000
00000000
00000000
00000000
00000101
00000000
00000000

7 : 
8 : 00000000
00000000
00000000
00000000
10000000
10000000
00000000
00000000

9 : 00000000
00000000
00000000
00000000
01000000
01000000
00000000
00000000

10 : 00000000
00000000
00000000
00000000
00100000
00100000
00000000
00000000

11 : 
12 : 00000000
00000000
10000000
01000001
00100010
00010100
00000000
00000100

13 : 00000000
00000000
00000000
00000000
00000100
00000100
00000000
00000000

14 : 00000000
00000000
00000000
00000000
00000010
00000010
00000000
00000000

15 : 00000000
00000000
00000000
00000000
00000001
00000001
00000000
00000000

16 : 
17 : 
18 : 
19 : 
20 : 00000000
00000000
00000000
00000000
00001000
00000000
00000000
00000000

21 : 
22 : 
23 : 
24 : 
25 : 
26 : 
27 : 
28 : 
29 : 
30 : 
31 : 
32 : 
33 : 
34 : 
35 : 
36 : 
37 : 
38 : 
39 : 
40 : 
41 : 
42 : 
43 : 
44 : 
45 : 
46 : 
47 : 
48 : 
49 : 
50 : 
51 : 
52 : 
53 : 
54 : 
55 : 
56 : 
57 : 
58 : 
59 : 
60 : 
61 : 
62 : 
63 : 
[49m ABCDEFGH
8[40m♖[47m♘[40m [47m♕[40m♔[47m [40m [47m♖[49m
7[47m♙[40m♙[47m♙[40m♗[47m♙[40m♙[47m [40m♙[49m
6[40m [47m [40m [47m [40m [47m♙[40m [47m♗[49m
5[47m [40m [47m [40m♙[47m [40m [47m [40m [49m
4[40m [47m [40m [47m♟[40m [47m [40m [47m [49m
3[47m [40m [47m [40m [47m♟[40m [47m [40m [49m
2[40m♟[47m♟[40m♟[47m [40m♝[47m♟[40m♟[47m♟[49m
1[47m♜[40m♞[47m [40m♛[47m♚[40m [47m♞[40m♜[49m
Coup (eg. a1a8) ? 
wR,wN,,wQ,wK,,wN,wR,wP,wP,wP,,wB,wP,wP,wP,,,,,wP,,,,,,,wP,,,,,,,,bP,,,,,,,,,,bP,,bB,bP,bP,bP,bB,bP,bP,,bP,bR,bN,,bQ,bK,,,bR, ?-?
  -> [0;32mreference position: OK[0m
  -> [0;32mreference result: OK[0m
  -> [0m(exit code=0)
[0;33m> data/1-leg-knight-1.txt[0m
[49m ABCDEFGH
8[40m♖[47m♘[40m♗[47m♕[40m♔[47m♗[40m♘[47m♖[49m
7[47m♙[40m♙[47m♙[40m♙[47m♙[40m♙[47m♙[40m♙[49m
6[40m [47m [40m [47m [40m [47m [40m [47m [49m
5[47m [40m [47m [40m [47m [40m [47m [40m [49m
4[40m [47m [40m [47m [40m [47m [40m [47m [49m
3[47m [40m [47m [40m [47m [40m [47m [40m [49m
2[40m♟[47m♟[40m♟[47m♟[40m♟[47m♟[40m♟[47m♟[49m
1[47m♜[40m♞[47m♝[40m♛[47m♚[40m♝[47m♞[40m♜[49m
Coup (eg. a1a8) ? move: b1c3
00000000
00000000
00000000
00000000
00000000
10100000
00000000
00000000
Move count :20
0 : 
1 : 
2 : 
3 : 
4 : 
5 : 
6 : 
7 : 
8 : 
9 : 
10 : 
11 : 
12 : 
13 : 
14 : 
15 : 
16 : 
17 : 
18 : 
19 : 
20 : 
21 : 
22 : 
23 : 
24 : 
25 : 
26 : 
27 : 
28 : 
29 : 
30 : 
31 : 
32 : 
33 : 
34 : 
35 : 
36 : 
37 : 
38 : 
39 : 
40 : 
41 : 
42 : 
43 : 
44 : 
45 : 
46 : 
47 : 
48 : 00000000
00000000
10000000
10000000
00000000
00000000
00000000
00000000

49 : 00000000
00000000
01000000
01000000
00000000
00000000
00000000
00000000

50 : 00000000
00000000
00100000
00100000
00000000
00000000
00000000
00000000

51 : 00000000
00000000
00010000
00010000
00000000
00000000
00000000
00000000

52 : 00000000
00000000
00001000
00001000
00000000
00000000
00000000
00000000

53 : 00000000
00000000
00000100
00000100
00000000
00000000
00000000
00000000

54 : 00000000
00000000
00000010
00000010
00000000
00000000
00000000
00000000

55 : 00000000
00000000
00000001
00000001
00000000
00000000
00000000
00000000

56 : 
57 : 00000000
00000000
10100000
00000000
00000000
00000000
00000000
00000000

58 : 
59 : 
60 : 
61 : 
62 : 00000000
00000000
00000101
00000000
00000000
00000000
00000000
00000000

63 : 
[49m ABCDEFGH
8[40m♖[47m♘[40m♗[47m♕[40m♔[47m♗[40m♘[47m♖[49m
7[47m♙[40m♙[47m♙[40m♙[47m♙[40m♙[47m♙[40m♙[49m
6[40m [47m [40m [47m [40m [47m [40m [47m [49m
5[47m [40m [47m [40m [47m [40m [47m [40m [49m
4[40m [47m [40m [47m [40m [47m [40m [47m [49m
3[47m [40m [47m♞[40m [47m [40m [47m [40m [49m
2[40m♟[47m♟[40m♟[47m♟[40m♟[47m♟[40m♟[47m♟[49m
1[47m♜[40m [47m♝[40m♛[47m♚[40m♝[47m♞[40m♜[49m
Coup (eg. a1a8) ? move: d7d5
00000000
00000000
00010000
00010000
00000000
00000000
00000000
00000000
enpassant
Move count :23
0 : 00000000
00000000
00000000
00000000
00000000
00000000
00000000
01000000

1 : 
2 : 
3 : 
4 : 
5 : 
6 : 00000000
00000000
00000000
00000000
00000000
00000101
00000000
00000000

7 : 
8 : 00000000
00000000
00000000
00000000
10000000
10000000
00000000
00000000

9 : 00000000
00000000
00000000
00000000
01000000
01000000
00000000
00000000

10 : 00000000
00000000
00000000
00000000
00100000
00000000
00000000
00000000

11 : 00000000
00000000
00000000
00000000
00010000
00010000
00000000
00000000

12 : 00000000
00000000
00000000
00000000
00001000
00001000
00000000
00000000

13 : 00000000
00000000
00000000
00000000
00000100
00000100
00000000
00000000

14 : 00000000
00000000
00000000
00000000
00000010
00000010
00000000
00000000

15 : 00000000
00000000
00000000
00000000
00000001
00000001
00000000
00000000

16 : 
17 : 
18 : 00000000
00000000
00000000
01010000
10001000
00000000
00000000
01000000

19 : 
20 : 
21 : 
22 : 
23 : 
24 : 
25 : 
26 : 
27 : 
28 : 
29 : 
30 : 
31 : 
32 : 
33 : 
34 : 
35 : 
36 : 
37 : 
38 : 
39 : 
40 : 
41 : 
42 : 
43 : 
44 : 
45 : 
46 : 
47 : 
48 : 
49 : 
50 : 
51 : 
52 : 
53 : 
54 : 
55 : 
56 : 
57 : 
58 : 
59 : 
60 : 
61 : 
62 : 
63 : 
[49m ABCDEFGH
8[40m♖[47m♘[40m♗[47m♕[40m♔[47m♗[40m♘[47m♖[49m
7[47m♙[40m♙[47m♙[40m [47m♙[40m♙[47m♙[40m♙[49m
6[40m [47m [40m [47m [40m [47m [40m [47m [49m
5[47m [40m [47m [40m♙[47m [40m [47m [40m [49m
4[40m [47m [40m [47m [40m [47m [40m [47m [49m
3[47m [40m [47m♞[40m [47m [40m [47m [40m [49m
2[40m♟[47m♟[40m♟[47m♟[40m♟[47m♟[40m♟[47m♟[49m
1[47m♜[40m [47m♝[40m♛[47m♚[40m♝[47m♞[40m♜[49m
Coup (eg. a1a8) ? move: c3d5
00000000
00000000
00000000
01010000
10001000
00000000
00000000
01000000
Move count :28
0 : 
1 : 
2 : 
3 : 
4 : 
5 : 
6 : 
7 : 
8 : 
9 : 
10 : 
11 : 
12 : 
13 : 
14 : 
15 : 
16 : 
17 : 
18 : 
19 : 
20 : 
21 : 
22 : 
23 : 
24 : 
25 : 
26 : 
27 : 
28 : 
29 : 
30 : 
31 : 
32 : 
33 : 
34 : 
35 : 
36 : 
37 : 
38 : 
39 : 
40 : 
41 : 
42 : 
43 : 
44 : 
45 : 
46 : 
47 : 
48 : 00000000
00000000
10000000
10000000
00000000
00000000
00000000
00000000

49 : 00000000
00000000
01000000
01000000
00000000
00000000
00000000
00000000

50 : 00000000
00000000
00100000
00100000
00000000
00000000
00000000
00000000

51 : 
52 : 00000000
00000000
00001000
00001000
00000000
00000000
00000000
00000000

53 : 00000000
00000000
00000100
00000100
00000000
00000000
00000000
00000000

54 : 00000000
00000000
00000010
00000010
00000000
00000000
00000000
00000000

55 : 00000000
00000000
00000001
00000001
00000000
00000000
00000000
00000000

56 : 
57 : 00000000
00010000
10100000
00000000
00000000
00000000
00000000
00000000

58 : 00000000
00010000
00001000
00000100
00000010
00000001
00000000
00000000

59 : 00000000
00010000
00010000
00010000
00000000
00000000
00000000
00000000

60 : 00000000
00010000
00000000
00000000
00000000
00000000
00000000
00000000

61 : 
62 : 00000000
00000000
00000101
00000000
00000000
00000000
00000000
00000000

63 : 
[49m ABCDEFGH
8[40m♖[47m♘[40m♗[47m♕[40m♔[47m♗[40m♘[47m♖[49m
7[47m♙[40m♙[47m♙[40m [47m♙[40m♙[47m♙[40m♙[49m
6[40m [47m [40m [47m [40m [47m [40m [47m [49m
5[47m [40m [47m [40m♞[47m [40m [47m [40m [49m
4[40m [47m [40m [47m [40m [47m [40m [47m [49m
3[47m [40m [47m [40m [47m [40m [47m [40m [49m
2[40m♟[47m♟[40m♟[47m♟[40m♟[47m♟[40m♟[47m♟[49m
1[47m♜[40m [47m♝[40m♛[47m♚[40m♝[47m♞[40m♜[49m
Coup (eg. a1a8) ? move: g8f6
00000000
00000000
00000101
00000000
00000000
00000000
00000000
00000000
Move count :27
0 : 00000000
00000000
00000000
00000000
00000000
00000000
00000000
01000000

1 : 
2 : 
3 : 
4 : 
5 : 
6 : 00000000
00000000
00000000
00000000
00000000
00000101
00000000
00000000

7 : 
8 : 00000000
00000000
00000000
00000000
10000000
10000000
00000000
00000000

9 : 00000000
00000000
00000000
00000000
01000000
01000000
00000000
00000000

10 : 00000000
00000000
00000000
00000000
00100000
00100000
00000000
00000000

11 : 00000000
00000000
00000000
00000000
00010000
00010000
00000000
00000000

12 : 00000000
00000000
00000000
00000000
00001000
00001000
00000000
00000000

13 : 00000000
00000000
00000000
00000000
00000100
00000100
00000000
00000000

14 : 00000000
00000000
00000000
00000000
00000010
00000010
00000000
00000000

15 : 00000000
00000000
00000000
00000000
00000001
00000001
00000000
00000000

16 : 
17 : 
18 : 
19 : 
20 : 
21 : 
22 : 
23 : 
24 : 
25 : 
26 : 
27 : 
28 : 
29 : 
30 : 
31 : 
32 : 
33 : 
34 : 
35 : 00000000
00101000
01000100
00000000
01000100
00101000
00000000
00000000

36 : 
37 : 
38 : 
39 : 
40 : 
41 : 
42 : 
43 : 
44 : 
45 : 
46 : 
47 : 
48 : 
49 : 
50 : 
51 : 
52 : 
53 : 
54 : 
55 : 
56 : 
57 : 
58 : 
59 : 
60 : 
61 : 
62 : 
63 : 
[49m ABCDEFGH
8[40m♖[47m♘[40m♗[47m♕[40m♔[47m♗[40m [47m♖[49m
7[47m♙[40m♙[47m♙[40m [47m♙[40m♙[47m♙[40m♙[49m
6[40m [47m [40m [47m [40m [47m♘[40m [47m [49m
5[47m [40m [47m [40m♞[47m [40m [47m [40m [49m
4[40m [47m [40m [47m [40m [47m [40m [47m [49m
3[47m [40m [47m [40m [47m [40m [47m [40m [49m
2[40m♟[47m♟[40m♟[47m♟[40m♟[47m♟[40m♟[47m♟[49m
1[47m♜[40m [47m♝[40m♛[47m♚[40m♝[47m♞[40m♜[49m
Coup (eg. a1a8) ? move: g1f3
00000000
00000000
00000000
00000000
00000000
00000101
00000000
00000000
Move count :32
0 : 
1 : 
2 : 
3 : 
4 : 
5 : 
6 : 
7 : 
8 : 
9 : 
10 : 
11 : 
12 : 
13 : 
14 : 
15 : 
16 : 
17 : 
18 : 
19 : 
20 : 
21 : 
22 : 
23 : 
24 : 
25 : 
26 : 
27 : 
28 : 
29 : 
30 : 
31 : 
32 : 
33 : 
34 : 
35 : 
36 : 
37 : 
38 : 
39 : 
40 : 
41 : 
42 : 
43 : 
44 : 
45 : 00000010
00010000
00000000
00010001
00001010
00000000
00000000
00000000

46 : 
47 : 
48 : 00000000
00000000
10000000
10000000
00000000
00000000
00000000
00000000

49 : 00000000
00000000
01000000
01000000
00000000
00000000
00000000
00000000

50 : 00000000
00000000
00100000
00100000
00000000
00000000
00000000
00000000

51 : 
52 : 00000000
00000000
00001000
00001000
00000000
00000000
00000000
00000000

53 : 00000000
00000000
00000000
00000100
00000000
00000000
00000000
00000000

54 : 00000000
00000000
00000010
00000010
00000000
00000000
00000000
00000000

55 : 00000000
00000000
00000001
00000001
00000000
00000000
00000000
00000000

56 : 
57 : 00000000
00010000
10100000
00000000
00000000
00000000
00000000
00000000

58 : 00000000
00010000
00001000
00000100
00000010
00000001
00000000
00000000

59 : 00000000
00010000
00010000
00010000
00000000
00000000
00000000
00000000

60 : 00000000
00010000
00000000
00000000
00000000
00000000
00000000
00000000

61 : 
62 : 
63 : 00000010
00000000
00000000
00000000
00000000
00000000
00000000
00000000

[49m ABCDEFGH
8[40m♖[47m♘[40m♗[47m♕[40m♔[47m♗[40m [47m♖[49m
7[47m♙[40m♙[47m♙[40m [47m♙[40m♙[47m♙[40m♙[49m
6[40m [47m [40m [47m [40m [47m♘[40m [47m [49m
5[47m [40m [47m [40m♞[47m [40m [47m [40m [49m
4[40m [47m [40m [47m [40m [47m [40m [47m [49m
3[47m [40m [47m [40m [47m [40m♞[47m [40m [49m
2[40m♟[47m♟[40m♟[47m♟[40m♟[47m♟[40m♟[47m♟[49m
1[47m♜[40m [47m♝[40m♛[47m♚[40m♝[47m [40m♜[49m
Coup (eg. a1a8) ? move: b8c6
00000000
00010000
10100000
00000000
00000000
00000000
00000000
00000000
Move count :30
0 : 00000000
00000000
00000000
00000000
00000000
00000000
00000000
01000000

1 : 
2 : 
3 : 
4 : 
5 : 
6 : 
7 : 00000000
00000000
00000000
00000000
00000000
00000000
00000000
00000010

8 : 00000000
00000000
00000000
00000000
10000000
10000000
00000000
00000000

9 : 00000000
00000000
00000000
00000000
01000000
01000000
00000000
00000000

10 : 00000000
00000000
00000000
00000000
00100000
00100000
00000000
00000000

11 : 00000000
00000000
00000000
00000000
00010000
00010000
00000000
00000000

12 : 00000000
00000000
00000000
00000000
00001000
00001000
00000000
00000000

13 : 00000000
00000000
00000000
00000000
00000100
00000000
00000000
00000000

14 : 00000000
00000000
00000000
00000000
00000010
00000010
00000000
00000000

15 : 00000000
00000000
00000000
00000000
00000001
00000001
00000000
00000000

16 : 
17 : 
18 : 
19 : 
20 : 
21 : 00000000
00000000
00000000
00001010
00010001
00000000
00000000
00000010

22 : 
23 : 
24 : 
25 : 
26 : 
27 : 
28 : 
29 : 
30 : 
31 : 
32 : 
33 : 
34 : 
35 : 00000000
00101000
01000100
00000000
01000100
00101000
00000000
00000000

36 : 
37 : 
38 : 
39 : 
40 : 
41 : 
42 : 
43 : 
44 : 
45 : 
46 : 
47 : 
48 : 
49 : 
50 : 
51 : 
52 : 
53 : 
54 : 
55 : 
56 : 
57 : 
58 : 
59 : 
60 : 
61 : 
62 : 
63 : 
[49m ABCDEFGH
8[40m♖[47m [40m♗[47m♕[40m♔[47m♗[40m [47m♖[49m
7[47m♙[40m♙[47m♙[40m [47m♙[40m♙[47m♙[40m♙[49m
6[40m [47m [40m♘[47m [40m [47m♘[40m [47m [49m
5[47m [40m [47m [40m♞[47m [40m [47m [40m [49m
4[40m [47m [40m [47m [40m [47m [40m [47m [49m
3[47m [40m [47m [40m [47m [40m♞[47m [40m [49m
2[40m♟[47m♟[40m♟[47m♟[40m♟[47m♟[40m♟[47m♟[49m
1[47m♜[40m [47m♝[40m♛[47m♚[40m♝[47m [40m♜[49m
Coup (eg. a1a8) ? move: d5f6
00000000
00101000
01000100
00000000
01000100
00101000
00000000
00000000
Move count :2
0 : 
1 : 
2 : 
3 : 
4 : 
5 : 
6 : 
7 : 
8 : 
9 : 
10 : 
11 : 
12 : 
13 : 
14 : 
15 : 
16 : 
17 : 
18 : 
19 : 
20 : 
21 : 
22 : 
23 : 
24 : 
25 : 
26 : 
27 : 
28 : 
29 : 
30 : 
31 : 
32 : 
33 : 
34 : 
35 : 
36 : 
37 : 
38 : 
39 : 
40 : 
41 : 
42 : 
43 : 
44 : 
45 : 
46 : 
47 : 
48 : 
49 : 
50 : 
51 : 
52 : 00000000
00000000
00000100
00000000
00000000
00000000
00000000
00000000

53 : 
54 : 00000000
00000000
00000100
00000000
00000000
00000000
00000000
00000000

55 : 
56 : 
57 : 
58 : 
59 : 
60 : 
61 : 
62 : 
63 : 
[49m ABCDEFGH
8[40m♖[47m [40m♗[47m♕[40m♔[47m♗[40m [47m♖[49m
7[47m♙[40m♙[47m♙[40m [47m♙[40m♙[47m♙[40m♙[49m
6[40m [47m [40m♘[47m [40m [47m♞[40m [47m [49m
5[47m [40m [47m [40m [47m [40m [47m [40m [49m
4[40m [47m [40m [47m [40m [47m [40m [47m [49m
3[47m [40m [47m [40m [47m [40m♞[47m [40m [49m
2[40m♟[47m♟[40m♟[47m♟[40m♟[47m♟[40m♟[47m♟[49m
1[47m♜[40m [47m♝[40m♛[47m♚[40m♝[47m [40m♜[49m
Coup (eg. a1a8) ? move: e7f6
00000000
00000000
00000100
00000000
00000000
00000000
00000000
00000000
Move count :22
0 : 00000000
00000000
00000000
00000000
00000000
00000000
00000000
01000000

1 : 
2 : 
3 : 
4 : 
5 : 
6 : 
7 : 00000000
00000000
00000000
00000000
00000000
00000000
00000000
00000010

8 : 00000000
00000000
00000000
00000000
10000000
10000000
00000000
00000000

9 : 00000000
00000000
00000000
00000000
01000000
01000000
00000000
00000000

10 : 00000000
00000000
00000000
00000000
00100000
00100000
00000000
00000000

11 : 00000000
00000000
00000000
00000000
00010000
00010000
00000000
00000000

12 : 00000000
00000000
00000000
00000000
00001000
00001000
00000000
00000000

13 : 00000000
00000000
00000000
00000000
00000100
00000000
00000000
00000000

14 : 00000000
00000000
00000000
00000000
00000010
00000010
00000000
00000000

15 : 00000000
00000000
00000000
00000000
00000001
00000001
00000000
00000000

16 : 
17 : 
18 : 
19 : 
20 : 
21 : 00000000
00000000
00000000
00001010
00010001
00000000
00000000
00000010

22 : 
23 : 
24 : 
25 : 
26 : 
27 : 
28 : 
29 : 
30 : 
31 : 
32 : 
33 : 
34 : 
35 : 
36 : 
37 : 
38 : 
39 : 
40 : 
41 : 
42 : 
43 : 
44 : 
45 : 
46 : 
47 : 
48 : 
49 : 
50 : 
51 : 
52 : 
53 : 
54 : 
55 : 
56 : 
57 : 
58 : 
59 : 
60 : 
61 : 
62 : 
63 : 
[49m ABCDEFGH
8[40m♖[47m [40m♗[47m♕[40m♔[47m♗[40m [47m♖[49m
7[47m♙[40m♙[47m♙[40m [47m [40m♙[47m♙[40m♙[49m
6[40m [47m [40m♘[47m [40m [47m♙[40m [47m [49m
5[47m [40m [47m [40m [47m [40m [47m [40m [49m
4[40m [47m [40m [47m [40m [47m [40m [47m [49m
3[47m [40m [47m [40m [47m [40m♞[47m [40m [49m
2[40m♟[47m♟[40m♟[47m♟[40m♟[47m♟[40m♟[47m♟[49m
1[47m♜[40m [47m♝[40m♛[47m♚[40m♝[47m [40m♜[49m
Coup (eg. a1a8) ? move: e2e4
00000000
00000000
00000000
00000000
00001000
00001000
00000000
00000000
enpassant
Move count :38
0 : 
1 : 
2 : 
3 : 
4 : 
5 : 
6 : 
7 : 
8 : 
9 : 
10 : 
11 : 
12 : 
13 : 
14 : 
15 : 
16 : 
17 : 
18 : 
19 : 
20 : 
21 : 
22 : 
23 : 
24 : 
25 : 
26 : 
27 : 
28 : 
29 : 
30 : 
31 : 
32 : 
33 : 
34 : 
35 : 
36 : 
37 : 
38 : 
39 : 
40 : 
41 : 
42 : 01000000
00001000
00000000
10001000
01010000
00000000
00000000
00000000

43 : 
44 : 
45 : 00000000
00000000
00000000
00000100
00000000
00000000
00000000
00000000

46 : 
47 : 
48 : 00000000
00000000
10000000
10000000
00000000
00000000
00000000
00000000

49 : 00000000
00000000
01000000
01000000
00000000
00000000
00000000
00000000

50 : 00000000
00000000
00000000
00100000
00000000
00000000
00000000
00000000

51 : 
52 : 
53 : 00000000
00000000
00000000
00000100
00000000
00000000
00000000
00000000

54 : 00000000
00000000
00000010
00000010
00000000
00000000
00000000
00000000

55 : 00000000
00000000
00000001
00000001
00000000
00000000
00000000
00000000

56 : 01000000
00000000
00000000
00000000
00000000
00000000
00000000
00000000

57 : 
58 : 00000000
00010000
00001000
00000100
00000010
00000001
00000000
00000000

59 : 00000000
00011000
00010000
00010000
00010000
00010000
00010000
00000000

60 : 00000000
00011000
00000000
00000000
00000000
00000000
00000000
00000000

61 : 00000000
00001000
00010000
00100000
01000000
10000000
00000000
00000000

62 : 
63 : 00000010
00000000
00000000
00000000
00000000
00000000
00000000
00000000

[49m ABCDEFGH
8[40m♖[47m [40m♗[47m♕[40m♔[47m♗[40m [47m♖[49m
7[47m♙[40m♙[47m♙[40m [47m [40m♙[47m♙[40m♙[49m
6[40m [47m [40m♘[47m [40m [47m♙[40m [47m [49m
5[47m [40m [47m [40m [47m [40m [47m [40m [49m
4[40m [47m [40m [47m [40m♟[47m [40m [47m [49m
3[47m [40m [47m [40m [47m [40m♞[47m [40m [49m
2[40m♟[47m♟[40m♟[47m♟[40m [47m♟[40m♟[47m♟[49m
1[47m♜[40m [47m♝[40m♛[47m♚[40m♝[47m [40m♜[49m
Coup (eg. a1a8) ? 
wR,,wB,wQ,wK,wB,,wR,wP,wP,wP,wP,,wP,wP,wP,,,,,,wN,,,,,,,wP,,,,,,,,,,,,,,bN,,,bP,,,bP,bP,bP,,,bP,bP,bP,bR,,bB,bQ,bK,bB,,bR, ?-?
  -> [0;32mreference position: OK[0m
  -> [0;32mreference result: OK[0m
  -> [0m(exit code=0)
[0;33m> data/1-leg-obstacle.txt[0m
[49m ABCDEFGH
8[40m♖[47m♘[40m♗[47m♕[40m♔[47m♗[40m♘[47m♖[49m
7[47m♙[40m♙[47m♙[40m♙[47m♙[40m♙[47m♙[40m♙[49m
6[40m [47m [40m [47m [40m [47m [40m [47m [49m
5[47m [40m [47m [40m [47m [40m [47m [40m [49m
4[40m [47m [40m [47m [40m [47m [40m [47m [49m
3[47m [40m [47m [40m [47m [40m [47m [40m [49m
2[40m♟[47m♟[40m♟[47m♟[40m♟[47m♟[40m♟[47m♟[49m
1[47m♜[40m♞[47m♝[40m♛[47m♚[40m♝[47m♞[40m♜[49m
Coup (eg. a1a8) ? move: e2e3
00000000
00000000
00000000
00000000
00001000
00001000
00000000
00000000
Move count :20
0 : 
1 : 
2 : 
3 : 
4 : 
5 : 
6 : 
7 : 
8 : 
9 : 
10 : 
11 : 
12 : 
13 : 
14 : 
15 : 
16 : 
17 : 
18 : 
19 : 
20 : 
21 : 
22 : 
23 : 
24 : 
25 : 
26 : 
27 : 
28 : 
29 : 
30 : 
31 : 
32 : 
33 : 
34 : 
35 : 
36 : 
37 : 
38 : 
39 : 
40 : 
41 : 
42 : 
43 : 
44 : 
45 : 
46 : 
47 : 
48 : 00000000
00000000
10000000
10000000
00000000
00000000
00000000
00000000

49 : 00000000
00000000
01000000
01000000
00000000
00000000
00000000
00000000

50 : 00000000
00000000
00100000
00100000
00000000
00000000
00000000
00000000

51 : 00000000
00000000
00010000
00010000
00000000
00000000
00000000
00000000

52 : 00000000
00000000
00001000
00001000
00000000
00000000
00000000
00000000

53 : 00000000
00000000
00000100
00000100
00000000
00000000
00000000
00000000

54 : 00000000
00000000
00000010
00000010
00000000
00000000
00000000
00000000

55 : 00000000
00000000
00000001
00000001
00000000
00000000
00000000
00000000

56 : 
57 : 00000000
00000000
10100000
00000000
00000000
00000000
00000000
00000000

58 : 
59 : 
60 : 
61 : 
62 : 00000000
00000000
00000101
00000000
00000000
00000000
00000000
00000000

63 : 
[49m ABCDEFGH
8[40m♖[47m♘[40m♗[47m♕[40m♔[47m♗[40m♘[47m♖[49m
7[47m♙[40m♙[47m♙[40m♙[47m♙[40m♙[47m♙[40m♙[49m
6[40m [47m [40m [47m [40m [47m [40m [47m [49m
5[47m [40m [47m [40m [47m [40m [47m [40m [49m
4[40m [47m [40m [47m [40m [47m [40m [47m [49m
3[47m [40m [47m [40m [47m♟[40m [47m [40m [49m
2[40m♟[47m♟[40m♟[47m♟[40m [47m♟[40m♟[47m♟[49m
1[47m♜[40m♞[47m♝[40m♛[47m♚[40m♝[47m♞[40m♜[49m
Coup (eg. a1a8) ? move: d7d5
00000000
00000000
00010000
00010000
00000000
00000000
00000000
00000000
enpassant
Move count :30
0 : 
1 : 00000000
00000000
00000000
00000000
00000000
10100000
00000000
00000000

2 : 
3 : 00000000
00000000
00000000
00000001
00000010
00000100
00001000
00000000

4 : 00000000
00000000
00000000
00000000
00000000
00000000
00001000
00000000

5 : 00000000
00000000
10000000
01000000
00100000
00010000
00001000
00000000

6 : 00000000
00000000
00000000
00000000
00000000
00000101
00001000
00000000

7 : 
8 : 00000000
00000000
00000000
00000000
10000000
10000000
00000000
00000000

9 : 00000000
00000000
00000000
00000000
01000000
01000000
00000000
00000000

10 : 00000000
00000000
00000000
00000000
00100000
00100000
00000000
00000000

11 : 00000000
00000000
00000000
00000000
00010000
00010000
00000000
00000000

12 : 
13 : 00000000
00000000
00000000
00000000
00000100
00000100
00000000
00000000

14 : 00000000
00000000
00000000
00000000
00000010
00000010
00000000
00000000

15 : 00000000
00000000
00000000
00000000
00000001
00000001
00000000
00000000

16 : 
17 : 
18 : 
19 : 
20 : 00000000
00000000
00000000
00000000
00001000
00000000
00000000
00000000

21 : 
22 : 
23 : 
24 : 
25 : 
26 : 
27 : 
28 : 
29 : 
30 : 
31 : 
32 : 
33 : 
34 : 
35 : 
36 : 
37 : 
38 : 
39 : 
40 : 
41 : 
42 : 
43 : 
44 : 
45 : 
46 : 
47 : 
48 : 
49 : 
50 : 
51 : 
52 : 
53 : 
54 : 
55 : 
56 : 
57 : 
58 : 
59 : 
60 : 
61 : 
62 : 
63 : 
[49m ABCDEFGH
8[40m♖[47m♘[40m♗[47m♕[40m♔[47m♗[40m♘[47m♖[49m
7[47m♙[40m♙[47m♙[40m [47m♙[40m♙[47m♙[40m♙[49m
6[40m [47m [40m [47m [40m [47m [40m [47m [49m
5[47m [40m [47m [40m♙[47m [40m [47m [40m [49m
4[40m [47m [40m [47m [40m [47m [40m [47m [49m
3[47m [40m [47m [40m [47m♟[40m [47m [40m [49m
2[40m♟[47m♟[40m♟[47m♟[40m [47m♟[40m♟[47m♟[49m
1[47m♜[40m♞[47m♝[40m♛[47m♚[40m♝[47m♞[40m♜[49m
Coup (eg. a1a8) ? move: g1f3
00000000
00000000
00000000
00000000
00000000
00000101
00001000
00000000
Move count :28
0 : 
1 : 
2 : 
3 : 
4 : 
5 : 
6 : 
7 : 
8 : 
9 : 
10 : 
11 : 
12 : 
13 : 
14 : 
15 : 
16 : 
17 : 
18 : 
19 : 
20 : 
21 : 
22 : 
23 : 
24 : 
25 : 
26 : 
27 : 
28 : 
29 : 
30 : 
31 : 
32 : 
33 : 
34 : 
35 : 00000000
00000000
00000000
00000000
00010000
00000000
00000000
00000000

36 : 
37 : 
38 : 
39 : 
40 : 
41 : 
42 : 
43 : 
44 : 
45 : 
46 : 
47 : 
48 : 00000000
00000000
10000000
10000000
00000000
00000000
00000000
00000000

49 : 00000000
00000000
01000000
01000000
00000000
00000000
00000000
00000000

50 : 00000000
00000000
00100000
00100000
00000000
00000000
00000000
00000000

51 : 
52 : 00000000
00000000
00001000
00001000
00000000
00000000
00000000
00000000

53 : 00000000
00000000
00000100
00000100
00000000
00000000
00000000
00000000

54 : 00000000
00000000
00000010
00000010
00000000
00000000
00000000
00000000

55 : 00000000
00000000
00000001
00000001
00000000
00000000
00000000
00000000

56 : 
57 : 00000000
00010000
10100000
00000000
00000000
00000000
00000000
00000000

58 : 00000000
00010000
00001000
00000100
00000010
00000001
00000000
00000000

59 : 00000000
00010000
00010000
00000000
00000000
00000000
00000000
00000000

60 : 00000000
00010000
00000000
00000000
00000000
00000000
00000000
00000000

61 : 
62 : 00000000
00000000
00000101
00000000
00000000
00000000
00000000
00000000

63 : 
[49m ABCDEFGH
8[40m♖[47m♘[40m♗[47m♕[40m♔[47m♗[40m♘[47m♖[49m
7[47m♙[40m♙[47m♙[40m [47m♙[40m♙[47m♙[40m♙[49m
6[40m [47m [40m [47m [40m [47m [40m [47m [49m
5[47m [40m [47m [40m♙[47m [40m [47m [40m [49m
4[40m [47m [40m [47m [40m [47m [40m [47m [49m
3[47m [40m [47m [40m [47m♟[40m♞[47m [40m [49m
2[40m♟[47m♟[40m♟[47m♟[40m [47m♟[40m♟[47m♟[49m
1[47m♜[40m♞[47m♝[40m♛[47m♚[40m♝[47m [40m♜[49m
Coup (eg. a1a8) ? move: g8f6
00000000
00000000
00000101
00000000
00000000
00000000
00000000
00000000
Move count :29
0 : 
1 : 00000000
00000000
00000000
00000000
00000000
10100000
00000000
00000000

2 : 
3 : 00000000
00000000
00000000
00000000
00000000
00000000
00001000
00000000

4 : 00000000
00000000
00000000
00000000
00000000
00000000
00001000
00000000

5 : 00000000
00000000
10000000
01000000
00100000
00010000
00001000
00000000

6 : 
7 : 00000000
00000000
00000000
00000000
00000000
00000000
00000000
00000010

8 : 00000000
00000000
00000000
00000000
10000000
10000000
00000000
00000000

9 : 00000000
00000000
00000000
00000000
01000000
01000000
00000000
00000000

10 : 00000000
00000000
00000000
00000000
00100000
00100000
00000000
00000000

11 : 00000000
00000000
00000000
00000000
00010000
00010000
00000000
00000000

12 : 
13 : 00000000
00000000
00000000
00000000
00000100
00000000
00000000
00000000

14 : 00000000
00000000
00000000
00000000
00000010
00000010
00000000
00000000

15 : 00000000
00000000
00000000
00000000
00000001
00000001
00000000
00000000

16 : 
17 : 
18 : 
19 : 
20 : 00000000
00000000
00000000
00000000
00001000
00000000
00000000
00000000

21 : 00000000
00000000
00000000
00001010
00010001
00000000
00000000
00000010

22 : 
23 : 
24 : 
25 : 
26 : 
27 : 
28 : 
29 : 
30 : 
31 : 
32 : 
33 : 
34 : 
35 : 
36 : 
37 : 
38 : 
39 : 
40 : 
41 : 
42 : 
43 : 
44 : 
45 : 
46 : 
47 : 
48 : 
49 : 
50 : 
51 : 
52 : 
53 : 
54 : 
55 : 
56 : 
57 : 
58 : 
59 : 
60 : 
61 : 
62 : 
63 : 
[49m ABCDEFGH
8[40m♖[47m♘[40m♗[47m♕[40m♔[47m♗[40m [47m♖[49m
7[47m♙[40m♙[47m♙[40m [47m♙[40m♙[47m♙[40m♙[49m
6[40m [47m [40m [47m [40m [47m♘[40m [47m [49m
5[47m [40m [47m [40m♙[47m [40m [47m [40m [49m
4[40m [47m [40m [47m [40m [47m [40m [47m [49m
3[47m [40m [47m [40m [47m♟[40m♞[47m [40m [49m
2[40m♟[47m♟[40m♟[47m♟[40m [47m♟[40m♟[47m♟[49m
1[47m♜[40m♞[47m♝[40m♛[47m♚[40m♝[47m [40m♜[49m
Coup (eg. a1a8) ? 
wR,wN,wB,wQ,wK,wB,,wR,wP,wP,wP,wP,,wP,wP,wP,,,,,wP,wN,,,,,,,,,,,,,,bP,,,,,,,,,,bN,,,bP,bP,bP,,bP,bP,bP,bP,bR,bN,bB,bQ,bK,bB,,bR, ?-?
  -> [0;32mreference position: OK[0m
  -> [0;32mreference result: OK[0m
  -> [0m(exit code=0)
[0;33m> data/1-leg-pawn-1.txt[0m
[49m ABCDEFGH
8[40m♖[47m♘[40m♗[47m♕[40m♔[47m♗[40m♘[47m♖[49m
7[47m♙[40m♙[47m♙[40m♙[47m♙[40m♙[47m♙[40m♙[49m
6[40m [47m [40m [47m [40m [47m [40m [47m [49m
5[47m [40m [47m [40m [47m [40m [47m [40m [49m
4[40m [47m [40m [47m [40m [47m [40m [47m [49m
3[47m [40m [47m [40m [47m [40m [47m [40m [49m
2[40m♟[47m♟[40m♟[47m♟[40m♟[47m♟[40m♟[47m♟[49m
1[47m♜[40m♞[47m♝[40m♛[47m♚[40m♝[47m♞[40m♜[49m
Coup (eg. a1a8) ? move: e2e4
00000000
00000000
00000000
00000000
00001000
00001000
00000000
00000000
enpassant
Move count :20
0 : 
1 : 
2 : 
3 : 
4 : 
5 : 
6 : 
7 : 
8 : 
9 : 
10 : 
11 : 
12 : 
13 : 
14 : 
15 : 
16 : 
17 : 
18 : 
19 : 
20 : 
21 : 
22 : 
23 : 
24 : 
25 : 
26 : 
27 : 
28 : 
29 : 
30 : 
31 : 
32 : 
33 : 
34 : 
35 : 
36 : 
37 : 
38 : 
39 : 
40 : 
41 : 
42 : 
43 : 
44 : 
45 : 
46 : 
47 : 
48 : 00000000
00000000
10000000
10000000
00000000
00000000
00000000
00000000

49 : 00000000
00000000
01000000
01000000
00000000
00000000
00000000
00000000

50 : 00000000
00000000
00100000
00100000
00000000
00000000
00000000
00000000

51 : 00000000
00000000
00010000
00010000
00000000
00000000
00000000
00000000

52 : 00000000
00000000
00001000
00001000
00000000
00000000
00000000
00000000

53 : 00000000
00000000
00000100
00000100
00000000
00000000
00000000
00000000

54 : 00000000
00000000
00000010
00000010
00000000
00000000
00000000
00000000

55 : 00000000
00000000
00000001
00000001
00000000
00000000
00000000
00000000

56 : 
57 : 00000000
00000000
10100000
00000000
00000000
00000000
00000000
00000000

58 : 
59 : 
60 : 
61 : 
62 : 00000000
00000000
00000101
00000000
00000000
00000000
00000000
00000000

63 : 
[49m ABCDEFGH
8[40m♖[47m♘[40m♗[47m♕[40m♔[47m♗[40m♘[47m♖[49m
7[47m♙[40m♙[47m♙[40m♙[47m♙[40m♙[47m♙[40m♙[49m
6[40m [47m [40m [47m [40m [47m [40m [47m [49m
5[47m [40m [47m [40m [47m [40m [47m [40m [49m
4[40m [47m [40m [47m [40m♟[47m [40m [47m [49m
3[47m [40m [47m [40m [47m [40m [47m [40m [49m
2[40m♟[47m♟[40m♟[47m♟[40m [47m♟[40m♟[47m♟[49m
1[47m♜[40m♞[47m♝[40m♛[47m♚[40m♝[47m♞[40m♜[49m
Coup (eg. a1a8) ? move: e7e5
00000000
00000000
00001000
00001000
00000000
00000000
00000000
00000000
enpassant
Move count :29
0 : 
1 : 00000000
00000000
00000000
00000000
00000000
10100000
00000000
00000000

2 : 
3 : 00000000
00000000
00000000
00000001
00000010
00000100
00001000
00000000

4 : 00000000
00000000
00000000
00000000
00000000
00000000
00001000
00000000

5 : 00000000
00000000
10000000
01000000
00100000
00010000
00001000
00000000

6 : 00000000
00000000
00000000
00000000
00000000
00000101
00001000
00000000

7 : 
8 : 00000000
00000000
00000000
00000000
10000000
10000000
00000000
00000000

9 : 00000000
00000000
00000000
00000000
01000000
01000000
00000000
00000000

10 : 00000000
00000000
00000000
00000000
00100000
00100000
00000000
00000000

11 : 00000000
00000000
00000000
00000000
00010000
00010000
00000000
00000000

12 : 
13 : 00000000
00000000
00000000
00000000
00000100
00000100
00000000
00000000

14 : 00000000
00000000
00000000
00000000
00000010
00000010
00000000
00000000

15 : 00000000
00000000
00000000
00000000
00000001
00000001
00000000
00000000

16 : 
17 : 
18 : 
19 : 
20 : 
21 : 
22 : 
23 : 
24 : 
25 : 
26 : 
27 : 
28 : 
29 : 
30 : 
31 : 
32 : 
33 : 
34 : 
35 : 
36 : 
37 : 
38 : 
39 : 
40 : 
41 : 
42 : 
43 : 
44 : 
45 : 
46 : 
47 : 
48 : 
49 : 
50 : 
51 : 
52 : 
53 : 
54 : 
55 : 
56 : 
57 : 
58 : 
59 : 
60 : 
61 : 
62 : 
63 : 
[49m ABCDEFGH
8[40m♖[47m♘[40m♗[47m♕[40m♔[47m♗[40m♘[47m♖[49m
7[47m♙[40m♙[47m♙[40m♙[47m [40m♙[47m♙[40m♙[49m
6[40m [47m [40m [47m [40m [47m [40m [47m [49m
5[47m [40m [47m [40m [47m♙[40m [47m [40m [49m
4[40m [47m [40m [47m [40m♟[47m [40m [47m [49m
3[47m [40m [47m [40m [47m [40m [47m [40m [49m
2[40m♟[47m♟[40m♟[47m♟[40m [47m♟[40m♟[47m♟[49m
1[47m♜[40m♞[47m♝[40m♛[47m♚[40m♝[47m♞[40m♜[49m
Coup (eg. a1a8) ? move: d2d4
00000000
00000000
00000000
00000000
00010000
00010000
00000000
00000000
enpassant
Move count :30
0 : 
1 : 
2 : 
3 : 
4 : 
5 : 
6 : 
7 : 
8 : 
9 : 
10 : 
11 : 
12 : 
13 : 
14 : 
15 : 
16 : 
17 : 
18 : 
19 : 
20 : 
21 : 
22 : 
23 : 
24 : 
25 : 
26 : 
27 : 
28 : 
29 : 
30 : 
31 : 
32 : 
33 : 
34 : 
35 : 
36 : 00000000
00000000
00000000
00000000
00010000
00000000
00000000
00000000

37 : 
38 : 
39 : 
40 : 
41 : 
42 : 
43 : 
44 : 
45 : 
46 : 
47 : 
48 : 00000000
00000000
10000000
10000000
00000000
00000000
00000000
00000000

49 : 00000000
00000000
01000000
01000000
00000000
00000000
00000000
00000000

50 : 00000000
00000000
00100000
00100000
00000000
00000000
00000000
00000000

51 : 00000000
00000000
00010000
00010000
00000000
00000000
00000000
00000000

52 : 
53 : 00000000
00000000
00000100
00000100
00000000
00000000
00000000
00000000

54 : 00000000
00000000
00000010
00000010
00000000
00000000
00000000
00000000

55 : 00000000
00000000
00000001
00000001
00000000
00000000
00000000
00000000

56 : 
57 : 00000000
00000000
10100000
00000000
00000000
00000000
00000000
00000000

58 : 
59 : 00000000
00001000
00000100
00000010
00000001
00000000
00000000
00000000

60 : 00000000
00001000
00000000
00000000
00000000
00000000
00000000
00000000

61 : 00000000
00001000
00010000
00100000
01000000
10000000
00000000
00000000

62 : 00000000
00001000
00000101
00000000
00000000
00000000
00000000
00000000

63 : 
[49m ABCDEFGH
8[40m♖[47m♘[40m♗[47m♕[40m♔[47m♗[40m♘[47m♖[49m
7[47m♙[40m♙[47m♙[40m♙[47m [40m♙[47m♙[40m♙[49m
6[40m [47m [40m [47m [40m [47m [40m [47m [49m
5[47m [40m [47m [40m [47m♙[40m [47m [40m [49m
4[40m [47m [40m [47m♟[40m♟[47m [40m [47m [49m
3[47m [40m [47m [40m [47m [40m [47m [40m [49m
2[40m♟[47m♟[40m♟[47m [40m [47m♟[40m♟[47m♟[49m
1[47m♜[40m♞[47m♝[40m♛[47m♚[40m♝[47m♞[40m♜[49m
Coup (eg. a1a8) ? move: e5d4
00000000
00000000
00000000
00000000
00010000
00000000
00000000
00000000
Move count :38
0 : 
1 : 00000000
00000000
00000000
00000000
00000000
10100000
00010000
00000000

2 : 00000000
00000000
00000001
00000010
00000100
00001000
00010000
00000000

3 : 00000000
00000000
00000000
00000001
00010010
00010100
00011000
00000000

4 : 00000000
00000000
00000000
00000000
00000000
00000000
00011000
00000000

5 : 00000000
00000000
10000000
01000000
00100000
00010000
00001000
00000000

6 : 00000000
00000000
00000000
00000000
00000000
00000101
00001000
00000000

7 : 
8 : 00000000
00000000
00000000
00000000
10000000
10000000
00000000
00000000

9 : 00000000
00000000
00000000
00000000
01000000
01000000
00000000
00000000

10 : 00000000
00000000
00000000
00000000
00100000
00100000
00000000
00000000

11 : 
12 : 
13 : 00000000
00000000
00000000
00000000
00000100
00000100
00000000
00000000

14 : 00000000
00000000
00000000
00000000
00000010
00000010
00000000
00000000

15 : 00000000
00000000
00000000
00000000
00000001
00000001
00000000
00000000

16 : 
17 : 
18 : 
19 : 
20 : 
21 : 
22 : 
23 : 
24 : 
25 : 
26 : 
27 : 
28 : 00000000
00000000
00000000
00001000
00000000
00000000
00000000
00000000

29 : 
30 : 
31 : 
32 : 
33 : 
34 : 
35 : 
36 : 
37 : 
38 : 
39 : 
40 : 
41 : 
42 : 
43 : 
44 : 
45 : 
46 : 
47 : 
48 : 
49 : 
50 : 
51 : 
52 : 
53 : 
54 : 
55 : 
56 : 
57 : 
58 : 
59 : 
60 : 
61 : 
62 : 
63 : 
[49m ABCDEFGH
8[40m♖[47m♘[40m♗[47m♕[40m♔[47m♗[40m♘[47m♖[49m
7[47m♙[40m♙[47m♙[40m♙[47m [40m♙[47m♙[40m♙[49m
6[40m [47m [40m [47m [40m [47m [40m [47m [49m
5[47m [40m [47m [40m [47m [40m [47m [40m [49m
4[40m [47m [40m [47m♙[40m♟[47m [40m [47m [49m
3[47m [40m [47m [40m [47m [40m [47m [40m [49m
2[40m♟[47m♟[40m♟[47m [40m [47m♟[40m♟[47m♟[49m
1[47m♜[40m♞[47m♝[40m♛[47m♚[40m♝[47m♞[40m♜[49m
Coup (eg. a1a8) ? move: f2f3
00000000
00000000
00000000
00000000
00000100
00000100
00000000
00000000
Move count :30
0 : 
1 : 
2 : 
3 : 
4 : 
5 : 
6 : 
7 : 
8 : 
9 : 
10 : 
11 : 
12 : 
13 : 
14 : 
15 : 
16 : 
17 : 
18 : 
19 : 
20 : 
21 : 
22 : 
23 : 
24 : 
25 : 
26 : 
27 : 00000000
00000000
00000000
00000000
00000000
00010000
00000000
00000000

28 : 
29 : 
30 : 
31 : 
32 : 
33 : 
34 : 
35 : 
36 : 
37 : 
38 : 
39 : 
40 : 
41 : 
42 : 
43 : 
44 : 
45 : 
46 : 
47 : 
48 : 00000000
00000000
10000000
10000000
00000000
00000000
00000000
00000000

49 : 00000000
00000000
01000000
01000000
00000000
00000000
00000000
00000000

50 : 00000000
00000000
00100000
00100000
00000000
00000000
00000000
00000000

51 : 00000000
00000000
00010000
00010000
00000000
00000000
00000000
00000000

52 : 
53 : 00000000
00000000
00000100
00000100
00000000
00000000
00000000
00000000

54 : 00000000
00000000
00000010
00000010
00000000
00000000
00000000
00000000

55 : 00000000
00000000
00000001
00000001
00000000
00000000
00000000
00000000

56 : 
57 : 00000000
00000000
10100000
00000000
00000000
00000000
00000000
00000000

58 : 
59 : 00000000
00001000
00000100
00000010
00000001
00000000
00000000
00000000

60 : 00000000
00001000
00000000
00000000
00000000
00000000
00000000
00000000

61 : 00000000
00001000
00010000
00100000
01000000
10000000
00000000
00000000

62 : 00000000
00001000
00000101
00000000
00000000
00000000
00000000
00000000

63 : 
[49m ABCDEFGH
8[40m♖[47m♘[40m♗[47m♕[40m♔[47m♗[40m♘[47m♖[49m
7[47m♙[40m♙[47m♙[40m♙[47m [40m♙[47m♙[40m♙[49m
6[40m [47m [40m [47m [40m [47m [40m [47m [49m
5[47m [40m [47m [40m [47m [40m [47m [40m [49m
4[40m [47m [40m [47m♙[40m♟[47m [40m [47m [49m
3[47m [40m [47m [40m [47m [40m♟[47m [40m [49m
2[40m♟[47m♟[40m♟[47m [40m [47m [40m♟[47m♟[49m
1[47m♜[40m♞[47m♝[40m♛[47m♚[40m♝[47m♞[40m♜[49m
Coup (eg. a1a8) ? move: d4d3
00000000
00000000
00000000
00000000
00000000
00010000
00000000
00000000
Move count :30
0 : 
1 : 00000000
00000000
00000000
00000000
00000000
10100000
00010000
00000000

2 : 00000000
00000000
00000001
00000010
00000100
00001000
00010000
00000000

3 : 00000000
00000000
00000000
00000000
00000000
00010000
00011000
00000000

4 : 00000000
00000000
00000000
00000000
00000000
00000000
00010100
00000000

5 : 00000000
00000000
00000000
00000000
00000000
00010000
00001000
00000000

6 : 00000000
00000000
00000000
00000000
00000000
00000001
00001000
00000000

7 : 
8 : 00000000
00000000
00000000
00000000
10000000
10000000
00000000
00000000

9 : 00000000
00000000
00000000
00000000
01000000
01000000
00000000
00000000

10 : 00000000
00000000
00000000
00000000
00100000
00110000
00000000
00000000

11 : 
12 : 
13 : 
14 : 00000000
00000000
00000000
00000000
00000010
00000010
00000000
00000000

15 : 00000000
00000000
00000000
00000000
00000001
00000001
00000000
00000000

16 : 
17 : 
18 : 
19 : 
20 : 
21 : 00000000
00000000
00000000
00000000
00000100
00000000
00000000
00000000

22 : 
23 : 
24 : 
25 : 
26 : 
27 : 
28 : 00000000
00000000
00000000
00001000
00000000
00000000
00000000
00000000

29 : 
30 : 
31 : 
32 : 
33 : 
34 : 
35 : 
36 : 
37 : 
38 : 
39 : 
40 : 
41 : 
42 : 
43 : 
44 : 
45 : 
46 : 
47 : 
48 : 
49 : 
50 : 
51 : 
52 : 
53 : 
54 : 
55 : 
56 : 
57 : 
58 : 
59 : 
60 : 
61 : 
62 : 
63 : 
[49m ABCDEFGH
8[40m♖[47m♘[40m♗[47m♕[40m♔[47m♗[40m♘[47m♖[49m
7[47m♙[40m♙[47m♙[40m♙[47m [40m♙[47m♙[40m♙[49m
6[40m [47m [40m [47m [40m [47m [40m [47m [49m
5[47m [40m [47m [40m [47m [40m [47m [40m [49m
4[40m [47m [40m [47m [40m♟[47m [40m [47m [49m
3[47m [40m [47m [40m♙[47m [40m♟[47m [40m [49m
2[40m♟[47m♟[40m♟[47m [40m [47m [40m♟[47m♟[49m
1[47m♜[40m♞[47m♝[40m♛[47m♚[40m♝[47m♞[40m♜[49m
Coup (eg. a1a8) ? move: c2d3
00000000
00000000
00000000
00000000
00100000
00110000
00000000
00000000
Move count :29
0 : 
1 : 
2 : 
3 : 
4 : 
5 : 
6 : 
7 : 
8 : 
9 : 
10 : 
11 : 
12 : 
13 : 
14 : 
15 : 
16 : 
17 : 
18 : 
19 : 
20 : 
21 : 
22 : 
23 : 
24 : 
25 : 
26 : 
27 : 
28 : 
29 : 
30 : 
31 : 
32 : 
33 : 
34 : 
35 : 
36 : 
37 : 
38 : 
39 : 
40 : 
41 : 
42 : 
43 : 
44 : 
45 : 
46 : 
47 : 
48 : 00000000
00000000
10000000
10000000
00000000
00000000
00000000
00000000

49 : 00000000
00000000
01000000
01000000
00000000
00000000
00000000
00000000

50 : 00000000
00000000
00100000
00100000
00000000
00000000
00000000
00000000

51 : 00000000
00000000
00010000
00010000
00000000
00000000
00000000
00000000

52 : 
53 : 00000000
00000000
00000100
00000100
00000000
00000000
00000000
00000000

54 : 00000000
00000000
00000010
00000010
00000000
00000000
00000000
00000000

55 : 00000000
00000000
00000001
00000001
00000000
00000000
00000000
00000000

56 : 
57 : 00000000
00000000
10100000
00000000
00000000
00000000
00000000
00000000

58 : 
59 : 00000000
00001000
00000100
00000010
00000001
00000000
00000000
00000000

60 : 00000000
00001000
00000000
00000000
00000000
00000000
00000000
00000000

61 : 00000000
00001000
00010000
00100000
01000000
10000000
00000000
00000000

62 : 00000000
00001000
00000101
00000000
00000000
00000000
00000000
00000000

63 : 
[49m ABCDEFGH
8[40m♖[47m♘[40m♗[47m♕[40m♔[47m♗[40m♘[47m♖[49m
7[47m♙[40m♙[47m♙[40m♙[47m [40m♙[47m♙[40m♙[49m
6[40m [47m [40m [47m [40m [47m [40m [47m [49m
5[47m [40m [47m [40m [47m [40m [47m [40m [49m
4[40m [47m [40m [47m [40m♟[47m [40m [47m [49m
3[47m [40m [47m [40m♟[47m [40m♟[47m [40m [49m
2[40m♟[47m♟[40m [47m [40m [47m [40m♟[47m♟[49m
1[47m♜[40m♞[47m♝[40m♛[47m♚[40m♝[47m♞[40m♜[49m
Coup (eg. a1a8) ? move: d7d5
00000000
00000000
00010000
00010000
00000000
00000000
00000000
00000000
enpassant
Move count :31
0 : 
1 : 00000000
00000000
00000000
00000000
00000000
10100000
00010000
00000000

2 : 00000000
00000000
00000001
00000010
00000100
00001000
00010000
00000000

3 : 00000000
00000000
00000000
00000000
10000000
01000000
00111000
00000000

4 : 00000000
00000000
00000000
00000000
00000000
00000000
00011100
00000000

5 : 00000000
00000000
00000000
00000000
00000000
00000000
00001000
00000000

6 : 00000000
00000000
00000000
00000000
00000000
00000001
00001000
00000000

7 : 
8 : 00000000
00000000
00000000
00000000
10000000
10000000
00000000
00000000

9 : 00000000
00000000
00000000
00000000
01000000
01000000
00000000
00000000

10 : 
11 : 
12 : 
13 : 
14 : 00000000
00000000
00000000
00000000
00000010
00000010
00000000
00000000

15 : 00000000
00000000
00000000
00000000
00000001
00000001
00000000
00000000

16 : 
17 : 
18 : 
19 : 00000000
00000000
00000000
00000000
00010000
00000000
00000000
00000000

20 : 
21 : 00000000
00000000
00000000
00000000
00000100
00000000
00000000
00000000

22 : 
23 : 
24 : 
25 : 
26 : 
27 : 
28 : 00000000
00000000
00000000
00011000
00000000
00000000
00000000
00000000

29 : 
30 : 
31 : 
32 : 
33 : 
34 : 
35 : 
36 : 
37 : 
38 : 
39 : 
40 : 
41 : 
42 : 
43 : 
44 : 
45 : 
46 : 
47 : 
48 : 
49 : 
50 : 
51 : 
52 : 
53 : 
54 : 
55 : 
56 : 
57 : 
58 : 
59 : 
60 : 
61 : 
62 : 
63 : 
[49m ABCDEFGH
8[40m♖[47m♘[40m♗[47m♕[40m♔[47m♗[40m♘[47m♖[49m
7[47m♙[40m♙[47m♙[40m [47m [40m♙[47m♙[40m♙[49m
6[40m [47m [40m [47m [40m [47m [40m [47m [49m
5[47m [40m [47m [40m♙[47m [40m [47m [40m [49m
4[40m [47m [40m [47m [40m♟[47m [40m [47m [49m
3[47m [40m [47m [40m♟[47m [40m♟[47m [40m [49m
2[40m♟[47m♟[40m [47m [40m [47m [40m♟[47m♟[49m
1[47m♜[40m♞[47m♝[40m♛[47m♚[40m♝[47m♞[40m♜[49m
Coup (eg. a1a8) ? move: e4e5
00000000
00000000
00000000
00011000
00000000
00000000
00000000
00000000
Move count :37
0 : 
1 : 
2 : 
3 : 
4 : 
5 : 
6 : 
7 : 
8 : 
9 : 
10 : 
11 : 
12 : 
13 : 
14 : 
15 : 
16 : 
17 : 
18 : 
19 : 
20 : 
21 : 
22 : 
23 : 
24 : 
25 : 
26 : 
27 : 
28 : 
29 : 
30 : 
31 : 
32 : 
33 : 
34 : 
35 : 00000000
00000000
00000000
00000000
00010000
00000000
00000000
00000000

36 : 
37 : 
38 : 
39 : 
40 : 
41 : 
42 : 
43 : 
44 : 
45 : 
46 : 
47 : 
48 : 00000000
00000000
10000000
10000000
00000000
00000000
00000000
00000000

49 : 00000000
00000000
01000000
01000000
00000000
00000000
00000000
00000000

50 : 00000000
00000000
00100000
00100000
00000000
00000000
00000000
00000000

51 : 
52 : 
53 : 00000000
00000000
00000100
00000100
00000000
00000000
00000000
00000000

54 : 00000000
00000000
00000010
00000010
00000000
00000000
00000000
00000000

55 : 00000000
00000000
00000001
00000001
00000000
00000000
00000000
00000000

56 : 
57 : 00000000
00010000
10100000
00000000
00000000
00000000
00000000
00000000

58 : 00000000
00010000
00001000
00000100
00000010
00000001
00000000
00000000

59 : 00000000
00011000
00010100
00000010
00000001
00000000
00000000
00000000

60 : 00000000
00011000
00000000
00000000
00000000
00000000
00000000
00000000

61 : 00000000
00001000
00010000
00100000
01000000
10000000
00000000
00000000

62 : 00000000
00001000
00000101
00000000
00000000
00000000
00000000
00000000

63 : 
[49m ABCDEFGH
8[40m♖[47m♘[40m♗[47m♕[40m♔[47m♗[40m♘[47m♖[49m
7[47m♙[40m♙[47m♙[40m [47m [40m♙[47m♙[40m♙[49m
6[40m [47m [40m [47m [40m [47m [40m [47m [49m
5[47m [40m [47m [40m♙[47m♟[40m [47m [40m [49m
4[40m [47m [40m [47m [40m [47m [40m [47m [49m
3[47m [40m [47m [40m♟[47m [40m♟[47m [40m [49m
2[40m♟[47m♟[40m [47m [40m [47m [40m♟[47m♟[49m
1[47m♜[40m♞[47m♝[40m♛[47m♚[40m♝[47m♞[40m♜[49m
Coup (eg. a1a8) ? move: d5d4
00000000
00000000
00000000
00000000
00010000
00000000
00000000
00000000
Move count :29
0 : 
1 : 00000000
00000000
00000000
00000000
00000000
10100000
00010000
00000000

2 : 00000000
00000000
00000001
00000010
00000100
00001000
00010000
00000000

3 : 00000000
00000000
00000000
00000000
10000000
01000000
00111000
00000000

4 : 00000000
00000000
00000000
00000000
00000000
00000000
00011100
00000000

5 : 00000000
00000000
00000000
00000000
00000000
00000000
00001000
00000000

6 : 00000000
00000000
00000000
00000000
00000000
00000001
00001000
00000000

7 : 
8 : 00000000
00000000
00000000
00000000
10000000
10000000
00000000
00000000

9 : 00000000
00000000
00000000
00000000
01000000
01000000
00000000
00000000

10 : 
11 : 
12 : 
13 : 
14 : 00000000
00000000
00000000
00000000
00000010
00000010
00000000
00000000

15 : 00000000
00000000
00000000
00000000
00000001
00000001
00000000
00000000

16 : 
17 : 
18 : 
19 : 
20 : 
21 : 00000000
00000000
00000000
00000000
00000100
00000000
00000000
00000000

22 : 
23 : 
24 : 
25 : 
26 : 
27 : 
28 : 
29 : 
30 : 
31 : 
32 : 
33 : 
34 : 
35 : 
36 : 00000000
00000000
00001000
00000000
00000000
00000000
00000000
00000000

37 : 
38 : 
39 : 
40 : 
41 : 
42 : 
43 : 
44 : 
45 : 
46 : 
47 : 
48 : 
49 : 
50 : 
51 : 
52 : 
53 : 
54 : 
55 : 
56 : 
57 : 
58 : 
59 : 
60 : 
61 : 
62 : 
63 : 
[49m ABCDEFGH
8[40m♖[47m♘[40m♗[47m♕[40m♔[47m♗[40m♘[47m♖[49m
7[47m♙[40m♙[47m♙[40m [47m [40m♙[47m♙[40m♙[49m
6[40m [47m [40m [47m [40m [47m [40m [47m [49m
5[47m [40m [47m [40m [47m♟[40m [47m [40m [49m
4[40m [47m [40m [47m♙[40m [47m [40m [47m [49m
3[47m [40m [47m [40m♟[47m [40m♟[47m [40m [49m
2[40m♟[47m♟[40m [47m [40m [47m [40m♟[47m♟[49m
1[47m♜[40m♞[47m♝[40m♛[47m♚[40m♝[47m♞[40m♜[49m
Coup (eg. a1a8) ? 
wR,wN,wB,wQ,wK,wB,wN,wR,wP,wP,,,,,wP,wP,,,,wP,,wP,,,,,,bP,,,,,,,,,wP,,,,,,,,,,,,bP,bP,bP,,,bP,bP,bP,bR,bN,bB,bQ,bK,bB,bN,bR, ?-?
  -> [0;32mreference position: OK[0m
  -> [0;32mreference result: OK[0m
  -> [0m(exit code=0)
[0;33m> data/1-ill-bishop-1.txt[0m
[49m ABCDEFGH
8[40m♖[47m♘[40m♗[47m♕[40m♔[47m♗[40m♘[47m♖[49m
7[47m♙[40m♙[47m♙[40m♙[47m♙[40m♙[47m♙[40m♙[49m
6[40m [47m [40m [47m [40m [47m [40m [47m [49m
5[47m [40m [47m [40m [47m [40m [47m [40m [49m
4[40m [47m [40m [47m [40m [47m [40m [47m [49m
3[47m [40m [47m [40m [47m [40m [47m [40m [49m
2[40m♟[47m♟[40m♟[47m♟[40m♟[47m♟[40m♟[47m♟[49m
1[47m♜[40m♞[47m♝[40m♛[47m♚[40m♝[47m♞[40m♜[49m
Coup (eg. a1a8) ? move: d2d4
00000000
00000000
00000000
00000000
00010000
00010000
00000000
00000000
enpassant
Move count :20
0 : 
1 : 
2 : 
3 : 
4 : 
5 : 
6 : 
7 : 
8 : 
9 : 
10 : 
11 : 
12 : 
13 : 
14 : 
15 : 
16 : 
17 : 
18 : 
19 : 
20 : 
21 : 
22 : 
23 : 
24 : 
25 : 
26 : 
27 : 
28 : 
29 : 
30 : 
31 : 
32 : 
33 : 
34 : 
35 : 
36 : 
37 : 
38 : 
39 : 
40 : 
41 : 
42 : 
43 : 
44 : 
45 : 
46 : 
47 : 
48 : 00000000
00000000
10000000
10000000
00000000
00000000
00000000
00000000

49 : 00000000
00000000
01000000
01000000
00000000
00000000
00000000
00000000

50 : 00000000
00000000
00100000
00100000
00000000
00000000
00000000
00000000

51 : 00000000
00000000
00010000
00010000
00000000
00000000
00000000
00000000

52 : 00000000
00000000
00001000
00001000
00000000
00000000
00000000
00000000

53 : 00000000
00000000
00000100
00000100
00000000
00000000
00000000
00000000

54 : 00000000
00000000
00000010
00000010
00000000
00000000
00000000
00000000

55 : 00000000
00000000
00000001
00000001
00000000
00000000
00000000
00000000

56 : 
57 : 00000000
00000000
10100000
00000000
00000000
00000000
00000000
00000000

58 : 
59 : 
60 : 
61 : 
62 : 00000000
00000000
00000101
00000000
00000000
00000000
00000000
00000000

63 : 
[49m ABCDEFGH
8[40m♖[47m♘[40m♗[47m♕[40m♔[47m♗[40m♘[47m♖[49m
7[47m♙[40m♙[47m♙[40m♙[47m♙[40m♙[47m♙[40m♙[49m
6[40m [47m [40m [47m [40m [47m [40m [47m [49m
5[47m [40m [47m [40m [47m [40m [47m [40m [49m
4[40m [47m [40m [47m♟[40m [47m [40m [47m [49m
3[47m [40m [47m [40m [47m [40m [47m [40m [49m
2[40m♟[47m♟[40m♟[47m [40m♟[47m♟[40m♟[47m♟[49m
1[47m♜[40m♞[47m♝[40m♛[47m♚[40m♝[47m♞[40m♜[49m
Coup (eg. a1a8) ? move: d7d5
00000000
00000000
00010000
00010000
00000000
00000000
00000000
00000000
enpassant
Move count :27
0 : 
1 : 00000000
00000000
00000000
00000000
00000000
10100000
00010000
00000000

2 : 00000000
00000000
00000001
00000010
00000100
00001000
00010000
00000000

3 : 00000000
00000000
00000000
00000000
00000000
00010000
00010000
00000000

4 : 00000000
00000000
00000000
00000000
00000000
00000000
00010000
00000000

5 : 
6 : 00000000
00000000
00000000
00000000
00000000
00000101
00000000
00000000

7 : 
8 : 00000000
00000000
00000000
00000000
10000000
10000000
00000000
00000000

9 : 00000000
00000000
00000000
00000000
01000000
01000000
00000000
00000000

10 : 00000000
00000000
00000000
00000000
00100000
00100000
00000000
00000000

11 : 
12 : 00000000
00000000
00000000
00000000
00001000
00001000
00000000
00000000

13 : 00000000
00000000
00000000
00000000
00000100
00000100
00000000
00000000

14 : 00000000
00000000
00000000
00000000
00000010
00000010
00000000
00000000

15 : 00000000
00000000
00000000
00000000
00000001
00000001
00000000
00000000

16 : 
17 : 
18 : 
19 : 
20 : 
21 : 
22 : 
23 : 
24 : 
25 : 
26 : 
27 : 
28 : 
29 : 
30 : 
31 : 
32 : 
33 : 
34 : 
35 : 
36 : 
37 : 
38 : 
39 : 
40 : 
41 : 
42 : 
43 : 
44 : 
45 : 
46 : 
47 : 
48 : 
49 : 
50 : 
51 : 
52 : 
53 : 
54 : 
55 : 
56 : 
57 : 
58 : 
59 : 
60 : 
61 : 
62 : 
63 : 
[49m ABCDEFGH
8[40m♖[47m♘[40m♗[47m♕[40m♔[47m♗[40m♘[47m♖[49m
7[47m♙[40m♙[47m♙[40m [47m♙[40m♙[47m♙[40m♙[49m
6[40m [47m [40m [47m [40m [47m [40m [47m [49m
5[47m [40m [47m [40m♙[47m [40m [47m [40m [49m
4[40m [47m [40m [47m♟[40m [47m [40m [47m [49m
3[47m [40m [47m [40m [47m [40m [47m [40m [49m
2[40m♟[47m♟[40m♟[47m [40m♟[47m♟[40m♟[47m♟[49m
1[47m♜[40m♞[47m♝[40m♛[47m♚[40m♝[47m♞[40m♜[49m
Coup (eg. a1a8) ? move: c1g5
00000000
00000000
00000001
00000010
00000100
00001000
00010000
00000000
Move count :26
0 : 
1 : 
2 : 
3 : 
4 : 
5 : 
6 : 
7 : 
8 : 
9 : 
10 : 
11 : 
12 : 
13 : 
14 : 
15 : 
16 : 
17 : 
18 : 
19 : 
20 : 
21 : 
22 : 
23 : 
24 : 
25 : 
26 : 
27 : 
28 : 
29 : 
30 : 
31 : 
32 : 
33 : 
34 : 
35 : 
36 : 
37 : 
38 : 
39 : 
40 : 
41 : 
42 : 
43 : 
44 : 
45 : 
46 : 
47 : 
48 : 00000000
00000000
10000000
10000000
00000000
00000000
00000000
00000000

49 : 00000000
00000000
01000000
01000000
00000000
00000000
00000000
00000000

50 : 00000000
00000000
00100000
00100000
00000000
00000000
00000000
00000000

51 : 
52 : 00000000
00000000
00001000
00001000
00000000
00000000
00000000
00000000

53 : 00000000
00000000
00000100
00000100
00000000
00000000
00000000
00000000

54 : 00000000
00000000
00000010
00000000
00000000
00000000
00000000
00000000

55 : 00000000
00000000
00000001
00000001
00000000
00000000
00000000
00000000

56 : 
57 : 00000000
00010000
10100000
00000000
00000000
00000000
00000000
00000000

58 : 00000000
00010000
00001000
00000100
00000010
00000001
00000000
00000000

59 : 00000000
00010000
00010000
00000000
00000000
00000000
00000000
00000000

60 : 00000000
00010000
00000000
00000000
00000000
00000000
00000000
00000000

61 : 
62 : 00000000
00000000
00000101
00000000
00000000
00000000
00000000
00000000

63 : 
[49m ABCDEFGH
8[40m♖[47m♘[40m♗[47m♕[40m♔[47m♗[40m♘[47m♖[49m
7[47m♙[40m♙[47m♙[40m [47m♙[40m♙[47m♙[40m♙[49m
6[40m [47m [40m [47m [40m [47m [40m [47m [49m
5[47m [40m [47m [40m♙[47m [40m [47m♝[40m [49m
4[40m [47m [40m [47m♟[40m [47m [40m [47m [49m
3[47m [40m [47m [40m [47m [40m [47m [40m [49m
2[40m♟[47m♟[40m♟[47m [40m♟[47m♟[40m♟[47m♟[49m
1[47m♜[40m♞[47m [40m♛[47m♚[40m♝[47m♞[40m♜[49m
Coup (eg. a1a8) ? move: f8b5
00000000
00000000
00000000
00000000
00000000
00000000
00000000
00000000
Illegal move
Coup (eg. a1a8) ? move: f7f6
00000000
00000000
00000100
00000100
00000000
00000000
00000000
00000000
Move count :30
0 : 
1 : 00000000
00000000
00000000
00000000
00000000
10100000
00010000
00000000

2 : 
3 : 00000000
00000000
00000000
00000000
00000000
00010000
00010000
00100000

4 : 00000000
00000000
00000000
00000000
00000000
00000000
00010000
00000000

5 : 
6 : 00000000
00000000
00000000
00000000
00000000
00000101
00000000
00000000

7 : 
8 : 00000000
00000000
00000000
00000000
10000000
10000000
00000000
00000000

9 : 00000000
00000000
00000000
00000000
01000000
01000000
00000000
00000000

10 : 00000000
00000000
00000000
00000000
00100000
00100000
00000000
00000000

11 : 
12 : 00000000
00000000
00000000
00000000
00001000
00001000
00000000
00000000

13 : 00000000
00000000
00000000
00000000
00000100
00000100
00000000
00000000

14 : 00000000
00000000
00000000
00000000
00000010
00000010
00000000
00000000

15 : 00000000
00000000
00000000
00000000
00000001
00000001
00000000
00000000

16 : 
17 : 
18 : 
19 : 
20 : 
21 : 
22 : 
23 : 
24 : 
25 : 
26 : 
27 : 
28 : 
29 : 
30 : 
31 : 
32 : 
33 : 
34 : 
35 : 
36 : 
37 : 
38 : 00000000
00000000
00000101
00000000
00000101
00001000
00010000
00100000

39 : 
40 : 
41 : 
42 : 
43 : 
44 : 
45 : 
46 : 
47 : 
48 : 
49 : 
50 : 
51 : 
52 : 
53 : 
54 : 
55 : 
56 : 
57 : 
58 : 
59 : 
60 : 
61 : 
62 : 
63 : 
[49m ABCDEFGH
8[40m♖[47m♘[40m♗[47m♕[40m♔[47m♗[40m♘[47m♖[49m
7[47m♙[40m♙[47m♙[40m [47m♙[40m [47m♙[40m♙[49m
6[40m [47m [40m [47m [40m [47m♙[40m [47m [49m
5[47m [40m [47m [40m♙[47m [40m [47m♝[40m [49m
4[40m [47m [40m [47m♟[40m [47m [40m [47m [49m
3[47m [40m [47m [40m [47m [40m [47m [40m [49m
2[40m♟[47m♟[40m♟[47m [40m♟[47m♟[40m♟[47m♟[49m
1[47m♜[40m♞[47m [40m♛[47m♚[40m♝[47m♞[40m♜[49m
Coup (eg. a1a8) ? move: g5d8
00000000
00000000
00000101
00000000
00000101
00001000
00010000
00100000
Illegal move
Coup (eg. a1a8) ? move: g5h4
00000000
00000000
00000101
00000000
00000101
00001000
00010000
00100000
Move count :26
0 : 
1 : 
2 : 
3 : 
4 : 
5 : 
6 : 
7 : 
8 : 
9 : 
10 : 
11 : 
12 : 
13 : 
14 : 
15 : 
16 : 
17 : 
18 : 
19 : 
20 : 
21 : 
22 : 
23 : 
24 : 
25 : 
26 : 
27 : 
28 : 
29 : 
30 : 
31 : 
32 : 
33 : 
34 : 
35 : 
36 : 
37 : 
38 : 
39 : 
40 : 
41 : 
42 : 
43 : 
44 : 
45 : 00000000
00000000
00000000
00000100
00000000
00000000
00000000
00000000

46 : 
47 : 
48 : 00000000
00000000
10000000
10000000
00000000
00000000
00000000
00000000

49 : 00000000
00000000
01000000
01000000
00000000
00000000
00000000
00000000

50 : 00000000
00000000
00100000
00100000
00000000
00000000
00000000
00000000

51 : 
52 : 00000000
00000000
00001000
00001000
00000000
00000000
00000000
00000000

53 : 
54 : 00000000
00000000
00000010
00000010
00000000
00000000
00000000
00000000

55 : 00000000
00000000
00000001
00000001
00000000
00000000
00000000
00000000

56 : 
57 : 00000000
00010000
10100000
00000000
00000000
00000000
00000000
00000000

58 : 00000000
00010000
00001000
00000100
00000010
00000001
00000000
00000000

59 : 00000000
00010000
00010000
00000000
00000000
00000000
00000000
00000000

60 : 00000000
00010100
00000000
00000000
00000000
00000000
00000000
00000000

61 : 
62 : 00000000
00000000
00000001
00000000
00000000
00000000
00000000
00000000

63 : 
[49m ABCDEFGH
8[40m♖[47m♘[40m♗[47m♕[40m♔[47m♗[40m♘[47m♖[49m
7[47m♙[40m♙[47m♙[40m [47m♙[40m [47m♙[40m♙[49m
6[40m [47m [40m [47m [40m [47m♙[40m [47m [49m
5[47m [40m [47m [40m♙[47m [40m [47m [40m [49m
4[40m [47m [40m [47m♟[40m [47m [40m [47m♝[49m
3[47m [40m [47m [40m [47m [40m [47m [40m [49m
2[40m♟[47m♟[40m♟[47m [40m♟[47m♟[40m♟[47m♟[49m
1[47m♜[40m♞[47m [40m♛[47m♚[40m♝[47m♞[40m♜[49m
Coup (eg. a1a8) ? move: c8b7
00000000
00010000
00001000
00000100
00000010
00000001
00000000
00000000
Illegal move
Coup (eg. a1a8) ? move: c8d8
00000000
00010000
00001000
00000100
00000010
00000001
00000000
00000000
Illegal move
Coup (eg. a1a8) ? move: c8f5
00000000
00010000
00001000
00000100
00000010
00000001
00000000
00000000
Move count :25
0 : 
1 : 00000000
00000000
00000000
00000000
00000000
10100000
00010000
00000000

2 : 
3 : 00000000
00000000
00000000
00000000
00000000
00010000
00010000
00100000

4 : 00000000
00000000
00000000
00000000
00000000
00000000
00010000
00000000

5 : 
6 : 00000000
00000000
00000000
00000000
00000000
00000101
00000000
00000000

7 : 
8 : 00000000
00000000
00000000
00000000
10000000
10000000
00000000
00000000

9 : 00000000
00000000
00000000
00000000
01000000
01000000
00000000
00000000

10 : 00000000
00000000
00000000
00000000
00100000
00100000
00000000
00000000

11 : 
12 : 00000000
00000000
00000000
00000000
00001000
00001000
00000000
00000000

13 : 00000000
00000000
00000000
00000000
00000100
00000100
00000000
00000000

14 : 00000000
00000000
00000000
00000000
00000010
00000010
00000000
00000000

15 : 00000000
00000000
00000000
00000000
00000000
00000001
00000000
00000000

16 : 
17 : 
18 : 
19 : 
20 : 
21 : 
22 : 
23 : 
24 : 
25 : 
26 : 
27 : 
28 : 
29 : 
30 : 
31 : 00000000
00000000
00000100
00000010
00000000
00000010
00000000
00000000

32 : 
33 : 
34 : 
35 : 
36 : 
37 : 
38 : 
39 : 
40 : 
41 : 
42 : 
43 : 
44 : 
45 : 
46 : 
47 : 
48 : 
49 : 
50 : 
51 : 
52 : 
53 : 
54 : 
55 : 
56 : 
57 : 
58 : 
59 : 
60 : 
61 : 
62 : 
63 : 
[49m ABCDEFGH
8[40m♖[47m♘[40m [47m♕[40m♔[47m♗[40m♘[47m♖[49m
7[47m♙[40m♙[47m♙[40m [47m♙[40m [47m♙[40m♙[49m
6[40m [47m [40m [47m [40m [47m♙[40m [47m [49m
5[47m [40m [47m [40m♙[47m [40m♗[47m [40m [49m
4[40m [47m [40m [47m♟[40m [47m [40m [47m♝[49m
3[47m [40m [47m [40m [47m [40m [47m [40m [49m
2[40m♟[47m♟[40m♟[47m [40m♟[47m♟[40m♟[47m♟[49m
1[47m♜[40m♞[47m [40m♛[47m♚[40m♝[47m♞[40m♜[49m
Coup (eg. a1a8) ? 
wR,wN,,wQ,wK,wB,wN,wR,wP,wP,wP,,wP,wP,wP,wP,,,,,,,,,,,,wP,,,,wB,,,,bP,,bB,,,,,,,,bP,,,bP,bP,bP,,bP,,bP,bP,bR,bN,,bQ,bK,bB,bN,bR, ?-?
  -> [0;32mreference position: OK[0m
  -> [0;32mreference result: OK[0m
  -> [0m(exit code=0)
[0;33m> data/1-ill-diagonal-obstacle.txt[0m
[49m ABCDEFGH
8[40m♖[47m♘[40m♗[47m♕[40m♔[47m♗[40m♘[47m♖[49m
7[47m♙[40m♙[47m♙[40m♙[47m♙[40m♙[47m♙[40m♙[49m
6[40m [47m [40m [47m [40m [47m [40m [47m [49m
5[47m [40m [47m [40m [47m [40m [47m [40m [49m
4[40m [47m [40m [47m [40m [47m [40m [47m [49m
3[47m [40m [47m [40m [47m [40m [47m [40m [49m
2[40m♟[47m♟[40m♟[47m♟[40m♟[47m♟[40m♟[47m♟[49m
1[47m♜[40m♞[47m♝[40m♛[47m♚[40m♝[47m♞[40m♜[49m
Coup (eg. a1a8) ? move: c1e3
00000000
00000000
00000000
00000000
00000000
00000000
00000000
00000000
Illegal move
Coup (eg. a1a8) ? move: f1d3
00000000
00000000
00000000
00000000
00000000
00000000
00000000
00000000
Illegal move
Coup (eg. a1a8) ? move: d2d3
00000000
00000000
00000000
00000000
00010000
00010000
00000000
00000000
Move count :20
0 : 
1 : 
2 : 
3 : 
4 : 
5 : 
6 : 
7 : 
8 : 
9 : 
10 : 
11 : 
12 : 
13 : 
14 : 
15 : 
16 : 
17 : 
18 : 
19 : 
20 : 
21 : 
22 : 
23 : 
24 : 
25 : 
26 : 
27 : 
28 : 
29 : 
30 : 
31 : 
32 : 
33 : 
34 : 
35 : 
36 : 
37 : 
38 : 
39 : 
40 : 
41 : 
42 : 
43 : 
44 : 
45 : 
46 : 
47 : 
48 : 00000000
00000000
10000000
10000000
00000000
00000000
00000000
00000000

49 : 00000000
00000000
01000000
01000000
00000000
00000000
00000000
00000000

50 : 00000000
00000000
00100000
00100000
00000000
00000000
00000000
00000000

51 : 00000000
00000000
00010000
00010000
00000000
00000000
00000000
00000000

52 : 00000000
00000000
00001000
00001000
00000000
00000000
00000000
00000000

53 : 00000000
00000000
00000100
00000100
00000000
00000000
00000000
00000000

54 : 00000000
00000000
00000010
00000010
00000000
00000000
00000000
00000000

55 : 00000000
00000000
00000001
00000001
00000000
00000000
00000000
00000000

56 : 
57 : 00000000
00000000
10100000
00000000
00000000
00000000
00000000
00000000

58 : 
59 : 
60 : 
61 : 
62 : 00000000
00000000
00000101
00000000
00000000
00000000
00000000
00000000

63 : 
[49m ABCDEFGH
8[40m♖[47m♘[40m♗[47m♕[40m♔[47m♗[40m♘[47m♖[49m
7[47m♙[40m♙[47m♙[40m♙[47m♙[40m♙[47m♙[40m♙[49m
6[40m [47m [40m [47m [40m [47m [40m [47m [49m
5[47m [40m [47m [40m [47m [40m [47m [40m [49m
4[40m [47m [40m [47m [40m [47m [40m [47m [49m
3[47m [40m [47m [40m♟[47m [40m [47m [40m [49m
2[40m♟[47m♟[40m♟[47m [40m♟[47m♟[40m♟[47m♟[49m
1[47m♜[40m♞[47m♝[40m♛[47m♚[40m♝[47m♞[40m♜[49m
Coup (eg. a1a8) ? move: c8e6
00000000
00000000
00000000
00000000
00000000
00000000
00000000
00000000
Illegal move
Coup (eg. a1a8) ? move: f8d6
00000000
00000000
00000000
00000000
00000000
00000000
00000000
00000000
Illegal move
Coup (eg. a1a8) ? move: d7d6
00000000
00000000
00010000
00010000
00000000
00000000
00000000
00000000
Move count :27
0 : 
1 : 00000000
00000000
00000000
00000000
00000000
10100000
00010000
00000000

2 : 00000000
00000000
00000001
00000010
00000100
00001000
00010000
00000000

3 : 00000000
00000000
00000000
00000000
00000000
00000000
00010000
00000000

4 : 00000000
00000000
00000000
00000000
00000000
00000000
00010000
00000000

5 : 
6 : 00000000
00000000
00000000
00000000
00000000
00000101
00000000
00000000

7 : 
8 : 00000000
00000000
00000000
00000000
10000000
10000000
00000000
00000000

9 : 00000000
00000000
00000000
00000000
01000000
01000000
00000000
00000000

10 : 00000000
00000000
00000000
00000000
00100000
00100000
00000000
00000000

11 : 
12 : 00000000
00000000
00000000
00000000
00001000
00001000
00000000
00000000

13 : 00000000
00000000
00000000
00000000
00000100
00000100
00000000
00000000

14 : 00000000
00000000
00000000
00000000
00000010
00000010
00000000
00000000

15 : 00000000
00000000
00000000
00000000
00000001
00000001
00000000
00000000

16 : 
17 : 
18 : 
19 : 00000000
00000000
00000000
00000000
00010000
00000000
00000000
00000000

20 : 
21 : 
22 : 
23 : 
24 : 
25 : 
26 : 
27 : 
28 : 
29 : 
30 : 
31 : 
32 : 
33 : 
34 : 
35 : 
36 : 
37 : 
38 : 
39 : 
40 : 
41 : 
42 : 
43 : 
44 : 
45 : 
46 : 
47 : 
48 : 
49 : 
50 : 
51 : 
52 : 
53 : 
54 : 
55 : 
56 : 
57 : 
58 : 
59 : 
60 : 
61 : 
62 : 
63 : 
[49m ABCDEFGH
8[40m♖[47m♘[40m♗[47m♕[40m♔[47m♗[40m♘[47m♖[49m
7[47m♙[40m♙[47m♙[40m [47m♙[40m♙[47m♙[40m♙[49m
6[40m [47m [40m [47m♙[40m [47m [40m [47m [49m
5[47m [40m [47m [40m [47m [40m [47m [40m [49m
4[40m [47m [40m [47m [40m [47m [40m [47m [49m
3[47m [40m [47m [40m♟[47m [40m [47m [40m [49m
2[40m♟[47m♟[40m♟[47m [40m♟[47m♟[40m♟[47m♟[49m
1[47m♜[40m♞[47m♝[40m♛[47m♚[40m♝[47m♞[40m♜[49m
Coup (eg. a1a8) ? move: c1f4
00000000
00000000
00000001
00000010
00000100
00001000
00010000
00000000
Move count :27
0 : 
1 : 
2 : 
3 : 
4 : 
5 : 
6 : 
7 : 
8 : 
9 : 
10 : 
11 : 
12 : 
13 : 
14 : 
15 : 
16 : 
17 : 
18 : 
19 : 
20 : 
21 : 
22 : 
23 : 
24 : 
25 : 
26 : 
27 : 
28 : 
29 : 
30 : 
31 : 
32 : 
33 : 
34 : 
35 : 
36 : 
37 : 
38 : 
39 : 
40 : 
41 : 
42 : 
43 : 00000000
00000000
00000000
00010000
00000000
00000000
00000000
00000000

44 : 
45 : 
46 : 
47 : 
48 : 00000000
00000000
10000000
10000000
00000000
00000000
00000000
00000000

49 : 00000000
00000000
01000000
01000000
00000000
00000000
00000000
00000000

50 : 00000000
00000000
00100000
00100000
00000000
00000000
00000000
00000000

51 : 
52 : 00000000
00000000
00001000
00001000
00000000
00000000
00000000
00000000

53 : 00000000
00000000
00000100
00000100
00000000
00000000
00000000
00000000

54 : 00000000
00000000
00000010
00000010
00000000
00000000
00000000
00000000

55 : 00000000
00000000
00000001
00000001
00000000
00000000
00000000
00000000

56 : 
57 : 00000000
00010000
10100000
00000000
00000000
00000000
00000000
00000000

58 : 00000000
00010000
00001000
00000100
00000010
00000001
00000000
00000000

59 : 00000000
00010000
00000000
00000000
00000000
00000000
00000000
00000000

60 : 00000000
00010000
00000000
00000000
00000000
00000000
00000000
00000000

61 : 
62 : 00000000
00000000
00000101
00000000
00000000
00000000
00000000
00000000

63 : 
[49m ABCDEFGH
8[40m♖[47m♘[40m♗[47m♕[40m♔[47m♗[40m♘[47m♖[49m
7[47m♙[40m♙[47m♙[40m [47m♙[40m♙[47m♙[40m♙[49m
6[40m [47m [40m [47m♙[40m [47m [40m [47m [49m
5[47m [40m [47m [40m [47m [40m [47m [40m [49m
4[40m [47m [40m [47m [40m [47m♝[40m [47m [49m
3[47m [40m [47m [40m♟[47m [40m [47m [40m [49m
2[40m♟[47m♟[40m♟[47m [40m♟[47m♟[40m♟[47m♟[49m
1[47m♜[40m♞[47m [40m♛[47m♚[40m♝[47m♞[40m♜[49m
Coup (eg. a1a8) ? move: c8f5
00000000
00010000
00001000
00000100
00000010
00000001
00000000
00000000
Move count :30
0 : 
1 : 00000000
00000000
00000000
00000000
00000000
10100000
00010000
00000000

2 : 
3 : 00000000
00000000
00000000
00000000
00000000
00000000
00010000
00100000

4 : 00000000
00000000
00000000
00000000
00000000
00000000
00010000
00000000

5 : 
6 : 00000000
00000000
00000000
00000000
00000000
00000101
00000000
00000000

7 : 
8 : 00000000
00000000
00000000
00000000
10000000
10000000
00000000
00000000

9 : 00000000
00000000
00000000
00000000
01000000
01000000
00000000
00000000

10 : 00000000
00000000
00000000
00000000
00100000
00100000
00000000
00000000

11 : 
12 : 00000000
00000000
00000000
00000000
00001000
00001000
00000000
00000000

13 : 00000000
00000000
00000000
00000000
00000000
00000100
00000000
00000000

14 : 00000000
00000000
00000000
00000000
00000010
00000010
00000000
00000000

15 : 00000000
00000000
00000000
00000000
00000001
00000001
00000000
00000000

16 : 
17 : 
18 : 
19 : 00000000
00000000
00000000
00000000
00010000
00000000
00000000
00000000

20 : 
21 : 
22 : 
23 : 
24 : 
25 : 
26 : 
27 : 
28 : 
29 : 00000000
00000000
00010001
00001010
00000000
00001010
00010000
00100000

30 : 
31 : 
32 : 
33 : 
34 : 
35 : 
36 : 
37 : 
38 : 
39 : 
40 : 
41 : 
42 : 
43 : 
44 : 
45 : 
46 : 
47 : 
48 : 
49 : 
50 : 
51 : 
52 : 
53 : 
54 : 
55 : 
56 : 
57 : 
58 : 
59 : 
60 : 
61 : 
62 : 
63 : 
[49m ABCDEFGH
8[40m♖[47m♘[40m [47m♕[40m♔[47m♗[40m♘[47m♖[49m
7[47m♙[40m♙[47m♙[40m [47m♙[40m♙[47m♙[40m♙[49m
6[40m [47m [40m [47m♙[40m [47m [40m [47m [49m
5[47m [40m [47m [40m [47m [40m♗[47m [40m [49m
4[40m [47m [40m [47m [40m [47m♝[40m [47m [49m
3[47m [40m [47m [40m♟[47m [40m [47m [40m [49m
2[40m♟[47m♟[40m♟[47m [40m♟[47m♟[40m♟[47m♟[49m
1[47m♜[40m♞[47m [40m♛[47m♚[40m♝[47m♞[40m♜[49m
Coup (eg. a1a8) ? move: c2c3
00000000
00000000
00000000
00000000
00100000
00100000
00000000
00000000
Move count :30
0 : 
1 : 
2 : 
3 : 
4 : 
5 : 
6 : 
7 : 
8 : 
9 : 
10 : 
11 : 
12 : 
13 : 
14 : 
15 : 
16 : 
17 : 
18 : 
19 : 
20 : 
21 : 
22 : 
23 : 
24 : 
25 : 
26 : 
27 : 
28 : 
29 : 
30 : 
31 : 
32 : 
33 : 
34 : 
35 : 
36 : 
37 : 00100000
00010000
00001010
00000000
00001010
00010001
00000000
00000000

38 : 
39 : 
40 : 
41 : 
42 : 
43 : 00000000
00000000
00000000
00010000
00000000
00000000
00000000
00000000

44 : 
45 : 
46 : 
47 : 
48 : 00000000
00000000
10000000
10000000
00000000
00000000
00000000
00000000

49 : 00000000
00000000
01000000
01000000
00000000
00000000
00000000
00000000

50 : 00000000
00000000
00100000
00100000
00000000
00000000
00000000
00000000

51 : 
52 : 00000000
00000000
00001000
00001000
00000000
00000000
00000000
00000000

53 : 00000000
00000000
00000100
00000000
00000000
00000000
00000000
00000000

54 : 00000000
00000000
00000010
00000010
00000000
00000000
00000000
00000000

55 : 00000000
00000000
00000001
00000001
00000000
00000000
00000000
00000000

56 : 
57 : 00000000
00010000
10100000
00000000
00000000
00000000
00000000
00000000

58 : 
59 : 00100000
00010000
00000000
00000000
00000000
00000000
00000000
00000000

60 : 00000000
00010000
00000000
00000000
00000000
00000000
00000000
00000000

61 : 
62 : 00000000
00000000
00000101
00000000
00000000
00000000
00000000
00000000

63 : 
[49m ABCDEFGH
8[40m♖[47m♘[40m [47m♕[40m♔[47m♗[40m♘[47m♖[49m
7[47m♙[40m♙[47m♙[40m [47m♙[40m♙[47m♙[40m♙[49m
6[40m [47m [40m [47m♙[40m [47m [40m [47m [49m
5[47m [40m [47m [40m [47m [40m♗[47m [40m [49m
4[40m [47m [40m [47m [40m [47m♝[40m [47m [49m
3[47m [40m [47m♟[40m♟[47m [40m [47m [40m [49m
2[40m♟[47m♟[40m [47m [40m♟[47m♟[40m♟[47m♟[49m
1[47m♜[40m♞[47m [40m♛[47m♚[40m♝[47m♞[40m♜[49m
Coup (eg. a1a8) ? move: c7c6
00000000
00000000
00100000
00100000
00000000
00000000
00000000
00000000
Move count :31
0 : 
1 : 00000000
00000000
00000000
00000000
00000000
10000000
00010000
00000000

2 : 
3 : 00000000
00000000
00000000
00000000
10000000
01000000
00110000
00100000

4 : 00000000
00000000
00000000
00000000
00000000
00000000
00010000
00000000

5 : 
6 : 00000000
00000000
00000000
00000000
00000000
00000101
00000000
00000000

7 : 
8 : 00000000
00000000
00000000
00000000
10000000
10000000
00000000
00000000

9 : 00000000
00000000
00000000
00000000
01000000
01000000
00000000
00000000

10 : 
11 : 
12 : 00000000
00000000
00000000
00000000
00001000
00001000
00000000
00000000

13 : 00000000
00000000
00000000
00000000
00000000
00000100
00000000
00000000

14 : 00000000
00000000
00000000
00000000
00000010
00000010
00000000
00000000

15 : 00000000
00000000
00000000
00000000
00000001
00000001
00000000
00000000

16 : 
17 : 
18 : 00000000
00000000
00000000
00000000
00100000
00000000
00000000
00000000

19 : 00000000
00000000
00000000
00000000
00010000
00000000
00000000
00000000

20 : 
21 : 
22 : 
23 : 
24 : 
25 : 
26 : 
27 : 
28 : 
29 : 00000000
00000000
00010001
00001010
00000000
00001010
00010000
00100000

30 : 
31 : 
32 : 
33 : 
34 : 
35 : 
36 : 
37 : 
38 : 
39 : 
40 : 
41 : 
42 : 
43 : 
44 : 
45 : 
46 : 
47 : 
48 : 
49 : 
50 : 
51 : 
52 : 
53 : 
54 : 
55 : 
56 : 
57 : 
58 : 
59 : 
60 : 
61 : 
62 : 
63 : 
[49m ABCDEFGH
8[40m♖[47m♘[40m [47m♕[40m♔[47m♗[40m♘[47m♖[49m
7[47m♙[40m♙[47m [40m [47m♙[40m♙[47m♙[40m♙[49m
6[40m [47m [40m♙[47m♙[40m [47m [40m [47m [49m
5[47m [40m [47m [40m [47m [40m♗[47m [40m [49m
4[40m [47m [40m [47m [40m [47m♝[40m [47m [49m
3[47m [40m [47m♟[40m♟[47m [40m [47m [40m [49m
2[40m♟[47m♟[40m [47m [40m♟[47m♟[40m♟[47m♟[49m
1[47m♜[40m♞[47m [40m♛[47m♚[40m♝[47m♞[40m♜[49m
Coup (eg. a1a8) ? move: d1a4
00000000
00000000
00000000
00000000
10000000
01000000
00110000
00100000
Move count :30
0 : 
1 : 
2 : 
3 : 
4 : 
5 : 
6 : 
7 : 
8 : 
9 : 
10 : 
11 : 
12 : 
13 : 
14 : 
15 : 
16 : 
17 : 
18 : 
19 : 
20 : 
21 : 
22 : 
23 : 
24 : 
25 : 
26 : 
27 : 
28 : 
29 : 
30 : 
31 : 
32 : 
33 : 
34 : 
35 : 
36 : 
37 : 00100000
00010000
00001010
00000000
00001010
00010001
00000000
00000000

38 : 
39 : 
40 : 
41 : 
42 : 
43 : 00000000
00000000
00000000
00010000
00000000
00000000
00000000
00000000

44 : 
45 : 
46 : 
47 : 
48 : 00000000
00000000
10000000
10000000
00000000
00000000
00000000
00000000

49 : 00000000
00000000
01000000
01000000
00000000
00000000
00000000
00000000

50 : 
51 : 
52 : 00000000
00000000
00001000
00001000
00000000
00000000
00000000
00000000

53 : 00000000
00000000
00000100
00000000
00000000
00000000
00000000
00000000

54 : 00000000
00000000
00000010
00000010
00000000
00000000
00000000
00000000

55 : 00000000
00000000
00000001
00000001
00000000
00000000
00000000
00000000

56 : 
57 : 00000000
00010000
10000000
00000000
00000000
00000000
00000000
00000000

58 : 
59 : 00100000
00110000
01000000
10000000
00000000
00000000
00000000
00000000

60 : 00000000
00010000
00000000
00000000
00000000
00000000
00000000
00000000

61 : 
62 : 00000000
00000000
00000101
00000000
00000000
00000000
00000000
00000000

63 : 
[49m ABCDEFGH
8[40m♖[47m♘[40m [47m♕[40m♔[47m♗[40m♘[47m♖[49m
7[47m♙[40m♙[47m [40m [47m♙[40m♙[47m♙[40m♙[49m
6[40m [47m [40m♙[47m♙[40m [47m [40m [47m [49m
5[47m [40m [47m [40m [47m [40m♗[47m [40m [49m
4[40m♛[47m [40m [47m [40m [47m♝[40m [47m [49m
3[47m [40m [47m♟[40m♟[47m [40m [47m [40m [49m
2[40m♟[47m♟[40m [47m [40m♟[47m♟[40m♟[47m♟[49m
1[47m♜[40m♞[47m [40m [47m♚[40m♝[47m♞[40m♜[49m
Coup (eg. a1a8) ? move: d8a5
00100000
00110000
01000000
10000000
00000000
00000000
00000000
00000000
Move count :36
0 : 
1 : 00000000
00000000
00000000
00000000
00000000
10000000
00010000
00000000

2 : 
3 : 
4 : 00000000
00000000
00000000
00000000
00000000
00000000
00010000
00010000

5 : 
6 : 00000000
00000000
00000000
00000000
00000000
00000101
00000000
00000000

7 : 
8 : 00000000
00000000
00000000
00000000
00000000
10000000
00000000
00000000

9 : 00000000
00000000
00000000
00000000
01000000
01000000
00000000
00000000

10 : 
11 : 
12 : 00000000
00000000
00000000
00000000
00001000
00001000
00000000
00000000

13 : 00000000
00000000
00000000
00000000
00000000
00000100
00000000
00000000

14 : 00000000
00000000
00000000
00000000
00000010
00000010
00000000
00000000

15 : 00000000
00000000
00000000
00000000
00000001
00000001
00000000
00000000

16 : 
17 : 
18 : 
19 : 00000000
00000000
00000000
00000000
00010000
00000000
00000000
00000000

20 : 
21 : 
22 : 
23 : 
24 : 00000000
00000000
00100000
11000000
01111000
11000000
00100000
00010000

25 : 
26 : 
27 : 
28 : 
29 : 00000000
00000000
00010001
00001010
00000000
00001010
00010000
00100000

30 : 
31 : 
32 : 
33 : 
34 : 
35 : 
36 : 
37 : 
38 : 
39 : 
40 : 
41 : 
42 : 
43 : 
44 : 
45 : 
46 : 
47 : 
48 : 
49 : 
50 : 
51 : 
52 : 
53 : 
54 : 
55 : 
56 : 
57 : 
58 : 
59 : 
60 : 
61 : 
62 : 
63 : 
[49m ABCDEFGH
8[40m♖[47m♘[40m [47m [40m♔[47m♗[40m♘[47m♖[49m
7[47m♙[40m♙[47m [40m [47m♙[40m♙[47m♙[40m♙[49m
6[40m [47m [40m♙[47m♙[40m [47m [40m [47m [49m
5[47m♕[40m [47m [40m [47m [40m♗[47m [40m [49m
4[40m♛[47m [40m [47m [40m [47m♝[40m [47m [49m
3[47m [40m [47m♟[40m♟[47m [40m [47m [40m [49m
2[40m♟[47m♟[40m [47m [40m♟[47m♟[40m♟[47m♟[49m
1[47m♜[40m♞[47m [40m [47m♚[40m♝[47m♞[40m♜[49m
Coup (eg. a1a8) ? 
wR,wN,,,wK,wB,wN,wR,wP,wP,,,wP,wP,wP,wP,,,wP,wP,,,,,wQ,,,,,wB,,,bQ,,,,,bB,,,,,bP,bP,,,,,bP,bP,,,bP,bP,bP,bP,bR,bN,,,bK,bB,bN,bR, ?-?
  -> [0;32mreference position: OK[0m
  -> [0;32mreference result: OK[0m
  -> [0m(exit code=0)
[0;33m> data/1-ill-knight-1.txt[0m
[49m ABCDEFGH
8[40m♖[47m♘[40m♗[47m♕[40m♔[47m♗[40m♘[47m♖[49m
7[47m♙[40m♙[47m♙[40m♙[47m♙[40m♙[47m♙[40m♙[49m
6[40m [47m [40m [47m [40m [47m [40m [47m [49m
5[47m [40m [47m [40m [47m [40m [47m [40m [49m
4[40m [47m [40m [47m [40m [47m [40m [47m [49m
3[47m [40m [47m [40m [47m [40m [47m [40m [49m
2[40m♟[47m♟[40m♟[47m♟[40m♟[47m♟[40m♟[47m♟[49m
1[47m♜[40m♞[47m♝[40m♛[47m♚[40m♝[47m♞[40m♜[49m
Coup (eg. a1a8) ? move: b1d2
00000000
00000000
00000000
00000000
00000000
10100000
00000000
00000000
Illegal move
Coup (eg. a1a8) ? move: b1c3
00000000
00000000
00000000
00000000
00000000
10100000
00000000
00000000
Move count :20
0 : 
1 : 
2 : 
3 : 
4 : 
5 : 
6 : 
7 : 
8 : 
9 : 
10 : 
11 : 
12 : 
13 : 
14 : 
15 : 
16 : 
17 : 
18 : 
19 : 
20 : 
21 : 
22 : 
23 : 
24 : 
25 : 
26 : 
27 : 
28 : 
29 : 
30 : 
31 : 
32 : 
33 : 
34 : 
35 : 
36 : 
37 : 
38 : 
39 : 
40 : 
41 : 
42 : 
43 : 
44 : 
45 : 
46 : 
47 : 
48 : 00000000
00000000
10000000
10000000
00000000
00000000
00000000
00000000

49 : 00000000
00000000
01000000
01000000
00000000
00000000
00000000
00000000

50 : 00000000
00000000
00100000
00100000
00000000
00000000
00000000
00000000

51 : 00000000
00000000
00010000
00010000
00000000
00000000
00000000
00000000

52 : 00000000
00000000
00001000
00001000
00000000
00000000
00000000
00000000

53 : 00000000
00000000
00000100
00000100
00000000
00000000
00000000
00000000

54 : 00000000
00000000
00000010
00000010
00000000
00000000
00000000
00000000

55 : 00000000
00000000
00000001
00000001
00000000
00000000
00000000
00000000

56 : 
57 : 00000000
00000000
10100000
00000000
00000000
00000000
00000000
00000000

58 : 
59 : 
60 : 
61 : 
62 : 00000000
00000000
00000101
00000000
00000000
00000000
00000000
00000000

63 : 
[49m ABCDEFGH
8[40m♖[47m♘[40m♗[47m♕[40m♔[47m♗[40m♘[47m♖[49m
7[47m♙[40m♙[47m♙[40m♙[47m♙[40m♙[47m♙[40m♙[49m
6[40m [47m [40m [47m [40m [47m [40m [47m [49m
5[47m [40m [47m [40m [47m [40m [47m [40m [49m
4[40m [47m [40m [47m [40m [47m [40m [47m [49m
3[47m [40m [47m♞[40m [47m [40m [47m [40m [49m
2[40m♟[47m♟[40m♟[47m♟[40m♟[47m♟[40m♟[47m♟[49m
1[47m♜[40m [47m♝[40m♛[47m♚[40m♝[47m♞[40m♜[49m
Coup (eg. a1a8) ? move: g8e7
00000000
00000000
00000101
00000000
00000000
00000000
00000000
00000000
Illegal move
Coup (eg. a1a8) ? move: g8f6
00000000
00000000
00000101
00000000
00000000
00000000
00000000
00000000
Move count :23
0 : 00000000
00000000
00000000
00000000
00000000
00000000
00000000
01000000

1 : 
2 : 
3 : 
4 : 
5 : 
6 : 00000000
00000000
00000000
00000000
00000000
00000101
00000000
00000000

7 : 
8 : 00000000
00000000
00000000
00000000
10000000
10000000
00000000
00000000

9 : 00000000
00000000
00000000
00000000
01000000
01000000
00000000
00000000

10 : 00000000
00000000
00000000
00000000
00100000
00000000
00000000
00000000

11 : 00000000
00000000
00000000
00000000
00010000
00010000
00000000
00000000

12 : 00000000
00000000
00000000
00000000
00001000
00001000
00000000
00000000

13 : 00000000
00000000
00000000
00000000
00000100
00000100
00000000
00000000

14 : 00000000
00000000
00000000
00000000
00000010
00000010
00000000
00000000

15 : 00000000
00000000
00000000
00000000
00000001
00000001
00000000
00000000

16 : 
17 : 
18 : 00000000
00000000
00000000
01010000
10001000
00000000
00000000
01000000

19 : 
20 : 
21 : 
22 : 
23 : 
24 : 
25 : 
26 : 
27 : 
28 : 
29 : 
30 : 
31 : 
32 : 
33 : 
34 : 
35 : 
36 : 
37 : 
38 : 
39 : 
40 : 
41 : 
42 : 
43 : 
44 : 
45 : 
46 : 
47 : 
48 : 
49 : 
50 : 
51 : 
52 : 
53 : 
54 : 
55 : 
56 : 
57 : 
58 : 
59 : 
60 : 
61 : 
62 : 
63 : 
[49m ABCDEFGH
8[40m♖[47m♘[40m♗[47m♕[40m♔[47m♗[40m [47m♖[49m
7[47m♙[40m♙[47m♙[40m♙[47m♙[40m♙[47m♙[40m♙[49m
6[40m [47m [40m [47m [40m [47m♘[40m [47m [49m
5[47m [40m [47m [40m [47m [40m [47m [40m [49m
4[40m [47m [40m [47m [40m [47m [40m [47m [49m
3[47m [40m [47m♞[40m [47m [40m [47m [40m [49m
2[40m♟[47m♟[40m♟[47m♟[40m♟[47m♟[40m♟[47m♟[49m
1[47m♜[40m [47m♝[40m♛[47m♚[40m♝[47m♞[40m♜[49m
Coup (eg. a1a8) ? move: c3b4
00000000
00000000
00000000
01010000
10001000
00000000
00000000
01000000
Illegal move
Coup (eg. a1a8) ? move: c3e4
00000000
00000000
00000000
01010000
10001000
00000000
00000000
01000000
Move count :23
0 : 
1 : 
2 : 
3 : 
4 : 
5 : 
6 : 
7 : 
8 : 
9 : 
10 : 
11 : 
12 : 
13 : 
14 : 
15 : 
16 : 
17 : 
18 : 
19 : 
20 : 
21 : 
22 : 
23 : 
24 : 
25 : 
26 : 
27 : 
28 : 
29 : 
30 : 
31 : 
32 : 
33 : 
34 : 
35 : 
36 : 
37 : 
38 : 
39 : 
40 : 
41 : 
42 : 
43 : 
44 : 
45 : 00000010
00000000
00000000
00010001
00001010
00000000
00000000
00000000

46 : 
47 : 
48 : 00000000
00000000
10000000
10000000
00000000
00000000
00000000
00000000

49 : 00000000
00000000
01000000
01000000
00000000
00000000
00000000
00000000

50 : 00000000
00000000
00100000
00100000
00000000
00000000
00000000
00000000

51 : 00000000
00000000
00010000
00010000
00000000
00000000
00000000
00000000

52 : 00000000
00000000
00001000
00001000
00000000
00000000
00000000
00000000

53 : 00000000
00000000
00000000
00000100
00000000
00000000
00000000
00000000

54 : 00000000
00000000
00000010
00000010
00000000
00000000
00000000
00000000

55 : 00000000
00000000
00000001
00000001
00000000
00000000
00000000
00000000

56 : 
57 : 00000000
00000000
10100000
00000000
00000000
00000000
00000000
00000000

58 : 
59 : 
60 : 
61 : 
62 : 
63 : 00000010
00000000
00000000
00000000
00000000
00000000
00000000
00000000

[49m ABCDEFGH
8[40m♖[47m♘[40m♗[47m♕[40m♔[47m♗[40m [47m♖[49m
7[47m♙[40m♙[47m♙[40m♙[47m♙[40m♙[47m♙[40m♙[49m
6[40m [47m [40m [47m [40m [47m♘[40m [47m [49m
5[47m [40m [47m [40m [47m [40m [47m [40m [49m
4[40m [47m [40m [47m [40m♞[47m [40m [47m [49m
3[47m [40m [47m [40m [47m [40m [47m [40m [49m
2[40m♟[47m♟[40m♟[47m♟[40m♟[47m♟[40m♟[47m♟[49m
1[47m♜[40m [47m♝[40m♛[47m♚[40m♝[47m♞[40m♜[49m
Coup (eg. a1a8) ? 
wR,,wB,wQ,wK,wB,wN,wR,wP,wP,wP,wP,wP,wP,wP,wP,,,,,,,,,,,,,wN,,,,,,,,,,,,,,,,,bN,,,bP,bP,bP,bP,bP,bP,bP,bP,bR,bN,bB,bQ,bK,bB,,bR, ?-?
  -> [0;32mreference position: OK[0m
  -> [0;32mreference result: OK[0m
  -> [0m(exit code=0)
[0;33m> data/1-ill-line-obstacle.txt[0m
[49m ABCDEFGH
8[40m♖[47m♘[40m♗[47m♕[40m♔[47m♗[40m♘[47m♖[49m
7[47m♙[40m♙[47m♙[40m♙[47m♙[40m♙[47m♙[40m♙[49m
6[40m [47m [40m [47m [40m [47m [40m [47m [49m
5[47m [40m [47m [40m [47m [40m [47m [40m [49m
4[40m [47m [40m [47m [40m [47m [40m [47m [49m
3[47m [40m [47m [40m [47m [40m [47m [40m [49m
2[40m♟[47m♟[40m♟[47m♟[40m♟[47m♟[40m♟[47m♟[49m
1[47m♜[40m♞[47m♝[40m♛[47m♚[40m♝[47m♞[40m♜[49m
Coup (eg. a1a8) ? move: a1a3
00000000
00000000
00000000
00000000
00000000
00000000
00000000
00000000
Illegal move
Coup (eg. a1a8) ? move: a2a4
00000000
00000000
00000000
00000000
10000000
10000000
00000000
00000000
enpassant
Move count :20
0 : 
1 : 
2 : 
3 : 
4 : 
5 : 
6 : 
7 : 
8 : 
9 : 
10 : 
11 : 
12 : 
13 : 
14 : 
15 : 
16 : 
17 : 
18 : 
19 : 
20 : 
21 : 
22 : 
23 : 
24 : 
25 : 
26 : 
27 : 
28 : 
29 : 
30 : 
31 : 
32 : 
33 : 
34 : 
35 : 
36 : 
37 : 
38 : 
39 : 
40 : 
41 : 
42 : 
43 : 
44 : 
45 : 
46 : 
47 : 
48 : 00000000
00000000
10000000
10000000
00000000
00000000
00000000
00000000

49 : 00000000
00000000
01000000
01000000
00000000
00000000
00000000
00000000

50 : 00000000
00000000
00100000
00100000
00000000
00000000
00000000
00000000

51 : 00000000
00000000
00010000
00010000
00000000
00000000
00000000
00000000

52 : 00000000
00000000
00001000
00001000
00000000
00000000
00000000
00000000

53 : 00000000
00000000
00000100
00000100
00000000
00000000
00000000
00000000

54 : 00000000
00000000
00000010
00000010
00000000
00000000
00000000
00000000

55 : 00000000
00000000
00000001
00000001
00000000
00000000
00000000
00000000

56 : 
57 : 00000000
00000000
10100000
00000000
00000000
00000000
00000000
00000000

58 : 
59 : 
60 : 
61 : 
62 : 00000000
00000000
00000101
00000000
00000000
00000000
00000000
00000000

63 : 
[49m ABCDEFGH
8[40m♖[47m♘[40m♗[47m♕[40m♔[47m♗[40m♘[47m♖[49m
7[47m♙[40m♙[47m♙[40m♙[47m♙[40m♙[47m♙[40m♙[49m
6[40m [47m [40m [47m [40m [47m [40m [47m [49m
5[47m [40m [47m [40m [47m [40m [47m [40m [49m
4[40m♟[47m [40m [47m [40m [47m [40m [47m [49m
3[47m [40m [47m [40m [47m [40m [47m [40m [49m
2[40m [47m♟[40m♟[47m♟[40m♟[47m♟[40m♟[47m♟[49m
1[47m♜[40m♞[47m♝[40m♛[47m♚[40m♝[47m♞[40m♜[49m
Coup (eg. a1a8) ? move: a8a6
00000000
00000000
00000000
00000000
00000000
00000000
00000000
00000000
Illegal move
Coup (eg. a1a8) ? move: a7a5
00000000
00000000
10000000
10000000
00000000
00000000
00000000
00000000
enpassant
Move count :20
0 : 00000000
00000000
00000000
00000000
00000000
10000000
10000000
00000000

1 : 00000000
00000000
00000000
00000000
00000000
10100000
00000000
00000000

2 : 
3 : 
4 : 
5 : 
6 : 00000000
00000000
00000000
00000000
00000000
00000101
00000000
00000000

7 : 
8 : 
9 : 00000000
00000000
00000000
00000000
01000000
01000000
00000000
00000000

10 : 00000000
00000000
00000000
00000000
00100000
00100000
00000000
00000000

11 : 00000000
00000000
00000000
00000000
00010000
00010000
00000000
00000000

12 : 00000000
00000000
00000000
00000000
00001000
00001000
00000000
00000000

13 : 00000000
00000000
00000000
00000000
00000100
00000100
00000000
00000000

14 : 00000000
00000000
00000000
00000000
00000010
00000010
00000000
00000000

15 : 00000000
00000000
00000000
00000000
00000001
00000001
00000000
00000000

16 : 
17 : 
18 : 
19 : 
20 : 
21 : 
22 : 
23 : 
24 : 
25 : 
26 : 
27 : 
28 : 
29 : 
30 : 
31 : 
32 : 
33 : 
34 : 
35 : 
36 : 
37 : 
38 : 
39 : 
40 : 
41 : 
42 : 
43 : 
44 : 
45 : 
46 : 
47 : 
48 : 
49 : 
50 : 
51 : 
52 : 
53 : 
54 : 
55 : 
56 : 
57 : 
58 : 
59 : 
60 : 
61 : 
62 : 
63 : 
[49m ABCDEFGH
8[40m♖[47m♘[40m♗[47m♕[40m♔[47m♗[40m♘[47m♖[49m
7[47m [40m♙[47m♙[40m♙[47m♙[40m♙[47m♙[40m♙[49m
6[40m [47m [40m [47m [40m [47m [40m [47m [49m
5[47m♙[40m [47m [40m [47m [40m [47m [40m [49m
4[40m♟[47m [40m [47m [40m [47m [40m [47m [49m
3[47m [40m [47m [40m [47m [40m [47m [40m [49m
2[40m [47m♟[40m♟[47m♟[40m♟[47m♟[40m♟[47m♟[49m
1[47m♜[40m♞[47m♝[40m♛[47m♚[40m♝[47m♞[40m♜[49m
Coup (eg. a1a8) ? move: a1a3
00000000
00000000
00000000
00000000
00000000
10000000
10000000
00000000
Move count :20
0 : 
1 : 
2 : 
3 : 
4 : 
5 : 
6 : 
7 : 
8 : 
9 : 
10 : 
11 : 
12 : 
13 : 
14 : 
15 : 
16 : 
17 : 
18 : 
19 : 
20 : 
21 : 
22 : 
23 : 
24 : 
25 : 
26 : 
27 : 
28 : 
29 : 
30 : 
31 : 
32 : 
33 : 
34 : 
35 : 
36 : 
37 : 
38 : 
39 : 
40 : 
41 : 
42 : 
43 : 
44 : 
45 : 
46 : 
47 : 
48 : 
49 : 00000000
00000000
01000000
01000000
00000000
00000000
00000000
00000000

50 : 00000000
00000000
00100000
00100000
00000000
00000000
00000000
00000000

51 : 00000000
00000000
00010000
00010000
00000000
00000000
00000000
00000000

52 : 00000000
00000000
00001000
00001000
00000000
00000000
00000000
00000000

53 : 00000000
00000000
00000100
00000100
00000000
00000000
00000000
00000000

54 : 00000000
00000000
00000010
00000010
00000000
00000000
00000000
00000000

55 : 00000000
00000000
00000001
00000001
00000000
00000000
00000000
00000000

56 : 00000000
10000000
10000000
00000000
00000000
00000000
00000000
00000000

57 : 00000000
00000000
10100000
00000000
00000000
00000000
00000000
00000000

58 : 
59 : 
60 : 
61 : 
62 : 00000000
00000000
00000101
00000000
00000000
00000000
00000000
00000000

63 : 
[49m ABCDEFGH
8[40m♖[47m♘[40m♗[47m♕[40m♔[47m♗[40m♘[47m♖[49m
7[47m [40m♙[47m♙[40m♙[47m♙[40m♙[47m♙[40m♙[49m
6[40m [47m [40m [47m [40m [47m [40m [47m [49m
5[47m♙[40m [47m [40m [47m [40m [47m [40m [49m
4[40m♟[47m [40m [47m [40m [47m [40m [47m [49m
3[47m♜[40m [47m [40m [47m [40m [47m [40m [49m
2[40m [47m♟[40m♟[47m♟[40m♟[47m♟[40m♟[47m♟[49m
1[47m [40m♞[47m♝[40m♛[47m♚[40m♝[47m♞[40m♜[49m
Coup (eg. a1a8) ? move: a8a6
00000000
10000000
10000000
00000000
00000000
00000000
00000000
00000000
Move count :26
0 : 
1 : 00000000
00000000
00000000
00000000
00000000
00100000
00000000
00000000

2 : 
3 : 
4 : 
5 : 
6 : 00000000
00000000
00000000
00000000
00000000
00000101
00000000
00000000

7 : 
8 : 
9 : 00000000
00000000
00000000
00000000
01000000
01000000
00000000
00000000

10 : 00000000
00000000
00000000
00000000
00100000
00100000
00000000
00000000

11 : 00000000
00000000
00000000
00000000
00010000
00010000
00000000
00000000

12 : 00000000
00000000
00000000
00000000
00001000
00001000
00000000
00000000

13 : 00000000
00000000
00000000
00000000
00000100
00000100
00000000
00000000

14 : 00000000
00000000
00000000
00000000
00000010
00000010
00000000
00000000

15 : 00000000
00000000
00000000
00000000
00000001
00000001
00000000
00000000

16 : 00000000
00000000
00000000
00000000
00000000
01111111
10000000
10000000

17 : 
18 : 
19 : 
20 : 
21 : 
22 : 
23 : 
24 : 
25 : 
26 : 
27 : 
28 : 
29 : 
30 : 
31 : 
32 : 
33 : 
34 : 
35 : 
36 : 
37 : 
38 : 
39 : 
40 : 
41 : 
42 : 
43 : 
44 : 
45 : 
46 : 
47 : 
48 : 
49 : 
50 : 
51 : 
52 : 
53 : 
54 : 
55 : 
56 : 
57 : 
58 : 
59 : 
60 : 
61 : 
62 : 
63 : 
[49m ABCDEFGH
8[40m [47m♘[40m♗[47m♕[40m♔[47m♗[40m♘[47m♖[49m
7[47m [40m♙[47m♙[40m♙[47m♙[40m♙[47m♙[40m♙[49m
6[40m♖[47m [40m [47m [40m [47m [40m [47m [49m
5[47m♙[40m [47m [40m [47m [40m [47m [40m [49m
4[40m♟[47m [40m [47m [40m [47m [40m [47m [49m
3[47m♜[40m [47m [40m [47m [40m [47m [40m [49m
2[40m [47m♟[40m♟[47m♟[40m♟[47m♟[40m♟[47m♟[49m
1[47m [40m♞[47m♝[40m♛[47m♚[40m♝[47m♞[40m♜[49m
Coup (eg. a1a8) ? move: a3h3
00000000
00000000
00000000
00000000
00000000
01111111
10000000
10000000
Move count :26
0 : 
1 : 
2 : 
3 : 
4 : 
5 : 
6 : 
7 : 
8 : 
9 : 
10 : 
11 : 
12 : 
13 : 
14 : 
15 : 
16 : 
17 : 
18 : 
19 : 
20 : 
21 : 
22 : 
23 : 
24 : 
25 : 
26 : 
27 : 
28 : 
29 : 
30 : 
31 : 
32 : 
33 : 
34 : 
35 : 
36 : 
37 : 
38 : 
39 : 
40 : 10000000
10000000
01111111
00000000
00000000
00000000
00000000
00000000

41 : 
42 : 
43 : 
44 : 
45 : 
46 : 
47 : 
48 : 
49 : 00000000
00000000
01000000
01000000
00000000
00000000
00000000
00000000

50 : 00000000
00000000
00100000
00100000
00000000
00000000
00000000
00000000

51 : 00000000
00000000
00010000
00010000
00000000
00000000
00000000
00000000

52 : 00000000
00000000
00001000
00001000
00000000
00000000
00000000
00000000

53 : 00000000
00000000
00000100
00000100
00000000
00000000
00000000
00000000

54 : 00000000
00000000
00000010
00000010
00000000
00000000
00000000
00000000

55 : 00000000
00000000
00000001
00000001
00000000
00000000
00000000
00000000

56 : 
57 : 00000000
00000000
00100000
00000000
00000000
00000000
00000000
00000000

58 : 
59 : 
60 : 
61 : 
62 : 00000000
00000000
00000101
00000000
00000000
00000000
00000000
00000000

63 : 
[49m ABCDEFGH
8[40m [47m♘[40m♗[47m♕[40m♔[47m♗[40m♘[47m♖[49m
7[47m [40m♙[47m♙[40m♙[47m♙[40m♙[47m♙[40m♙[49m
6[40m♖[47m [40m [47m [40m [47m [40m [47m [49m
5[47m♙[40m [47m [40m [47m [40m [47m [40m [49m
4[40m♟[47m [40m [47m [40m [47m [40m [47m [49m
3[47m [40m [47m [40m [47m [40m [47m [40m♜[49m
2[40m [47m♟[40m♟[47m♟[40m♟[47m♟[40m♟[47m♟[49m
1[47m [40m♞[47m♝[40m♛[47m♚[40m♝[47m♞[40m♜[49m
Coup (eg. a1a8) ? move: a6h6
10000000
10000000
01111111
00000000
00000000
00000000
00000000
00000000
Move count :26
0 : 
1 : 00000000
00000000
00000000
00000000
00000000
10100000
00000000
00000000

2 : 
3 : 
4 : 
5 : 
6 : 00000000
00000000
00000000
00000000
00000000
00000100
00000000
00000000

7 : 
8 : 
9 : 00000000
00000000
00000000
00000000
01000000
01000000
00000000
00000000

10 : 00000000
00000000
00000000
00000000
00100000
00100000
00000000
00000000

11 : 00000000
00000000
00000000
00000000
00010000
00010000
00000000
00000000

12 : 00000000
00000000
00000000
00000000
00001000
00001000
00000000
00000000

13 : 00000000
00000000
00000000
00000000
00000100
00000100
00000000
00000000

14 : 00000000
00000000
00000000
00000000
00000010
00000010
00000000
00000000

15 : 00000000
00000000
00000000
00000000
00000001
00000000
00000000
00000000

16 : 
17 : 
18 : 
19 : 
20 : 
21 : 
22 : 
23 : 00000000
00000000
00000001
00000001
00000001
11111110
00000000
00000000

24 : 
25 : 
26 : 
27 : 
28 : 
29 : 
30 : 
31 : 
32 : 
33 : 
34 : 
35 : 
36 : 
37 : 
38 : 
39 : 
40 : 
41 : 
42 : 
43 : 
44 : 
45 : 
46 : 
47 : 
48 : 
49 : 
50 : 
51 : 
52 : 
53 : 
54 : 
55 : 
56 : 
57 : 
58 : 
59 : 
60 : 
61 : 
62 : 
63 : 
[49m ABCDEFGH
8[40m [47m♘[40m♗[47m♕[40m♔[47m♗[40m♘[47m♖[49m
7[47m [40m♙[47m♙[40m♙[47m♙[40m♙[47m♙[40m♙[49m
6[40m [47m [40m [47m [40m [47m [40m [47m♖[49m
5[47m♙[40m [47m [40m [47m [40m [47m [40m [49m
4[40m♟[47m [40m [47m [40m [47m [40m [47m [49m
3[47m [40m [47m [40m [47m [40m [47m [40m♜[49m
2[40m [47m♟[40m♟[47m♟[40m♟[47m♟[40m♟[47m♟[49m
1[47m [40m♞[47m♝[40m♛[47m♚[40m♝[47m♞[40m♜[49m
Coup (eg. a1a8) ? move: h3e3
00000000
00000000
00000001
00000001
00000001
11111110
00000000
00000000
Move count :27
0 : 
1 : 
2 : 
3 : 
4 : 
5 : 
6 : 
7 : 
8 : 
9 : 
10 : 
11 : 
12 : 
13 : 
14 : 
15 : 
16 : 
17 : 
18 : 
19 : 
20 : 
21 : 
22 : 
23 : 
24 : 
25 : 
26 : 
27 : 
28 : 
29 : 
30 : 
31 : 
32 : 
33 : 
34 : 
35 : 
36 : 
37 : 
38 : 
39 : 
40 : 
41 : 
42 : 
43 : 
44 : 
45 : 
46 : 
47 : 00000000
00000000
11111110
00000001
00000001
00000001
00000001
00000000

48 : 
49 : 00000000
00000000
01000000
01000000
00000000
00000000
00000000
00000000

50 : 00000000
00000000
00100000
00100000
00000000
00000000
00000000
00000000

51 : 00000000
00000000
00010000
00010000
00000000
00000000
00000000
00000000

52 : 00000000
00000000
00001000
00001000
00000000
00000000
00000000
00000000

53 : 00000000
00000000
00000100
00000100
00000000
00000000
00000000
00000000

54 : 00000000
00000000
00000010
00000010
00000000
00000000
00000000
00000000

55 : 00000000
00000000
00000000
00000001
00000000
00000000
00000000
00000000

56 : 
57 : 00000000
00000000
10100000
00000000
00000000
00000000
00000000
00000000

58 : 
59 : 
60 : 
61 : 
62 : 00000000
00000000
00000100
00000000
00000000
00000000
00000000
00000000

63 : 
[49m ABCDEFGH
8[40m [47m♘[40m♗[47m♕[40m♔[47m♗[40m♘[47m♖[49m
7[47m [40m♙[47m♙[40m♙[47m♙[40m♙[47m♙[40m♙[49m
6[40m [47m [40m [47m [40m [47m [40m [47m♖[49m
5[47m♙[40m [47m [40m [47m [40m [47m [40m [49m
4[40m♟[47m [40m [47m [40m [47m [40m [47m [49m
3[47m [40m [47m [40m [47m♜[40m [47m [40m [49m
2[40m [47m♟[40m♟[47m♟[40m♟[47m♟[40m♟[47m♟[49m
1[47m [40m♞[47m♝[40m♛[47m♚[40m♝[47m♞[40m♜[49m
Coup (eg. a1a8) ? move: h6e6
00000000
00000000
11111110
00000001
00000001
00000001
00000001
00000000
Move count :27
0 : 
1 : 00000000
00000000
00000000
00000000
00000000
10100000
00000000
00000000

2 : 
3 : 
4 : 
5 : 
6 : 00000000
00000000
00000000
00000000
00000000
00000101
00000000
00000000

7 : 
8 : 
9 : 00000000
00000000
00000000
00000000
01000000
01000000
00000000
00000000

10 : 00000000
00000000
00000000
00000000
00100000
00100000
00000000
00000000

11 : 00000000
00000000
00000000
00000000
00010000
00010000
00000000
00000000

12 : 00000000
00000000
00000000
00000000
00001000
00000000
00000000
00000000

13 : 00000000
00000000
00000000
00000000
00000100
00000100
00000000
00000000

14 : 00000000
00000000
00000000
00000000
00000010
00000010
00000000
00000000

15 : 00000000
00000000
00000000
00000000
00000001
00000001
00000000
00000000

16 : 
17 : 
18 : 
19 : 
20 : 00000000
00000000
00001000
00001000
00001000
11110111
00000000
00000000

21 : 
22 : 
23 : 
24 : 
25 : 
26 : 
27 : 
28 : 
29 : 
30 : 
31 : 
32 : 
33 : 
34 : 
35 : 
36 : 
37 : 
38 : 
39 : 
40 : 
41 : 
42 : 
43 : 
44 : 
45 : 
46 : 
47 : 
48 : 
49 : 
50 : 
51 : 
52 : 
53 : 
54 : 
55 : 
56 : 
57 : 
58 : 
59 : 
60 : 
61 : 
62 : 
63 : 
[49m ABCDEFGH
8[40m [47m♘[40m♗[47m♕[40m♔[47m♗[40m♘[47m♖[49m
7[47m [40m♙[47m♙[40m♙[47m♙[40m♙[47m♙[40m♙[49m
6[40m [47m [40m [47m [40m♖[47m [40m [47m [49m
5[47m♙[40m [47m [40m [47m [40m [47m [40m [49m
4[40m♟[47m [40m [47m [40m [47m [40m [47m [49m
3[47m [40m [47m [40m [47m♜[40m [47m [40m [49m
2[40m [47m♟[40m♟[47m♟[40m♟[47m♟[40m♟[47m♟[49m
1[47m [40m♞[47m♝[40m♛[47m♚[40m♝[47m♞[40m♜[49m
Coup (eg. a1a8) ? move: d2d3
00000000
00000000
00000000
00000000
00010000
00010000
00000000
00000000
Move count :27
0 : 
1 : 
2 : 
3 : 
4 : 
5 : 
6 : 
7 : 
8 : 
9 : 
10 : 
11 : 
12 : 
13 : 
14 : 
15 : 
16 : 
17 : 
18 : 
19 : 
20 : 
21 : 
22 : 
23 : 
24 : 
25 : 
26 : 
27 : 
28 : 
29 : 
30 : 
31 : 
32 : 
33 : 
34 : 
35 : 
36 : 
37 : 
38 : 
39 : 
40 : 
41 : 
42 : 
43 : 
44 : 00000000
00000000
11110111
00001000
00001000
00001000
00000000
00000000

45 : 
46 : 
47 : 
48 : 
49 : 00000000
00000000
01000000
01000000
00000000
00000000
00000000
00000000

50 : 00000000
00000000
00100000
00100000
00000000
00000000
00000000
00000000

51 : 00000000
00000000
00010000
00010000
00000000
00000000
00000000
00000000

52 : 00000000
00000000
00000000
00001000
00000000
00000000
00000000
00000000

53 : 00000000
00000000
00000100
00000100
00000000
00000000
00000000
00000000

54 : 00000000
00000000
00000010
00000010
00000000
00000000
00000000
00000000

55 : 00000000
00000000
00000001
00000001
00000000
00000000
00000000
00000000

56 : 
57 : 00000000
00000000
10100000
00000000
00000000
00000000
00000000
00000000

58 : 
59 : 
60 : 
61 : 
62 : 00000000
00000000
00000101
00000000
00000000
00000000
00000000
00000000

63 : 
[49m ABCDEFGH
8[40m [47m♘[40m♗[47m♕[40m♔[47m♗[40m♘[47m♖[49m
7[47m [40m♙[47m♙[40m♙[47m♙[40m♙[47m♙[40m♙[49m
6[40m [47m [40m [47m [40m♖[47m [40m [47m [49m
5[47m♙[40m [47m [40m [47m [40m [47m [40m [49m
4[40m♟[47m [40m [47m [40m [47m [40m [47m [49m
3[47m [40m [47m [40m♟[47m♜[40m [47m [40m [49m
2[40m [47m♟[40m♟[47m [40m♟[47m♟[40m♟[47m♟[49m
1[47m [40m♞[47m♝[40m♛[47m♚[40m♝[47m♞[40m♜[49m
Coup (eg. a1a8) ? move: d7d6
00000000
00000000
00010000
00010000
00000000
00000000
00000000
00000000
Move count :26
0 : 
1 : 00000000
00000000
00000000
00000000
00000000
10100000
00010000
00000000

2 : 00000000
00000000
00000000
00000000
00000000
00000000
00010000
00000000

3 : 00000000
00000000
00000000
00000000
00000000
00000000
00010000
00000000

4 : 00000000
00000000
00000000
00000000
00000000
00000000
00010000
00000000

5 : 
6 : 00000000
00000000
00000000
00000000
00000000
00000101
00000000
00000000

7 : 
8 : 
9 : 00000000
00000000
00000000
00000000
01000000
01000000
00000000
00000000

10 : 00000000
00000000
00000000
00000000
00100000
00100000
00000000
00000000

11 : 
12 : 00000000
00000000
00000000
00000000
00001000
00000000
00000000
00000000

13 : 00000000
00000000
00000000
00000000
00000100
00000100
00000000
00000000

14 : 00000000
00000000
00000000
00000000
00000010
00000010
00000000
00000000

15 : 00000000
00000000
00000000
00000000
00000001
00000001
00000000
00000000

16 : 
17 : 
18 : 
19 : 00000000
00000000
00000000
00000000
00010000
00000000
00000000
00000000

20 : 00000000
00000000
00001000
00001000
00001000
00000111
00000000
00000000

21 : 
22 : 
23 : 
24 : 
25 : 
26 : 
27 : 
28 : 
29 : 
30 : 
31 : 
32 : 
33 : 
34 : 
35 : 
36 : 
37 : 
38 : 
39 : 
40 : 
41 : 
42 : 
43 : 
44 : 
45 : 
46 : 
47 : 
48 : 
49 : 
50 : 
51 : 
52 : 
53 : 
54 : 
55 : 
56 : 
57 : 
58 : 
59 : 
60 : 
61 : 
62 : 
63 : 
[49m ABCDEFGH
8[40m [47m♘[40m♗[47m♕[40m♔[47m♗[40m♘[47m♖[49m
7[47m [40m♙[47m♙[40m [47m♙[40m♙[47m♙[40m♙[49m
6[40m [47m [40m [47m♙[40m♖[47m [40m [47m [49m
5[47m♙[40m [47m [40m [47m [40m [47m [40m [49m
4[40m♟[47m [40m [47m [40m [47m [40m [47m [49m
3[47m [40m [47m [40m♟[47m♜[40m [47m [40m [49m
2[40m [47m♟[40m♟[47m [40m♟[47m♟[40m♟[47m♟[49m
1[47m [40m♞[47m♝[40m♛[47m♚[40m♝[47m♞[40m♜[49m
Coup (eg. a1a8) ? move: f2f3
00000000
00000000
00000000
00000000
00000100
00000100
00000000
00000000
Move count :26
0 : 
1 : 
2 : 
3 : 
4 : 
5 : 
6 : 
7 : 
8 : 
9 : 
10 : 
11 : 
12 : 
13 : 
14 : 
15 : 
16 : 
17 : 
18 : 
19 : 
20 : 
21 : 
22 : 
23 : 
24 : 
25 : 
26 : 
27 : 
28 : 
29 : 
30 : 
31 : 
32 : 
33 : 
34 : 
35 : 
36 : 
37 : 
38 : 
39 : 
40 : 
41 : 
42 : 
43 : 00000000
00000000
00000000
00010000
00000000
00000000
00000000
00000000

44 : 00000000
00000000
00000111
00001000
00001000
00001000
00000000
00000000

45 : 
46 : 
47 : 
48 : 
49 : 00000000
00000000
01000000
01000000
00000000
00000000
00000000
00000000

50 : 00000000
00000000
00100000
00100000
00000000
00000000
00000000
00000000

51 : 
52 : 00000000
00000000
00000000
00001000
00000000
00000000
00000000
00000000

53 : 00000000
00000000
00000100
00000100
00000000
00000000
00000000
00000000

54 : 00000000
00000000
00000010
00000010
00000000
00000000
00000000
00000000

55 : 00000000
00000000
00000001
00000001
00000000
00000000
00000000
00000000

56 : 
57 : 00000000
00010000
10100000
00000000
00000000
00000000
00000000
00000000

58 : 00000000
00010000
00000000
00000000
00000000
00000000
00000000
00000000

59 : 00000000
00010000
00000000
00000000
00000000
00000000
00000000
00000000

60 : 00000000
00010000
00000000
00000000
00000000
00000000
00000000
00000000

61 : 
62 : 00000000
00000000
00000101
00000000
00000000
00000000
00000000
00000000

63 : 
[49m ABCDEFGH
8[40m [47m♘[40m♗[47m♕[40m♔[47m♗[40m♘[47m♖[49m
7[47m [40m♙[47m♙[40m [47m♙[40m♙[47m♙[40m♙[49m
6[40m [47m [40m [47m♙[40m♖[47m [40m [47m [49m
5[47m♙[40m [47m [40m [47m [40m [47m [40m [49m
4[40m♟[47m [40m [47m [40m [47m [40m [47m [49m
3[47m [40m [47m [40m♟[47m♜[40m♟[47m [40m [49m
2[40m [47m♟[40m♟[47m [40m♟[47m [40m♟[47m♟[49m
1[47m [40m♞[47m♝[40m♛[47m♚[40m♝[47m♞[40m♜[49m
Coup (eg. a1a8) ? move: f7f6
00000000
00000000
00000100
00000100
00000000
00000000
00000000
00000000
Move count :22
0 : 
1 : 00000000
00000000
00000000
00000000
00000000
10100000
00010000
00000000

2 : 00000000
00000000
00000000
00000000
00000000
00000000
00010000
00000000

3 : 00000000
00000000
00000000
00000000
00000000
00000000
00010000
00000000

4 : 00000000
00000000
00000000
00000000
00000000
00000000
00010100
00000000

5 : 
6 : 00000000
00000000
00000000
00000000
00000000
00000001
00000000
00000000

7 : 
8 : 
9 : 00000000
00000000
00000000
00000000
01000000
01000000
00000000
00000000

10 : 00000000
00000000
00000000
00000000
00100000
00100000
00000000
00000000

11 : 
12 : 00000000
00000000
00000000
00000000
00001000
00000000
00000000
00000000

13 : 
14 : 00000000
00000000
00000000
00000000
00000010
00000010
00000000
00000000

15 : 00000000
00000000
00000000
00000000
00000001
00000001
00000000
00000000

16 : 
17 : 
18 : 
19 : 00000000
00000000
00000000
00000000
00010000
00000000
00000000
00000000

20 : 00000000
00000000
00001000
00001000
00001000
00000000
00000000
00000000

21 : 00000000
00000000
00000000
00000000
00000100
00000000
00000000
00000000

22 : 
23 : 
24 : 
25 : 
26 : 
27 : 
28 : 
29 : 
30 : 
31 : 
32 : 
33 : 
34 : 
35 : 
36 : 
37 : 
38 : 
39 : 
40 : 
41 : 
42 : 
43 : 
44 : 
45 : 
46 : 
47 : 
48 : 
49 : 
50 : 
51 : 
52 : 
53 : 
54 : 
55 : 
56 : 
57 : 
58 : 
59 : 
60 : 
61 : 
62 : 
63 : 
[49m ABCDEFGH
8[40m [47m♘[40m♗[47m♕[40m♔[47m♗[40m♘[47m♖[49m
7[47m [40m♙[47m♙[40m [47m♙[40m [47m♙[40m♙[49m
6[40m [47m [40m [47m♙[40m♖[47m♙[40m [47m [49m
5[47m♙[40m [47m [40m [47m [40m [47m [40m [49m
4[40m♟[47m [40m [47m [40m [47m [40m [47m [49m
3[47m [40m [47m [40m♟[47m♜[40m♟[47m [40m [49m
2[40m [47m♟[40m♟[47m [40m♟[47m [40m♟[47m♟[49m
1[47m [40m♞[47m♝[40m♛[47m♚[40m♝[47m♞[40m♜[49m
Coup (eg. a1a8) ? move: e3c3
00000000
00000000
00001000
00001000
00001000
00000000
00000000
00000000
Illegal move
Coup (eg. a1a8) ? move: e3g3
00000000
00000000
00001000
00001000
00001000
00000000
00000000
00000000
Illegal move
Coup (eg. a1a8) ? move: b2b3
00000000
00000000
00000000
00000000
01000000
01000000
00000000
00000000
Move count :22
0 : 
1 : 
2 : 
3 : 
4 : 
5 : 
6 : 
7 : 
8 : 
9 : 
10 : 
11 : 
12 : 
13 : 
14 : 
15 : 
16 : 
17 : 
18 : 
19 : 
20 : 
21 : 
22 : 
23 : 
24 : 
25 : 
26 : 
27 : 
28 : 
29 : 
30 : 
31 : 
32 : 
33 : 
34 : 
35 : 
36 : 
37 : 
38 : 
39 : 
40 : 
41 : 
42 : 
43 : 00000000
00000000
00000000
00010000
00000000
00000000
00000000
00000000

44 : 00000000
00000000
00000000
00001000
00001000
00001000
00000000
00000000

45 : 00000000
00000000
00000000
00000100
00000000
00000000
00000000
00000000

46 : 
47 : 
48 : 
49 : 00000000
00000000
01000000
01000000
00000000
00000000
00000000
00000000

50 : 00000000
00000000
00100000
00100000
00000000
00000000
00000000
00000000

51 : 
52 : 00000000
00000000
00000000
00001000
00000000
00000000
00000000
00000000

53 : 
54 : 00000000
00000000
00000010
00000010
00000000
00000000
00000000
00000000

55 : 00000000
00000000
00000001
00000001
00000000
00000000
00000000
00000000

56 : 
57 : 00000000
00010000
10100000
00000000
00000000
00000000
00000000
00000000

58 : 00000000
00010000
00000000
00000000
00000000
00000000
00000000
00000000

59 : 00000000
00010000
00000000
00000000
00000000
00000000
00000000
00000000

60 : 00000000
00010100
00000000
00000000
00000000
00000000
00000000
00000000

61 : 
62 : 00000000
00000000
00000001
00000000
00000000
00000000
00000000
00000000

63 : 
[49m ABCDEFGH
8[40m [47m♘[40m♗[47m♕[40m♔[47m♗[40m♘[47m♖[49m
7[47m [40m♙[47m♙[40m [47m♙[40m [47m♙[40m♙[49m
6[40m [47m [40m [47m♙[40m♖[47m♙[40m [47m [49m
5[47m♙[40m [47m [40m [47m [40m [47m [40m [49m
4[40m♟[47m [40m [47m [40m [47m [40m [47m [49m
3[47m [40m♟[47m [40m♟[47m♜[40m♟[47m [40m [49m
2[40m [47m [40m♟[47m [40m♟[47m [40m♟[47m♟[49m
1[47m [40m♞[47m♝[40m♛[47m♚[40m♝[47m♞[40m♜[49m
Coup (eg. a1a8) ? move: e6c6
00000000
00000000
00000000
00001000
00001000
00001000
00000000
00000000
Illegal move
Coup (eg. a1a8) ? move: e6g6
00000000
00000000
00000000
00001000
00001000
00001000
00000000
00000000
Illegal move
Coup (eg. a1a8) ? 
,wN,wB,wQ,wK,wB,wN,wR,,,wP,,wP,,wP,wP,,wP,,wP,wR,wP,,,wP,,,,,,,,bP,,,,,,,,,,,bP,bR,bP,,,,bP,bP,,bP,,bP,bP,,bN,bB,bQ,bK,bB,bN,bR, ?-?
  -> [0;32mreference position: OK[0m
  -> [0;32mreference result: OK[0m
  -> [0m(exit code=0)
[0;33m> data/1-ill-pawn-1.txt[0m
[49m ABCDEFGH
8[40m♖[47m♘[40m♗[47m♕[40m♔[47m♗[40m♘[47m♖[49m
7[47m♙[40m♙[47m♙[40m♙[47m♙[40m♙[47m♙[40m♙[49m
6[40m [47m [40m [47m [40m [47m [40m [47m [49m
5[47m [40m [47m [40m [47m [40m [47m [40m [49m
4[40m [47m [40m [47m [40m [47m [40m [47m [49m
3[47m [40m [47m [40m [47m [40m [47m [40m [49m
2[40m♟[47m♟[40m♟[47m♟[40m♟[47m♟[40m♟[47m♟[49m
1[47m♜[40m♞[47m♝[40m♛[47m♚[40m♝[47m♞[40m♜[49m
Coup (eg. a1a8) ? move: e2e4
00000000
00000000
00000000
00000000
00001000
00001000
00000000
00000000
enpassant
Move count :20
0 : 
1 : 
2 : 
3 : 
4 : 
5 : 
6 : 
7 : 
8 : 
9 : 
10 : 
11 : 
12 : 
13 : 
14 : 
15 : 
16 : 
17 : 
18 : 
19 : 
20 : 
21 : 
22 : 
23 : 
24 : 
25 : 
26 : 
27 : 
28 : 
29 : 
30 : 
31 : 
32 : 
33 : 
34 : 
35 : 
36 : 
37 : 
38 : 
39 : 
40 : 
41 : 
42 : 
43 : 
44 : 
45 : 
46 : 
47 : 
48 : 00000000
00000000
10000000
10000000
00000000
00000000
00000000
00000000

49 : 00000000
00000000
01000000
01000000
00000000
00000000
00000000
00000000

50 : 00000000
00000000
00100000
00100000
00000000
00000000
00000000
00000000

51 : 00000000
00000000
00010000
00010000
00000000
00000000
00000000
00000000

52 : 00000000
00000000
00001000
00001000
00000000
00000000
00000000
00000000

53 : 00000000
00000000
00000100
00000100
00000000
00000000
00000000
00000000

54 : 00000000
00000000
00000010
00000010
00000000
00000000
00000000
00000000

55 : 00000000
00000000
00000001
00000001
00000000
00000000
00000000
00000000

56 : 
57 : 00000000
00000000
10100000
00000000
00000000
00000000
00000000
00000000

58 : 
59 : 
60 : 
61 : 
62 : 00000000
00000000
00000101
00000000
00000000
00000000
00000000
00000000

63 : 
[49m ABCDEFGH
8[40m♖[47m♘[40m♗[47m♕[40m♔[47m♗[40m♘[47m♖[49m
7[47m♙[40m♙[47m♙[40m♙[47m♙[40m♙[47m♙[40m♙[49m
6[40m [47m [40m [47m [40m [47m [40m [47m [49m
5[47m [40m [47m [40m [47m [40m [47m [40m [49m
4[40m [47m [40m [47m [40m♟[47m [40m [47m [49m
3[47m [40m [47m [40m [47m [40m [47m [40m [49m
2[40m♟[47m♟[40m♟[47m♟[40m [47m♟[40m♟[47m♟[49m
1[47m♜[40m♞[47m♝[40m♛[47m♚[40m♝[47m♞[40m♜[49m
Coup (eg. a1a8) ? move: e7e5
00000000
00000000
00001000
00001000
00000000
00000000
00000000
00000000
enpassant
Move count :29
0 : 
1 : 00000000
00000000
00000000
00000000
00000000
10100000
00000000
00000000

2 : 
3 : 00000000
00000000
00000000
00000001
00000010
00000100
00001000
00000000

4 : 00000000
00000000
00000000
00000000
00000000
00000000
00001000
00000000

5 : 00000000
00000000
10000000
01000000
00100000
00010000
00001000
00000000

6 : 00000000
00000000
00000000
00000000
00000000
00000101
00001000
00000000

7 : 
8 : 00000000
00000000
00000000
00000000
10000000
10000000
00000000
00000000

9 : 00000000
00000000
00000000
00000000
01000000
01000000
00000000
00000000

10 : 00000000
00000000
00000000
00000000
00100000
00100000
00000000
00000000

11 : 00000000
00000000
00000000
00000000
00010000
00010000
00000000
00000000

12 : 
13 : 00000000
00000000
00000000
00000000
00000100
00000100
00000000
00000000

14 : 00000000
00000000
00000000
00000000
00000010
00000010
00000000
00000000

15 : 00000000
00000000
00000000
00000000
00000001
00000001
00000000
00000000

16 : 
17 : 
18 : 
19 : 
20 : 
21 : 
22 : 
23 : 
24 : 
25 : 
26 : 
27 : 
28 : 
29 : 
30 : 
31 : 
32 : 
33 : 
34 : 
35 : 
36 : 
37 : 
38 : 
39 : 
40 : 
41 : 
42 : 
43 : 
44 : 
45 : 
46 : 
47 : 
48 : 
49 : 
50 : 
51 : 
52 : 
53 : 
54 : 
55 : 
56 : 
57 : 
58 : 
59 : 
60 : 
61 : 
62 : 
63 : 
[49m ABCDEFGH
8[40m♖[47m♘[40m♗[47m♕[40m♔[47m♗[40m♘[47m♖[49m
7[47m♙[40m♙[47m♙[40m♙[47m [40m♙[47m♙[40m♙[49m
6[40m [47m [40m [47m [40m [47m [40m [47m [49m
5[47m [40m [47m [40m [47m♙[40m [47m [40m [49m
4[40m [47m [40m [47m [40m♟[47m [40m [47m [49m
3[47m [40m [47m [40m [47m [40m [47m [40m [49m
2[40m♟[47m♟[40m♟[47m♟[40m [47m♟[40m♟[47m♟[49m
1[47m♜[40m♞[47m♝[40m♛[47m♚[40m♝[47m♞[40m♜[49m
Coup (eg. a1a8) ? move: e4e5
00000000
00000000
00000000
00000000
00000000
00000000
00000000
00000000
Illegal move
Coup (eg. a1a8) ? move: d2d4
00000000
00000000
00000000
00000000
00010000
00010000
00000000
00000000
enpassant
Move count :30
0 : 
1 : 
2 : 
3 : 
4 : 
5 : 
6 : 
7 : 
8 : 
9 : 
10 : 
11 : 
12 : 
13 : 
14 : 
15 : 
16 : 
17 : 
18 : 
19 : 
20 : 
21 : 
22 : 
23 : 
24 : 
25 : 
26 : 
27 : 
28 : 
29 : 
30 : 
31 : 
32 : 
33 : 
34 : 
35 : 
36 : 00000000
00000000
00000000
00000000
00010000
00000000
00000000
00000000

37 : 
38 : 
39 : 
40 : 
41 : 
42 : 
43 : 
44 : 
45 : 
46 : 
47 : 
48 : 00000000
00000000
10000000
10000000
00000000
00000000
00000000
00000000

49 : 00000000
00000000
01000000
01000000
00000000
00000000
00000000
00000000

50 : 00000000
00000000
00100000
00100000
00000000
00000000
00000000
00000000

51 : 00000000
00000000
00010000
00010000
00000000
00000000
00000000
00000000

52 : 
53 : 00000000
00000000
00000100
00000100
00000000
00000000
00000000
00000000

54 : 00000000
00000000
00000010
00000010
00000000
00000000
00000000
00000000

55 : 00000000
00000000
00000001
00000001
00000000
00000000
00000000
00000000

56 : 
57 : 00000000
00000000
10100000
00000000
00000000
00000000
00000000
00000000

58 : 
59 : 00000000
00001000
00000100
00000010
00000001
00000000
00000000
00000000

60 : 00000000
00001000
00000000
00000000
00000000
00000000
00000000
00000000

61 : 00000000
00001000
00010000
00100000
01000000
10000000
00000000
00000000

62 : 00000000
00001000
00000101
00000000
00000000
00000000
00000000
00000000

63 : 
[49m ABCDEFGH
8[40m♖[47m♘[40m♗[47m♕[40m♔[47m♗[40m♘[47m♖[49m
7[47m♙[40m♙[47m♙[40m♙[47m [40m♙[47m♙[40m♙[49m
6[40m [47m [40m [47m [40m [47m [40m [47m [49m
5[47m [40m [47m [40m [47m♙[40m [47m [40m [49m
4[40m [47m [40m [47m♟[40m♟[47m [40m [47m [49m
3[47m [40m [47m [40m [47m [40m [47m [40m [49m
2[40m♟[47m♟[40m♟[47m [40m [47m♟[40m♟[47m♟[49m
1[47m♜[40m♞[47m♝[40m♛[47m♚[40m♝[47m♞[40m♜[49m
Coup (eg. a1a8) ? move: e5f4
00000000
00000000
00000000
00000000
00010000
00000000
00000000
00000000
Illegal move
Coup (eg. a1a8) ? move: f7f5
00000000
00000000
00000100
00000100
00000000
00000000
00000000
00000000
enpassant
Move count :39
0 : 
1 : 00000000
00000000
00000000
00000000
00000000
10100000
00010000
00000000

2 : 00000000
00000000
00000001
00000010
00000100
00001000
00010000
00000000

3 : 00000000
00000000
00000000
00000001
00000010
00010100
00011000
00000000

4 : 00000000
00000000
00000000
00000000
00000000
00000000
00011000
00000000

5 : 00000000
00000000
10000000
01000000
00100000
00010000
00001000
00000000

6 : 00000000
00000000
00000000
00000000
00000000
00000101
00001000
00000000

7 : 
8 : 00000000
00000000
00000000
00000000
10000000
10000000
00000000
00000000

9 : 00000000
00000000
00000000
00000000
01000000
01000000
00000000
00000000

10 : 00000000
00000000
00000000
00000000
00100000
00100000
00000000
00000000

11 : 
12 : 
13 : 00000000
00000000
00000000
00000000
00000100
00000100
00000000
00000000

14 : 00000000
00000000
00000000
00000000
00000010
00000010
00000000
00000000

15 : 00000000
00000000
00000000
00000000
00000001
00000001
00000000
00000000

16 : 
17 : 
18 : 
19 : 
20 : 
21 : 
22 : 
23 : 
24 : 
25 : 
26 : 
27 : 00000000
00000000
00000000
00011000
00000000
00000000
00000000
00000000

28 : 00000000
00000000
00000000
00000100
00000000
00000000
00000000
00000000

29 : 
30 : 
31 : 
32 : 
33 : 
34 : 
35 : 
36 : 
37 : 
38 : 
39 : 
40 : 
41 : 
42 : 
43 : 
44 : 
45 : 
46 : 
47 : 
48 : 
49 : 
50 : 
51 : 
52 : 
53 : 
54 : 
55 : 
56 : 
57 : 
58 : 
59 : 
60 : 
61 : 
62 : 
63 : 
[49m ABCDEFGH
8[40m♖[47m♘[40m♗[47m♕[40m♔[47m♗[40m♘[47m♖[49m
7[47m♙[40m♙[47m♙[40m♙[47m [40m [47m♙[40m♙[49m
6[40m [47m [40m [47m [40m [47m [40m [47m [49m
5[47m [40m [47m [40m [47m♙[40m♙[47m [40m [49m
4[40m [47m [40m [47m♟[40m♟[47m [40m [47m [49m
3[47m [40m [47m [40m [47m [40m [47m [40m [49m
2[40m♟[47m♟[40m♟[47m [40m [47m♟[40m♟[47m♟[49m
1[47m♜[40m♞[47m♝[40m♛[47m♚[40m♝[47m♞[40m♜[49m
Coup (eg. a1a8) ? move: f2f1
00000000
00000000
00000000
00000000
00000100
00000100
00000000
00000000
Illegal move
Coup (eg. a1a8) ? move: f1a6
00000000
00000000
10000000
01000000
00100000
00010000
00001000
00000000
Move count :31
0 : 
1 : 
2 : 
3 : 
4 : 
5 : 
6 : 
7 : 
8 : 
9 : 
10 : 
11 : 
12 : 
13 : 
14 : 
15 : 
16 : 
17 : 
18 : 
19 : 
20 : 
21 : 
22 : 
23 : 
24 : 
25 : 
26 : 
27 : 
28 : 
29 : 
30 : 
31 : 
32 : 
33 : 
34 : 
35 : 
36 : 00000000
00000000
00000000
00000000
00010000
00000000
00000000
00000000

37 : 00000000
00000000
00000000
00000000
00001100
00000000
00000000
00000000

38 : 
39 : 
40 : 
41 : 
42 : 
43 : 
44 : 
45 : 
46 : 
47 : 
48 : 00000000
00000000
00000000
10000000
00000000
00000000
00000000
00000000

49 : 00000000
00000000
11000000
01000000
00000000
00000000
00000000
00000000

50 : 00000000
00000000
00100000
00100000
00000000
00000000
00000000
00000000

51 : 00000000
00000000
00010000
00010000
00000000
00000000
00000000
00000000

52 : 
53 : 
54 : 00000000
00000000
00000010
00000010
00000000
00000000
00000000
00000000

55 : 00000000
00000000
00000001
00000001
00000000
00000000
00000000
00000000

56 : 
57 : 00000000
00000000
10100000
00000000
00000000
00000000
00000000
00000000

58 : 
59 : 00000000
00001000
00000100
00000010
00000001
00000000
00000000
00000000

60 : 00000000
00001100
00000000
00000000
00000000
00000000
00000000
00000000

61 : 00000000
00001000
00010000
00100000
01000000
10000000
00000000
00000000

62 : 00000000
00001000
00000101
00000000
00000000
00000000
00000000
00000000

63 : 
[49m ABCDEFGH
8[40m♖[47m♘[40m♗[47m♕[40m♔[47m♗[40m♘[47m♖[49m
7[47m♙[40m♙[47m♙[40m♙[47m [40m [47m♙[40m♙[49m
6[40m♝[47m [40m [47m [40m [47m [40m [47m [49m
5[47m [40m [47m [40m [47m♙[40m♙[47m [40m [49m
4[40m [47m [40m [47m♟[40m♟[47m [40m [47m [49m
3[47m [40m [47m [40m [47m [40m [47m [40m [49m
2[40m♟[47m♟[40m♟[47m [40m [47m♟[40m♟[47m♟[49m
1[47m♜[40m♞[47m♝[40m♛[47m♚[40m [47m♞[40m♜[49m
Coup (eg. a1a8) ? move: a7a6
00000000
00000000
00000000
10000000
00000000
00000000
00000000
00000000
Illegal move
Coup (eg. a1a8) ? move: a7b6
00000000
00000000
00000000
10000000
00000000
00000000
00000000
00000000
Illegal move
Coup (eg. a1a8) ? move: b7a6
00000000
00000000
11000000
01000000
00000000
00000000
00000000
00000000
Move count :35
0 : 
1 : 00000000
00000000
00000000
00000000
00000000
10100000
00010000
00000000

2 : 00000000
00000000
00000001
00000010
00000100
00001000
00010000
00000000

3 : 00000000
00000000
00000000
00000001
00000010
00010100
00011000
00000000

4 : 00000000
00000000
00000000
00000000
00000000
00000000
00011000
00000100

5 : 
6 : 00000000
00000000
00000000
00000000
00000000
00000101
00001000
00000000

7 : 
8 : 00000000
00000000
00000000
00000000
10000000
10000000
00000000
00000000

9 : 00000000
00000000
00000000
00000000
01000000
01000000
00000000
00000000

10 : 00000000
00000000
00000000
00000000
00100000
00100000
00000000
00000000

11 : 
12 : 
13 : 00000000
00000000
00000000
00000000
00000100
00000100
00000000
00000000

14 : 00000000
00000000
00000000
00000000
00000010
00000010
00000000
00000000

15 : 00000000
00000000
00000000
00000000
00000001
00000001
00000000
00000000

16 : 
17 : 
18 : 
19 : 
20 : 
21 : 
22 : 
23 : 
24 : 
25 : 
26 : 
27 : 00000000
00000000
00000000
00011000
00000000
00000000
00000000
00000000

28 : 00000000
00000000
00000000
00000100
00000000
00000000
00000000
00000000

29 : 
30 : 
31 : 
32 : 
33 : 
34 : 
35 : 
36 : 
37 : 
38 : 
39 : 
40 : 
41 : 
42 : 
43 : 
44 : 
45 : 
46 : 
47 : 
48 : 
49 : 
50 : 
51 : 
52 : 
53 : 
54 : 
55 : 
56 : 
57 : 
58 : 
59 : 
60 : 
61 : 
62 : 
63 : 
[49m ABCDEFGH
8[40m♖[47m♘[40m♗[47m♕[40m♔[47m♗[40m♘[47m♖[49m
7[47m♙[40m [47m♙[40m♙[47m [40m [47m♙[40m♙[49m
6[40m♙[47m [40m [47m [40m [47m [40m [47m [49m
5[47m [40m [47m [40m [47m♙[40m♙[47m [40m [49m
4[40m [47m [40m [47m♟[40m♟[47m [40m [47m [49m
3[47m [40m [47m [40m [47m [40m [47m [40m [49m
2[40m♟[47m♟[40m♟[47m [40m [47m♟[40m♟[47m♟[49m
1[47m♜[40m♞[47m♝[40m♛[47m♚[40m [47m♞[40m♜[49m
Coup (eg. a1a8) ? move: d4d5
00000000
00000000
00000000
00011000
00000000
00000000
00000000
00000000
Move count :27
0 : 
1 : 
2 : 
3 : 
4 : 
5 : 
6 : 
7 : 
8 : 
9 : 
10 : 
11 : 
12 : 
13 : 
14 : 
15 : 
16 : 
17 : 
18 : 
19 : 
20 : 
21 : 
22 : 
23 : 
24 : 
25 : 
26 : 
27 : 
28 : 
29 : 
30 : 
31 : 
32 : 
33 : 
34 : 
35 : 
36 : 
37 : 00000000
00000000
00000000
00000000
00001100
00000000
00000000
00000000

38 : 
39 : 
40 : 00000000
00000000
00000000
10000000
00000000
00000000
00000000
00000000

41 : 
42 : 
43 : 
44 : 
45 : 
46 : 
47 : 
48 : 00000000
00000000
00000000
10000000
00000000
00000000
00000000
00000000

49 : 
50 : 00000000
00000000
00100000
00100000
00000000
00000000
00000000
00000000

51 : 00000000
00000000
00010000
00000000
00000000
00000000
00000000
00000000

52 : 
53 : 
54 : 00000000
00000000
00000010
00000010
00000000
00000000
00000000
00000000

55 : 00000000
00000000
00000001
00000001
00000000
00000000
00000000
00000000

56 : 
57 : 00000000
00000000
00100000
00000000
00000000
00000000
00000000
00000000

58 : 00000000
01000000
00000000
00000000
00000000
00000000
00000000
00000000

59 : 00000000
00001000
00000100
00000010
00000001
00000000
00000000
00000000

60 : 00000000
00001100
00000000
00000000
00000000
00000000
00000000
00000000

61 : 00000000
00001000
00010000
00100000
01000000
10000000
00000000
00000000

62 : 00000000
00001000
00000101
00000000
00000000
00000000
00000000
00000000

63 : 
[49m ABCDEFGH
8[40m♖[47m♘[40m♗[47m♕[40m♔[47m♗[40m♘[47m♖[49m
7[47m♙[40m [47m♙[40m♙[47m [40m [47m♙[40m♙[49m
6[40m♙[47m [40m [47m [40m [47m [40m [47m [49m
5[47m [40m [47m [40m♟[47m♙[40m♙[47m [40m [49m
4[40m [47m [40m [47m [40m♟[47m [40m [47m [49m
3[47m [40m [47m [40m [47m [40m [47m [40m [49m
2[40m♟[47m♟[40m♟[47m [40m [47m♟[40m♟[47m♟[49m
1[47m♜[40m♞[47m♝[40m♛[47m♚[40m [47m♞[40m♜[49m
Coup (eg. a1a8) ? move: a7a6
00000000
00000000
00000000
10000000
00000000
00000000
00000000
00000000
Illegal move
Coup (eg. a1a8) ? move: c7c5
00000000
00000000
00100000
00100000
00000000
00000000
00000000
00000000
enpassant
00000000
00000000
00000000
00010000
00000000
00000000
00000000
00000000
00000000
00000000
00000000
00100000
00000000
00000000
00000000
00000000
Move count :36
0 : 
1 : 00000000
00000000
00000000
00000000
00000000
10100000
00010000
00000000

2 : 00000000
00000000
00000001
00000010
00000100
00001000
00010000
00000000

3 : 00000000
00000000
00000000
00000001
00010010
00010100
00011000
00000000

4 : 00000000
00000000
00000000
00000000
00000000
00000000
00011000
00000100

5 : 
6 : 00000000
00000000
00000000
00000000
00000000
00000101
00001000
00000000

7 : 
8 : 00000000
00000000
00000000
00000000
10000000
10000000
00000000
00000000

9 : 00000000
00000000
00000000
00000000
01000000
01000000
00000000
00000000

10 : 00000000
00000000
00000000
00000000
00100000
00100000
00000000
00000000

11 : 
12 : 
13 : 00000000
00000000
00000000
00000000
00000100
00000100
00000000
00000000

14 : 00000000
00000000
00000000
00000000
00000010
00000010
00000000
00000000

15 : 00000000
00000000
00000000
00000000
00000001
00000001
00000000
00000000

16 : 
17 : 
18 : 
19 : 
20 : 
21 : 
22 : 
23 : 
24 : 
25 : 
26 : 
27 : 
28 : 00000000
00000000
00000000
00000100
00000000
00000000
00000000
00000000

29 : 
30 : 
31 : 
32 : 
33 : 
34 : 
35 : 00000000
00000000
00110000
00000000
00000000
00000000
00000000
00000000

36 : 
37 : 
38 : 
39 : 
40 : 
41 : 
42 : 
43 : 
44 : 
45 : 
46 : 
47 : 
48 : 
49 : 
50 : 
51 : 
52 : 
53 : 
54 : 
55 : 
56 : 
57 : 
58 : 
59 : 
60 : 
61 : 
62 : 
63 : 
[49m ABCDEFGH
8[40m♖[47m♘[40m♗[47m♕[40m♔[47m♗[40m♘[47m♖[49m
7[47m♙[40m [47m [40m♙[47m [40m [47m♙[40m♙[49m
6[40m♙[47m [40m [47m [40m [47m [40m [47m [49m
5[47m [40m [47m♙[40m♟[47m♙[40m♙[47m [40m [49m
4[40m [47m [40m [47m [40m♟[47m [40m [47m [49m
3[47m [40m [47m [40m [47m [40m [47m [40m [49m
2[40m♟[47m♟[40m♟[47m [40m [47m♟[40m♟[47m♟[49m
1[47m♜[40m♞[47m♝[40m♛[47m♚[40m [47m♞[40m♜[49m
Coup (eg. a1a8) ? 
wR,wN,wB,wQ,wK,,wN,wR,wP,wP,wP,,,wP,wP,wP,,,,,,,,,,,,,wP,,,,,,bP,wP,bP,bP,,,bP,,,,,,,,bP,,,bP,,,bP,bP,bR,bN,bB,bQ,bK,bB,bN,bR, ?-?
  -> [0;32mreference position: OK[0m
  -> [0;32mreference result: OK[0m
  -> [0m(exit code=0)
[0;33m> data/1-ill-rook-1.txt[0m
[49m ABCDEFGH
8[40m♖[47m♘[40m♗[47m♕[40m♔[47m♗[40m♘[47m♖[49m
7[47m♙[40m♙[47m♙[40m♙[47m♙[40m♙[47m♙[40m♙[49m
6[40m [47m [40m [47m [40m [47m [40m [47m [49m
5[47m [40m [47m [40m [47m [40m [47m [40m [49m
4[40m [47m [40m [47m [40m [47m [40m [47m [49m
3[47m [40m [47m [40m [47m [40m [47m [40m [49m
2[40m♟[47m♟[40m♟[47m♟[40m♟[47m♟[40m♟[47m♟[49m
1[47m♜[40m♞[47m♝[40m♛[47m♚[40m♝[47m♞[40m♜[49m
Coup (eg. a1a8) ? move: a1a2
00000000
00000000
00000000
00000000
00000000
00000000
00000000
00000000
Illegal move
Coup (eg. a1a8) ? move: a2a4
00000000
00000000
00000000
00000000
10000000
10000000
00000000
00000000
enpassant
Move count :20
0 : 
1 : 
2 : 
3 : 
4 : 
5 : 
6 : 
7 : 
8 : 
9 : 
10 : 
11 : 
12 : 
13 : 
14 : 
15 : 
16 : 
17 : 
18 : 
19 : 
20 : 
21 : 
22 : 
23 : 
24 : 
25 : 
26 : 
27 : 
28 : 
29 : 
30 : 
31 : 
32 : 
33 : 
34 : 
35 : 
36 : 
37 : 
38 : 
39 : 
40 : 
41 : 
42 : 
43 : 
44 : 
45 : 
46 : 
47 : 
48 : 00000000
00000000
10000000
10000000
00000000
00000000
00000000
00000000

49 : 00000000
00000000
01000000
01000000
00000000
00000000
00000000
00000000

50 : 00000000
00000000
00100000
00100000
00000000
00000000
00000000
00000000

51 : 00000000
00000000
00010000
00010000
00000000
00000000
00000000
00000000

52 : 00000000
00000000
00001000
00001000
00000000
00000000
00000000
00000000

53 : 00000000
00000000
00000100
00000100
00000000
00000000
00000000
00000000

54 : 00000000
00000000
00000010
00000010
00000000
00000000
00000000
00000000

55 : 00000000
00000000
00000001
00000001
00000000
00000000
00000000
00000000

56 : 
57 : 00000000
00000000
10100000
00000000
00000000
00000000
00000000
00000000

58 : 
59 : 
60 : 
61 : 
62 : 00000000
00000000
00000101
00000000
00000000
00000000
00000000
00000000

63 : 
[49m ABCDEFGH
8[40m♖[47m♘[40m♗[47m♕[40m♔[47m♗[40m♘[47m♖[49m
7[47m♙[40m♙[47m♙[40m♙[47m♙[40m♙[47m♙[40m♙[49m
6[40m [47m [40m [47m [40m [47m [40m [47m [49m
5[47m [40m [47m [40m [47m [40m [47m [40m [49m
4[40m♟[47m [40m [47m [40m [47m [40m [47m [49m
3[47m [40m [47m [40m [47m [40m [47m [40m [49m
2[40m [47m♟[40m♟[47m♟[40m♟[47m♟[40m♟[47m♟[49m
1[47m♜[40m♞[47m♝[40m♛[47m♚[40m♝[47m♞[40m♜[49m
Coup (eg. a1a8) ? move: a8a5
00000000
00000000
00000000
00000000
00000000
00000000
00000000
00000000
Illegal move
Coup (eg. a1a8) ? move: b7b5
00000000
00000000
01000000
01000000
00000000
00000000
00000000
00000000
enpassant
Move count :22
0 : 00000000
00000000
00000000
00000000
00000000
10000000
10000000
00000000

1 : 00000000
00000000
00000000
00000000
00000000
10100000
00000000
00000000

2 : 
3 : 
4 : 
5 : 
6 : 00000000
00000000
00000000
00000000
00000000
00000101
00000000
00000000

7 : 
8 : 
9 : 00000000
00000000
00000000
00000000
01000000
01000000
00000000
00000000

10 : 00000000
00000000
00000000
00000000
00100000
00100000
00000000
00000000

11 : 00000000
00000000
00000000
00000000
00010000
00010000
00000000
00000000

12 : 00000000
00000000
00000000
00000000
00001000
00001000
00000000
00000000

13 : 00000000
00000000
00000000
00000000
00000100
00000100
00000000
00000000

14 : 00000000
00000000
00000000
00000000
00000010
00000010
00000000
00000000

15 : 00000000
00000000
00000000
00000000
00000001
00000001
00000000
00000000

16 : 
17 : 
18 : 
19 : 
20 : 
21 : 
22 : 
23 : 
24 : 00000000
00000000
00000000
11000000
00000000
00000000
00000000
00000000

25 : 
26 : 
27 : 
28 : 
29 : 
30 : 
31 : 
32 : 
33 : 
34 : 
35 : 
36 : 
37 : 
38 : 
39 : 
40 : 
41 : 
42 : 
43 : 
44 : 
45 : 
46 : 
47 : 
48 : 
49 : 
50 : 
51 : 
52 : 
53 : 
54 : 
55 : 
56 : 
57 : 
58 : 
59 : 
60 : 
61 : 
62 : 
63 : 
[49m ABCDEFGH
8[40m♖[47m♘[40m♗[47m♕[40m♔[47m♗[40m♘[47m♖[49m
7[47m♙[40m [47m♙[40m♙[47m♙[40m♙[47m♙[40m♙[49m
6[40m [47m [40m [47m [40m [47m [40m [47m [49m
5[47m [40m♙[47m [40m [47m [40m [47m [40m [49m
4[40m♟[47m [40m [47m [40m [47m [40m [47m [49m
3[47m [40m [47m [40m [47m [40m [47m [40m [49m
2[40m [47m♟[40m♟[47m♟[40m♟[47m♟[40m♟[47m♟[49m
1[47m♜[40m♞[47m♝[40m♛[47m♚[40m♝[47m♞[40m♜[49m
Coup (eg. a1a8) ? move: a4b5
00000000
00000000
00000000
11000000
00000000
00000000
00000000
00000000
Move count :20
0 : 
1 : 
2 : 
3 : 
4 : 
5 : 
6 : 
7 : 
8 : 
9 : 
10 : 
11 : 
12 : 
13 : 
14 : 
15 : 
16 : 
17 : 
18 : 
19 : 
20 : 
21 : 
22 : 
23 : 
24 : 
25 : 
26 : 
27 : 
28 : 
29 : 
30 : 
31 : 
32 : 
33 : 
34 : 
35 : 
36 : 
37 : 
38 : 
39 : 
40 : 
41 : 
42 : 
43 : 
44 : 
45 : 
46 : 
47 : 
48 : 00000000
00000000
10000000
10000000
00000000
00000000
00000000
00000000

49 : 
50 : 00000000
00000000
00100000
00100000
00000000
00000000
00000000
00000000

51 : 00000000
00000000
00010000
00010000
00000000
00000000
00000000
00000000

52 : 00000000
00000000
00001000
00001000
00000000
00000000
00000000
00000000

53 : 00000000
00000000
00000100
00000100
00000000
00000000
00000000
00000000

54 : 00000000
00000000
00000010
00000010
00000000
00000000
00000000
00000000

55 : 00000000
00000000
00000001
00000001
00000000
00000000
00000000
00000000

56 : 
57 : 00000000
00000000
10100000
00000000
00000000
00000000
00000000
00000000

58 : 00000000
01000000
10000000
00000000
00000000
00000000
00000000
00000000

59 : 
60 : 
61 : 
62 : 00000000
00000000
00000101
00000000
00000000
00000000
00000000
00000000

63 : 
[49m ABCDEFGH
8[40m♖[47m♘[40m♗[47m♕[40m♔[47m♗[40m♘[47m♖[49m
7[47m♙[40m [47m♙[40m♙[47m♙[40m♙[47m♙[40m♙[49m
6[40m [47m [40m [47m [40m [47m [40m [47m [49m
5[47m [40m♟[47m [40m [47m [40m [47m [40m [49m
4[40m [47m [40m [47m [40m [47m [40m [47m [49m
3[47m [40m [47m [40m [47m [40m [47m [40m [49m
2[40m [47m♟[40m♟[47m♟[40m♟[47m♟[40m♟[47m♟[49m
1[47m♜[40m♞[47m♝[40m♛[47m♚[40m♝[47m♞[40m♜[49m
Coup (eg. a1a8) ? move: a7a5
00000000
00000000
10000000
10000000
00000000
00000000
00000000
00000000
enpassant
Move count :24
0 : 00000000
00000000
00000000
10000000
10000000
10000000
10000000
00000000

1 : 00000000
00000000
00000000
00000000
00000000
10100000
00000000
00000000

2 : 
3 : 
4 : 
5 : 
6 : 00000000
00000000
00000000
00000000
00000000
00000101
00000000
00000000

7 : 
8 : 
9 : 00000000
00000000
00000000
00000000
01000000
01000000
00000000
00000000

10 : 00000000
00000000
00000000
00000000
00100000
00100000
00000000
00000000

11 : 00000000
00000000
00000000
00000000
00010000
00010000
00000000
00000000

12 : 00000000
00000000
00000000
00000000
00001000
00001000
00000000
00000000

13 : 00000000
00000000
00000000
00000000
00000100
00000100
00000000
00000000

14 : 00000000
00000000
00000000
00000000
00000010
00000010
00000000
00000000

15 : 00000000
00000000
00000000
00000000
00000001
00000001
00000000
00000000

16 : 
17 : 
18 : 
19 : 
20 : 
21 : 
22 : 
23 : 
24 : 
25 : 
26 : 
27 : 
28 : 
29 : 
30 : 
31 : 
32 : 
33 : 00000000
00000000
11000000
00000000
00000000
00000000
00000000
00000000

34 : 
35 : 
36 : 
37 : 
38 : 
39 : 
40 : 
41 : 
42 : 
43 : 
44 : 
45 : 
46 : 
47 : 
48 : 
49 : 
50 : 
51 : 
52 : 
53 : 
54 : 
55 : 
56 : 
57 : 
58 : 
59 : 
60 : 
61 : 
62 : 
63 : 
[49m ABCDEFGH
8[40m♖[47m♘[40m♗[47m♕[40m♔[47m♗[40m♘[47m♖[49m
7[47m [40m [47m♙[40m♙[47m♙[40m♙[47m♙[40m♙[49m
6[40m [47m [40m [47m [40m [47m [40m [47m [49m
5[47m♙[40m♟[47m [40m [47m [40m [47m [40m [49m
4[40m [47m [40m [47m [40m [47m [40m [47m [49m
3[47m [40m [47m [40m [47m [40m [47m [40m [49m
2[40m [47m♟[40m♟[47m♟[40m♟[47m♟[40m♟[47m♟[49m
1[47m♜[40m♞[47m♝[40m♛[47m♚[40m♝[47m♞[40m♜[49m
Coup (eg. a1a8) ? move: a1b4
00000000
00000000
00000000
10000000
10000000
10000000
10000000
00000000
Illegal move
Coup (eg. a1a8) ? move: a1a4
00000000
00000000
00000000
10000000
10000000
10000000
10000000
00000000
Move count :20
0 : 
1 : 
2 : 
3 : 
4 : 
5 : 
6 : 
7 : 
8 : 
9 : 
10 : 
11 : 
12 : 
13 : 
14 : 
15 : 
16 : 
17 : 
18 : 
19 : 
20 : 
21 : 
22 : 
23 : 
24 : 
25 : 
26 : 
27 : 
28 : 
29 : 
30 : 
31 : 
32 : 
33 : 
34 : 
35 : 
36 : 
37 : 
38 : 
39 : 
40 : 
41 : 
42 : 
43 : 
44 : 
45 : 
46 : 
47 : 
48 : 
49 : 
50 : 00000000
00000000
00100000
00100000
00000000
00000000
00000000
00000000

51 : 00000000
00000000
00010000
00010000
00000000
00000000
00000000
00000000

52 : 00000000
00000000
00001000
00001000
00000000
00000000
00000000
00000000

53 : 00000000
00000000
00000100
00000100
00000000
00000000
00000000
00000000

54 : 00000000
00000000
00000010
00000010
00000000
00000000
00000000
00000000

55 : 00000000
00000000
00000001
00000001
00000000
00000000
00000000
00000000

56 : 00000000
10000000
10000000
00000000
00000000
00000000
00000000
00000000

57 : 00000000
00000000
10100000
00000000
00000000
00000000
00000000
00000000

58 : 00000000
01000000
10000000
00000000
00000000
00000000
00000000
00000000

59 : 
60 : 
61 : 
62 : 00000000
00000000
00000101
00000000
00000000
00000000
00000000
00000000

63 : 
[49m ABCDEFGH
8[40m♖[47m♘[40m♗[47m♕[40m♔[47m♗[40m♘[47m♖[49m
7[47m [40m [47m♙[40m♙[47m♙[40m♙[47m♙[40m♙[49m
6[40m [47m [40m [47m [40m [47m [40m [47m [49m
5[47m♙[40m♟[47m [40m [47m [40m [47m [40m [49m
4[40m♜[47m [40m [47m [40m [47m [40m [47m [49m
3[47m [40m [47m [40m [47m [40m [47m [40m [49m
2[40m [47m♟[40m♟[47m♟[40m♟[47m♟[40m♟[47m♟[49m
1[47m [40m♞[47m♝[40m♛[47m♚[40m♝[47m♞[40m♜[49m
Coup (eg. a1a8) ? move: a8b8
00000000
10000000
10000000
00000000
00000000
00000000
00000000
00000000
Illegal move
Coup (eg. a1a8) ? move: a8a7
00000000
10000000
10000000
00000000
00000000
00000000
00000000
00000000
Move count :30
0 : 
1 : 00000000
00000000
00000000
00000000
00000000
10100000
00000000
00000000

2 : 
3 : 
4 : 
5 : 
6 : 00000000
00000000
00000000
00000000
00000000
00000101
00000000
00000000

7 : 
8 : 
9 : 00000000
00000000
00000000
00000000
01000000
01000000
00000000
00000000

10 : 00000000
00000000
00000000
00000000
00100000
00100000
00000000
00000000

11 : 00000000
00000000
00000000
00000000
00010000
00010000
00000000
00000000

12 : 00000000
00000000
00000000
00000000
00001000
00001000
00000000
00000000

13 : 00000000
00000000
00000000
00000000
00000100
00000100
00000000
00000000

14 : 00000000
00000000
00000000
00000000
00000010
00000010
00000000
00000000

15 : 00000000
00000000
00000000
00000000
00000001
00000001
00000000
00000000

16 : 
17 : 
18 : 
19 : 
20 : 
21 : 
22 : 
23 : 
24 : 00000000
00000000
00000000
10000000
01111111
10000000
10000000
10000000

25 : 
26 : 
27 : 
28 : 
29 : 
30 : 
31 : 
32 : 
33 : 00000000
00000000
01000000
00000000
00000000
00000000
00000000
00000000

34 : 
35 : 
36 : 
37 : 
38 : 
39 : 
40 : 
41 : 
42 : 
43 : 
44 : 
45 : 
46 : 
47 : 
48 : 
49 : 
50 : 
51 : 
52 : 
53 : 
54 : 
55 : 
56 : 
57 : 
58 : 
59 : 
60 : 
61 : 
62 : 
63 : 
[49m ABCDEFGH
8[40m [47m♘[40m♗[47m♕[40m♔[47m♗[40m♘[47m♖[49m
7[47m♖[40m [47m♙[40m♙[47m♙[40m♙[47m♙[40m♙[49m
6[40m [47m [40m [47m [40m [47m [40m [47m [49m
5[47m♙[40m♟[47m [40m [47m [40m [47m [40m [49m
4[40m♜[47m [40m [47m [40m [47m [40m [47m [49m
3[47m [40m [47m [40m [47m [40m [47m [40m [49m
2[40m [47m♟[40m♟[47m♟[40m♟[47m♟[40m♟[47m♟[49m
1[47m [40m♞[47m♝[40m♛[47m♚[40m♝[47m♞[40m♜[49m
Coup (eg. a1a8) ? move: a4f4
00000000
00000000
00000000
10000000
01111111
10000000
10000000
10000000
Move count :22
0 : 
1 : 
2 : 
3 : 
4 : 
5 : 
6 : 
7 : 
8 : 
9 : 
10 : 
11 : 
12 : 
13 : 
14 : 
15 : 
16 : 
17 : 
18 : 
19 : 
20 : 
21 : 
22 : 
23 : 
24 : 
25 : 
26 : 
27 : 
28 : 
29 : 
30 : 
31 : 
32 : 00000000
00000000
00000000
00000000
10000000
00000000
00000000
00000000

33 : 
34 : 
35 : 
36 : 
37 : 
38 : 
39 : 
40 : 
41 : 
42 : 
43 : 
44 : 
45 : 
46 : 
47 : 
48 : 10000000
01000000
10000000
00000000
00000000
00000000
00000000
00000000

49 : 
50 : 00000000
00000000
00100000
00100000
00000000
00000000
00000000
00000000

51 : 00000000
00000000
00010000
00010000
00000000
00000000
00000000
00000000

52 : 00000000
00000000
00001000
00001000
00000000
00000000
00000000
00000000

53 : 00000000
00000000
00000100
00000100
00000000
00000000
00000000
00000000

54 : 00000000
00000000
00000010
00000010
00000000
00000000
00000000
00000000

55 : 00000000
00000000
00000001
00000001
00000000
00000000
00000000
00000000

56 : 
57 : 00000000
00000000
10100000
00000000
00000000
00000000
00000000
00000000

58 : 00000000
01000000
10000000
00000000
00000000
00000000
00000000
00000000

59 : 
60 : 
61 : 
62 : 00000000
00000000
00000101
00000000
00000000
00000000
00000000
00000000

63 : 
[49m ABCDEFGH
8[40m [47m♘[40m♗[47m♕[40m♔[47m♗[40m♘[47m♖[49m
7[47m♖[40m [47m♙[40m♙[47m♙[40m♙[47m♙[40m♙[49m
6[40m [47m [40m [47m [40m [47m [40m [47m [49m
5[47m♙[40m♟[47m [40m [47m [40m [47m [40m [49m
4[40m [47m [40m [47m [40m [47m♜[40m [47m [49m
3[47m [40m [47m [40m [47m [40m [47m [40m [49m
2[40m [47m♟[40m♟[47m♟[40m♟[47m♟[40m♟[47m♟[49m
1[47m [40m♞[47m♝[40m♛[47m♚[40m♝[47m♞[40m♜[49m
Coup (eg. a1a8) ? 
,wN,wB,wQ,wK,wB,wN,wR,,wP,wP,wP,wP,wP,wP,wP,,,,,,,,,,,,,,wR,,,bP,wP,,,,,,,,,,,,,,,bR,,bP,bP,bP,bP,bP,bP,,bN,bB,bQ,bK,bB,bN,bR, ?-?
  -> [0;32mreference position: OK[0m
  -> [0;32mreference result: OK[0m
  -> [0m(exit code=0)
